parsed 130 topic files, 1403 mermaid diagrams
cite-check: 21 warning(s)
  ! agentbox/01-nix-flake-composition.md:AB-01.1 — ../project/agentbox/flake.nix:652 is blank
  ! agentbox/01-nix-flake-composition.md:AB-01.9 — ../project/agentbox/flake.nix:3723 is punctuation only ('};')
  ! agentbox/01-nix-flake-composition.md:AB-01.9 — ../project/agentbox/flake.nix:3702 is punctuation only ('];')
  ! agentbox/01-nix-flake-composition.md:AB-01.10 — ../project/agentbox/flake.nix:652 is blank
  ! agentbox/03-management-api-request-lifecycle.md:AB-03.11 — ../project/agentbox/management-api/routes/broker-bridge.js:776 is punctuation only ('}')
  ! agentbox/08-hooks-pipeline.md:AB-08.1 — ../project/agentbox/config/entrypoint-unified.sh:1197 is blank
  ! agentbox/08-hooks-pipeline.md:AB-08.5 — ../project/agentbox/config/hooks/nostr-live-mirror.cjs:374 is blank
  ! agentbox/08-hooks-pipeline.md:AB-08.6 — ../project/agentbox/config/hooks/nostr-live-mirror.cjs:374 is blank
  ! agentbox/08-hooks-pipeline.md:AB-08.7 — ../project/agentbox/config/hooks/nostr-live-mirror.cjs:374 is blank
  ! agentbox/08-hooks-pipeline.md:AB-08.9 — ../project/agentbox/config/hooks/nostr-live-mirror.cjs:374 is blank
  ! agentbox/08-hooks-pipeline.md:AB-08.9 — ../project/agentbox/config/hooks/nostr-live-mirror.cjs:110 is blank
  ! agentbox/08-hooks-pipeline.md:AB-08.9 — ../project/agentbox/config/hooks/nostr-live-mirror.cjs:388 is punctuation only ('});')
  ! agentbox/08-hooks-pipeline.md:AB-08.9 — ../project/agentbox/config/hooks/nostr-live-mirror.cjs:395 is blank
  ! agentbox/08-hooks-pipeline.md:AB-08.9 — ../project/agentbox/config/hooks/nostr-live-mirror.cjs:425 is punctuation only ('}')
  ! agentbox/08-hooks-pipeline.md:AB-08.9 — ../project/agentbox/config/hooks/nostr-live-mirror.cjs:433 is blank
  ! agentbox/08-hooks-pipeline.md:AB-08.9 — ../project/agentbox/config/hooks/nostr-live-mirror.cjs:450 is blank
  ! agentbox/08-hooks-pipeline.md:AB-08.9 — ../project/agentbox/config/hooks/nostr-live-mirror.cjs:58 is blank
  ! agentbox/08-hooks-pipeline.md:AB-08.9 — ../project/agentbox/config/hooks/nostr-live-mirror.cjs:466 is punctuation only ('};')
  ! agentbox/08-hooks-pipeline.md:AB-08.9 — ../project/agentbox/config/hooks/nostr-live-mirror.cjs:505 is blank
  ! agentbox/13-nostr-relay-gateway-bridge-mirror.md:AB-13.1 — ../project/agentbox/config/hooks/nostr-live-mirror.cjs:374 is blank
  ! agentbox/13-nostr-relay-gateway-bridge-mirror.md:AB-13.17 — ../project/agentbox/config/hooks/nostr-live-mirror.cjs:374 is blank

21 error(s):
  - citation: agentbox/01-nix-flake-composition.md:AB-01.1 — ../project/agentbox/flake.nix:652 is blank
  - citation: agentbox/01-nix-flake-composition.md:AB-01.9 — ../project/agentbox/flake.nix:3723 is punctuation only ('};')
  - citation: agentbox/01-nix-flake-composition.md:AB-01.9 — ../project/agentbox/flake.nix:3702 is punctuation only ('];')
  - citation: agentbox/01-nix-flake-composition.md:AB-01.10 — ../project/agentbox/flake.nix:652 is blank
  - citation: agentbox/03-management-api-request-lifecycle.md:AB-03.11 — ../project/agentbox/management-api/routes/broker-bridge.js:776 is punctuation only ('}')
  - citation: agentbox/08-hooks-pipeline.md:AB-08.1 — ../project/agentbox/config/entrypoint-unified.sh:1197 is blank
  - citation: agentbox/08-hooks-pipeline.md:AB-08.5 — ../project/agentbox/config/hooks/nostr-live-mirror.cjs:374 is blank
  - citation: agentbox/08-hooks-pipeline.md:AB-08.6 — ../project/agentbox/config/hooks/nostr-live-mirror.cjs:374 is blank
  - citation: agentbox/08-hooks-pipeline.md:AB-08.7 — ../project/agentbox/config/hooks/nostr-live-mirror.cjs:374 is blank
  - citation: agentbox/08-hooks-pipeline.md:AB-08.9 — ../project/agentbox/config/hooks/nostr-live-mirror.cjs:374 is blank
  - citation: agentbox/08-hooks-pipeline.md:AB-08.9 — ../project/agentbox/config/hooks/nostr-live-mirror.cjs:110 is blank
  - citation: agentbox/08-hooks-pipeline.md:AB-08.9 — ../project/agentbox/config/hooks/nostr-live-mirror.cjs:388 is punctuation only ('});')
  - citation: agentbox/08-hooks-pipeline.md:AB-08.9 — ../project/agentbox/config/hooks/nostr-live-mirror.cjs:395 is blank
  - citation: agentbox/08-hooks-pipeline.md:AB-08.9 — ../project/agentbox/config/hooks/nostr-live-mirror.cjs:425 is punctuation only ('}')
  - citation: agentbox/08-hooks-pipeline.md:AB-08.9 — ../project/agentbox/config/hooks/nostr-live-mirror.cjs:433 is blank
  - citation: agentbox/08-hooks-pipeline.md:AB-08.9 — ../project/agentbox/config/hooks/nostr-live-mirror.cjs:450 is blank
  - citation: agentbox/08-hooks-pipeline.md:AB-08.9 — ../project/agentbox/config/hooks/nostr-live-mirror.cjs:58 is blank
  - citation: agentbox/08-hooks-pipeline.md:AB-08.9 — ../project/agentbox/config/hooks/nostr-live-mirror.cjs:466 is punctuation only ('};')
  - citation: agentbox/08-hooks-pipeline.md:AB-08.9 — ../project/agentbox/config/hooks/nostr-live-mirror.cjs:505 is blank
  - citation: agentbox/13-nostr-relay-gateway-bridge-mirror.md:AB-13.1 — ../project/agentbox/config/hooks/nostr-live-mirror.cjs:374 is blank
  - citation: agentbox/13-nostr-relay-gateway-bridge-mirror.md:AB-13.17 — ../project/agentbox/config/hooks/nostr-live-mirror.cjs:374 is blank
