    Blocking waiting for file lock on build directory
   Compiling visionclaw-gpu v0.1.0 (/home/devuser/workspace/project/crates/visionclaw-gpu)
warning: use of deprecated field `models::protected_settings::NetworkSettings::enable_http2`: Not enforced by server - use reverse proxy
   --> crates/visionclaw-domain/src/models/protected_settings.rs:114:17
    |
114 |                 enable_http2: true,
    |                 ^^^^^^^^^^^^^^^^^^
    |
    = note: `#[warn(deprecated)]` on by default

warning: use of deprecated field `models::protected_settings::NetworkSettings::min_tls_version`: Not enforced by server - use reverse proxy
   --> crates/visionclaw-domain/src/models/protected_settings.rs:116:17
    |
116 |                 min_tls_version: "TLS1.2".to_string(),
    |                 ^^^^^^^^^^^^^^^^^^^^^^^^^^^^^^^^^^^^^

warning: use of deprecated field `models::protected_settings::SecuritySettings::cookie_httponly`: Not enforced by server
   --> crates/visionclaw-domain/src/models/protected_settings.rs:126:17
    |
126 |                 cookie_httponly: true,
    |                 ^^^^^^^^^^^^^^^^^^^^^

warning: use of deprecated field `models::protected_settings::SecuritySettings::cookie_samesite`: Not enforced by server
   --> crates/visionclaw-domain/src/models/protected_settings.rs:127:17
    |
127 |                 cookie_samesite: "Lax".to_string(),
    |                 ^^^^^^^^^^^^^^^^^^^^^^^^^^^^^^^^^^

warning: use of deprecated field `models::protected_settings::SecuritySettings::cookie_secure`: Not enforced by server
   --> crates/visionclaw-domain/src/models/protected_settings.rs:128:17
    |
128 |                 cookie_secure: false,
    |                 ^^^^^^^^^^^^^^^^^^^^

warning: `visionclaw-domain` (lib) generated 5 warnings
warning: visionclaw-gpu@0.1.0: visionclaw-gpu: Auto-detected GPU sm_86
warning: visionclaw-gpu@0.1.0: visionclaw-gpu: Building for sm_86
warning: visionclaw-gpu@0.1.0: visionclaw-gpu: Compiling 9 CUDA kernels to PTX
warning: visionclaw-gpu@0.1.0: visionclaw-gpu: visionclaw_unified source=src/cuda_sources/visionclaw_unified.cu provenance=compiled isa=8.8 original=d907f63a57046677 rewritten=d907f63a57046677
warning: visionclaw-gpu@0.1.0: visionclaw-gpu: gpu_clustering_kernels source=src/cuda_sources/gpu_clustering_kernels.cu provenance=compiled isa=8.8 original=3d61cff573e6643e rewritten=3d61cff573e6643e
warning: visionclaw-gpu@0.1.0: visionclaw-gpu: dynamic_grid source=src/cuda_sources/dynamic_grid.cu provenance=compiled isa=8.8 original=3b5a8fca62e1e6b3 rewritten=3b5a8fca62e1e6b3
warning: visionclaw-gpu@0.1.0: visionclaw-gpu: gpu_aabb_reduction source=src/cuda_sources/gpu_aabb_reduction.cu provenance=compiled isa=8.8 original=fbeb10b8613a4ecf rewritten=fbeb10b8613a4ecf
warning: visionclaw-gpu@0.1.0: visionclaw-gpu: gpu_landmark_apsp source=src/cuda_sources/gpu_landmark_apsp.cu provenance=compiled isa=8.8 original=a8293ea28f5cf94d rewritten=a8293ea28f5cf94d
warning: visionclaw-gpu@0.1.0: visionclaw-gpu: sssp_compact source=src/cuda_sources/sssp_compact.cu provenance=compiled isa=8.8 original=968bd5dd10ca37b8 rewritten=968bd5dd10ca37b8
warning: visionclaw-gpu@0.1.0: visionclaw-gpu: semantic_forces source=src/cuda_sources/semantic_forces.cu provenance=compiled isa=8.8 original=e096eacd94289510 rewritten=e096eacd94289510
warning: visionclaw-gpu@0.1.0: visionclaw-gpu: pagerank source=src/cuda_sources/pagerank.cu provenance=compiled isa=8.8 original=f0cc4ef336684beb rewritten=f0cc4ef336684beb
warning: visionclaw-gpu@0.1.0: visionclaw-gpu: gpu_connected_components source=src/cuda_sources/gpu_connected_components.cu provenance=compiled isa=8.8 original=dfb1fad6f6696d4d rewritten=dfb1fad6f6696d4d
warning: visionclaw-gpu@0.1.0: visionclaw-gpu: All PTX compilation done (9 modules)
warning: visionclaw-gpu@0.1.0: visionclaw-gpu: Native CUDA linking complete
    Finished `test` profile [optimized + debuginfo] target(s) in 2m 25s
     Running tests/analytics_oracle_conformance.rs (target/debug/deps/analytics_oracle_conformance-5f40f96d63917897)

running 4 tests
test adr_2061_dbscan_matches_oracle ...   dbscan/n=21 eps=1.5 min_pts=4 (device min_pts=3)
    gpu labels    = [0, 0, 0, 0, 0, 0, 0, 0, 0, 9, 9, 9, 9, 9, 9, 9, 9, 9, 0, -1, -1]
    oracle labels = [0, 0, 0, 0, 0, 0, 0, 0, 0, 1, 1, 1, 1, 1, 1, 1, 1, 1, 0, -1, -1]
    gpu nbr counts= [3, 6, 3, 5, 8, 5, 3, 5, 3, 3, 5, 3, 5, 8, 5, 3, 5, 3, 1, 0, 0]
    noise: gpu=2 oracle=2
ok
test adr_2061_lof_matches_oracle ...   lof/n=8 k=3
    p0 [0.0, 0.0]  gpu=0.965271  oracle=0.965271  Δ=3.665e-8
    p1 [1.0, 0.2]  gpu=0.860701  oracle=0.860701  Δ=1.950e-8
    p2 [0.3, 1.1]  gpu=0.894189  oracle=0.894189  Δ=2.864e-8
    p3 [1.2, 1.3]  gpu=1.240407  oracle=1.240407  Δ=1.260e-8
    p4 [0.6, 0.5]  gpu=1.118729  oracle=1.118729  Δ=1.458e-8
    p5 [2.1, 0.9]  gpu=1.087800  oracle=1.087800  Δ=1.181e-7
    p6 [0.9, 2.2]  gpu=1.123285  oracle=1.123285  Δ=2.749e-7
    p7 [8.0, 8.0]  gpu=6.883015  oracle=6.883014  Δ=4.759e-7
    max|Δ|=4.758575e-7 at point 7
    >p95 set: gpu=[7] oracle=[7]
ok
test adr_2061_louvain_matches_oracle ...   louvain/two_clique  communities=2 levels=2 Q=0.4524 Q_optimal=0.4524
    labels=[0, 0, 0, 0, 0, 1, 1, 1, 1, 1]
    optimal=[0, 0, 0, 0, 0, 1, 1, 1, 1, 1]
  louvain/triangle     communities=1 levels=1 Q=0.0000 labels=[0, 0, 0]
  louvain/star         communities=1 levels=1 Q=0.0000 labels=[0, 0, 0, 0, 0, 0, 0]
  louvain/canonical_live_scale n=10676 communities=16 levels=3 Q_gpu=0.8960 Q_planted=0.9146 deficit=0.0186
ok
test adr_2061_pagerank_matches_oracle ...   pagerank/triangle             n=3      max|Δ|=5.551e-17 top-decile(1) order=match sum=1.000000
  pagerank/star                 n=7      max|Δ|=6.173e-8 top-decile(1) order=match sum=1.000000
  pagerank/linear_chain         n=10     max|Δ|=9.915e-9 top-decile(1) order=match sum=1.000000
  pagerank/two_clique           n=10     max|Δ|=4.288e-10 top-decile(1) order=match sum=1.000000
  pagerank/canonical_live_scale n=10676  max|Δ|=3.754e-11 top-decile(1068) order=match sum=1.000000
ok

test result: ok. 4 passed; 0 failed; 0 ignored; 0 measured; 0 filtered out; finished in 4.86s

