    Blocking waiting for file lock on build directory
    Checking cfg-if v1.0.3
    Checking memchr v2.7.5
    Checking zeroize v1.8.1
    Checking log v0.4.29
    Checking smallvec v1.15.1
    Checking scopeguard v1.2.0
    Checking subtle v2.6.1
    Checking once_cell v1.21.3
    Checking pin-project-lite v0.2.16
    Checking bytes v1.10.1
    Checking const-oid v0.9.6
    Checking itoa v1.0.15
    Checking futures-core v0.3.31
    Checking stable_deref_trait v1.2.0
    Checking futures-sink v0.3.31
    Checking equivalent v1.0.2
    Checking fnv v1.0.7
    Checking allocator-api2 v0.2.21
    Checking foldhash v0.1.5
    Checking cpufeatures v0.2.17
    Checking slab v0.4.11
    Checking percent-encoding v2.3.1
    Checking pin-utils v0.1.0
    Checking writeable v0.6.1
    Checking litemap v0.8.0
    Checking futures-task v0.3.31
    Checking futures-io v0.3.31
    Checking utf8_iter v1.0.4
    Checking base64 v0.22.1
    Checking regex-syntax v0.8.5
    Checking untrusted v0.9.0
    Checking oxilangtag v0.1.5
    Checking base64ct v1.8.0
    Checking oxiri v0.2.11
    Checking utf-8 v0.7.6
    Checking ryu v1.0.20
    Checking foreign-types-shared v0.1.1
    Checking data-encoding v2.9.0
    Checking httpdate v1.0.3
    Checking futures-channel v0.3.31
    Checking tracing-core v0.1.34
    Checking form_urlencoded v1.2.1
    Checking rustls-pki-types v1.12.0
    Checking byteorder v1.5.0
    Checking openssl-probe v0.1.6
    Checking encoding_rs v0.8.35
    Checking iana-time-zone v0.1.63
    Checking powerfmt v0.2.0
    Checking mime v0.3.17
    Checking adler2 v2.0.1
    Checking either v1.15.0
    Checking time-core v0.1.8
    Checking tower-service v0.3.3
    Checking base64 v0.21.7
    Checking try-lock v0.2.5
    Checking num-conv v0.2.1
    Checking libc v0.2.175
    Checking serde_core v1.0.228
    Checking typenum v1.18.0
    Checking zerocopy v0.8.26
    Checking libm v0.2.15
    Checking icu_normalizer_data v2.0.0
    Checking icu_properties_data v2.0.1
    Checking httparse v1.10.1
    Checking zmij v1.0.21
    Checking crossbeam-utils v0.8.21
    Checking foreign-types v0.3.2
    Checking crc32fast v1.5.0
    Checking atomic-waker v1.1.2
    Checking bitflags v1.3.2
    Checking base16ct v0.2.0
    Checking ipnet v2.11.0
    Checking unsafe-libyaml v0.2.11
    Checking unicase v2.8.1
    Checking peg-runtime v0.8.6
    Checking sync_wrapper v1.0.2
    Checking lock_api v0.4.13
    Checking hashbrown v0.15.5
    Checking pem-rfc7468 v0.7.0
    Checking miniz_oxide v0.8.9
    Checking deranged v0.5.8
    Checking want v0.3.1
    Checking tinyvec_macros v0.1.1
    Checking alloc-no-stdlib v2.0.4
    Checking tower-layer v0.3.3
    Checking winnow v0.7.12
    Checking local-waker v0.1.4
    Checking iri-string v0.7.8
    Checking utf8parse v0.2.2
    Checking hashbrown v0.12.3
    Checking same-file v1.0.6
    Checking itertools v0.10.5
    Checking http v1.3.1
    Checking aho-corasick v1.1.3
    Checking webpki-roots v1.0.2
    Checking peg v0.8.6
    Checking http v0.2.12
    Checking tinyvec v1.10.0
    Checking bytestring v1.4.0
    Checking actix-service v2.0.3
    Checking unicode-bidi v0.3.18
    Checking is_terminal_polyfill v1.70.1
    Checking anstyle v1.0.11
    Checking arrayvec v0.7.6
    Checking anstyle-query v1.1.4
    Checking thiserror v2.0.16
    Checking futures-util v0.3.31
    Checking tracing v0.1.41
    Checking thiserror v1.0.69
    Checking der v0.7.10
    Checking mime_guess v2.0.5
    Checking alloc-stdlib v0.2.2
    Checking actix-utils v3.0.1
    Checking anstyle-parse v0.2.7
    Checking bytemuck v1.23.2
    Checking colorchoice v1.0.4
    Checking ucd-trie v0.1.7
    Checking hex v0.4.3
    Checking derive_more v2.0.1
    Checking local-channel v0.1.5
    Checking zerofrom v0.1.6
    Checking spin v0.9.9
    Checking oxsdatatypes v0.2.2
    Checking crossbeam-channel v0.5.15
    Checking webpki-roots v0.26.11
    Checking walkdir v2.5.0
    Checking specta v2.0.0-rc.22
    Checking quick-xml v0.37.5
    Checking language-tags v0.3.2
    Checking regex-lite v0.1.6
    Checking json-event-parser v0.2.3
    Checking crossbeam-epoch v0.9.18
    Checking toml_write v0.1.2
    Checking clap_lex v0.7.6
    Checking impl-more v0.1.9
    Checking generic-array v0.14.7
    Checking flate2 v1.1.2
    Checking zstd-sys v2.0.15+zstd.1.5.7
    Checking brotli-decompressor v5.0.0
    Checking anstream v0.6.20
    Checking pest v2.8.1
    Checking strsim v0.11.1
    Checking rio_api v0.8.5
    Checking bitmaps v2.1.0
    Checking hex-conservative v0.2.1
    Checking secp256k1-sys v0.10.1
    Checking quick-xml v0.31.0
    Checking quick-xml v0.36.2
    Checking pem v3.0.6
    Checking yoke v0.8.0
    Checking lazy_static v1.5.0
    Checking unicode-normalization v0.1.24
    Checking bitcoin-io v0.1.3
    Checking dyn-clone v1.0.20
    Checking unicode-width v0.1.14
    Checking rio_api v0.6.2
    Checking getrandom v0.2.16
    Checking parking_lot_core v0.9.11
    Checking mio v1.0.4
    Checking socket2 v0.6.0
    Checking signal-hook-registry v1.4.6
    Checking getrandom v0.3.3
    Checking openssl-sys v0.9.109
    Checking zstd-safe v7.2.4
    Checking socket2 v0.5.10
    Checking inotify-sys v0.1.5
    Checking mio v0.8.11
    Checking lru v0.12.5
    Checking filetime v0.2.26
    Checking is-terminal v0.4.17
    Checking atty v0.2.14
    Checking zerovec v0.11.4
    Checking zerotrie v0.2.2
    Checking indexmap v1.9.3
    Checking enum_meta v0.6.0
    Checking clap_builder v4.5.49
    Checking crossbeam-deque v0.8.6
    Checking safe_arch v0.7.4
    Checking const-random v0.1.18
    Checking quick-xml v0.21.0
    Checking quick-xml v0.22.0
    Checking rustc-hash v2.1.1
    Checking unicode-ident v1.0.18
    Checking strsim v0.8.0
    Checking ansi_term v0.12.1
    Checking termcolor v1.4.1
    Checking rand_core v0.6.4
    Checking ring v0.17.14
    Checking http-body v1.0.1
    Checking inotify v0.9.6
    Checking vec_map v0.8.2
    Checking bech32 v0.11.0
    Checking humantime v2.3.0
    Checking typeid v1.0.3
    Checking sharded-slab v0.1.7
    Checking anyhow v1.0.99
    Checking oxrocksdb-sys v0.4.11
    Checking parking_lot v0.12.4
    Checking num-traits v0.2.19
    Checking rand_core v0.9.3
    Checking zstd v0.13.3
    Checking textwrap v0.11.0
    Checking proc-macro2 v1.0.101
    Checking dlv-list v0.5.2
    Checking tracing-log v0.2.0
    Checking thread_local v1.1.9
    Checking mint v0.5.9
    Checking rawpointer v0.2.1
    Checking siphasher v1.0.1
    Checking lru v0.16.0
    Checking toml_writer v1.0.6+spec-1.1.0
    Checking slurp v1.0.1
    Checking nu-ansi-term v0.50.1
    Checking cust_raw v0.11.3
    Checking libsqlite3-sys v0.28.0
    Checking ff v0.13.1
    Checking http-body-util v0.1.3
    Checking rayon-core v1.13.0
    Checking rand_xoshiro v0.6.0
    Checking password-hash v0.5.0
    Checking hashlink v0.10.0
    Checking hash32 v0.2.1
    Checking libloading v0.8.8
    Checking constant_time_eq v0.3.1
    Checking arrayref v0.3.9
    Checking unicode-segmentation v1.12.0
    Checking crypto-common v0.1.6
    Checking block-buffer v0.10.4
    Checking tokio v1.47.1
    Checking crypto-bigint v0.5.5
    Checking inout v0.1.4
    Checking idna v0.5.0
    Checking pretty_rdf v0.8.0
    Checking rio_xml v0.8.5
    Checking notify v6.1.1
    Checking clap v2.34.0
    Checking wide v0.7.33
    Checking rio_xml v0.6.2
    Checking matrixmultiply v0.3.10
    Checking arraydeque v0.5.1
    Checking atomic-destructor v0.3.0
    Checking fallible-streaming-iterator v0.1.9
    Checking negentropy v0.5.0
    Checking fallible-iterator v0.3.0
    Checking pin-project v1.1.10
    Checking v_htmlescape v0.15.8
   Compiling visionclaw-server v0.1.0 (/home/devuser/workspace/project)
    Checking specta-serde v0.0.9
    Checking cobs v0.3.0
    Checking inventory v0.3.21
    Checking static_assertions v1.1.0
    Checking digest v0.10.7
    Checking regex-automata v0.4.9
    Checking spki v0.7.3
    Checking time v0.3.47
    Checking group v0.13.0
    Checking cipher v0.4.4
    Checking brotli v8.0.2
    Checking sized-chunks v0.6.5
    Checking blake3 v1.8.2
   Compiling visionclaw-gpu v0.1.0 (/home/devuser/workspace/project/crates/visionclaw-gpu)
    Checking cudarc v0.12.1
    Checking simdutf8 v0.1.5
    Checking http-range v0.1.5
    Checking xml-rs v0.8.27
    Checking jiff v0.2.15
    Checking pathdiff v0.2.3
    Checking sysinfo v0.37.0
    Checking glam v0.30.5
    Checking dotenvy v0.15.7
    Checking urlencoding v2.1.3
    Checking pollster v0.4.0
    Checking fastrand v2.3.0
    Checking ppv-lite86 v0.2.21
    Checking ahash v0.8.12
    Checking yaml-rust2 v0.10.3
    Checking specta-typescript v0.0.9
    Checking pkcs8 v0.10.2
    Checking rayon v1.11.0
    Checking convert_case v0.6.0
    Checking sha1 v0.10.6
    Checking sha2 v0.10.9
    Checking hmac v0.12.1
    Checking signature v2.2.0
    Checking curve25519-dalek v4.1.3
    Checking md-5 v0.10.6
    Checking blake2 v0.10.6
    Checking blowfish v0.9.1
    Checking pretty_rdf v0.1.2
    Checking tinystr v0.8.1
    Checking potential_utf v0.1.2
    Checking num-integer v0.1.46
    Checking approx v0.5.1
    Checking ordered-float v2.10.1
    Checking num-complex v0.4.6
    Checking glam v0.20.5
    Checking ordered-float v4.6.0
    Checking hashbrown v0.14.5
    Checking toml_parser v1.0.2
    Checking im v15.1.0
    Checking sec1 v0.7.3
    Checking hkdf v0.12.4
    Checking rfc6979 v0.4.0
    Checking ed25519 v2.2.3
    Checking pkcs1 v0.7.5
    Checking bcrypt v0.15.1
    Checking icu_collections v2.0.0
    Checking icu_locale_core v2.0.0
    Checking argon2 v0.5.3
warning: visionclaw-server@0.1.0: webxr build.rs: GPU feature enabled — CUDA compilation delegated to visionclaw-gpu crate
    Checking rust-embed-utils v8.9.0
    Checking rand_chacha v0.3.1
    Checking rand_chacha v0.9.0
    Checking num-iter v0.1.45
    Checking num-bigint v0.4.6
    Checking vek v0.15.10
    Checking num-rational v0.4.2
    Checking serde v1.0.228
    Checking bitflags v2.13.0
    Checking serde_json v1.0.149
    Checking serde_path_to_error v0.1.20
    Checking serde_with v3.20.0
    Checking rust-embed v8.9.0
    Checking xml v0.8.20
    Checking rand v0.9.2
    Checking rand v0.8.5
    Checking openssl v0.10.73
    Checking rustls-webpki v0.103.4
    Checking dashmap v6.1.0
    Checking ordered-multimap v0.7.3
    Checking hashlink v0.9.1
    Checking icu_provider v2.0.0
    Checking indexmap v2.10.0
    Checking chrono v0.4.42
    Checking serde_urlencoded v0.7.1
    Checking uuid v1.18.0
    Checking toml_datetime v0.6.11
    Checking serde_spanned v0.6.9
    Checking serde_plain v1.0.2
    Checking serde-value v0.7.0
    Checking bitcoin_hashes v0.14.0
    Checking tracing-serde v0.2.0
    Checking toml_datetime v0.7.0
    Checking serde_spanned v1.0.0
    Checking erased-serde v0.4.6
    Checking ron v0.8.1
    Checking json5 v0.4.1
    Checking heapless v0.7.17
    Checking rust-ini v0.21.3
    Checking ed25519-dalek v2.2.0
    Checking clap v4.5.49
    Checking rusqlite v0.31.0
    Checking rustls v0.23.31
    Checking elliptic-curve v0.13.8
    Checking icu_properties v2.0.1
    Checking icu_normalizer v2.0.0
    Checking oxrdf v0.2.4
    Checking num-bigint-dig v0.8.6
    Checking tungstenite v0.24.0
    Checking secp256k1 v0.29.1
    Checking toml v0.9.5
    Checking futures-executor v0.3.31
    Checking simba v0.9.0
    Checking futures v0.3.31
    Checking cookie v0.16.2
    Checking simple_asn1 v0.6.4
    Checking serde-untagged v0.1.8
    Checking ecdsa v0.16.9
    Checking primeorder v0.13.6
    Checking postcard v1.1.3
    Checking serde_yaml v0.9.34+deprecated
    Checking curie v0.1.4
    Checking toml_edit v0.22.27
    Checking utoipa v5.4.0
    Checking jsonwebtoken v9.3.1
    Checking horned-owl v0.11.0
    Checking spargebra v0.3.5
    Checking oxjsonld v0.1.0
    Checking oxrdfxml v0.1.7
    Checking oxttl v0.1.8
    Checking sparesults v0.2.5
    Checking p256 v0.13.2
    Checking p384 v0.13.1
    Checking k256 v0.13.4
    Checking config v0.15.15
    Checking idna_adapter v1.2.1
    Checking rsa v0.9.10
    Checking oxrdfio v0.1.8
    Checking idna v1.0.3
    Checking regex v1.11.2
    Checking matchers v0.2.0
    Checking tracing-subscriber v0.3.20
    Checking url v2.5.4
    Checking cust_core v0.1.1
    Checking cust v0.3.2
    Checking actix-router v0.5.3
    Checking env_logger v0.10.2
    Checking env_filter v0.1.3
    Checking validator v0.18.1
    Checking nostr v0.43.1
    Checking toml v0.8.23
    Checking horned-functional v0.4.0
    Checking sparopt v0.2.1
    Checking env_logger v0.11.8
    Checking tracing-appender v0.2.3
    Checking spareval v0.1.4
    Checking native-tls v0.2.14
    Checking tungstenite v0.21.0
    Checking tokio-util v0.7.16
    Checking actix-rt v2.11.0
    Checking tokio-native-tls v0.3.1
    Checking tower v0.5.2
    Checking tokio-tungstenite v0.24.0
    Checking tokio-socks v0.5.2
    Checking async-utility v0.3.1
    Checking tokio-stream v0.1.17
    Checking tokio-rusqlite v0.5.1
    Checking hexser v0.4.7
    Checking tokio-rustls v0.26.2
    Checking tungstenite v0.26.2
    Checking ureq v2.12.1
    Checking actix-server v2.6.0
    Checking h2 v0.4.12
    Checking h2 v0.3.27
    Checking actix-codec v0.5.2
    Checking actix v0.13.5
    Checking visionclaw-domain v0.1.0 (/home/devuser/workspace/project/crates/visionclaw-domain)
    Checking tokio-tungstenite v0.21.0
    Checking tower-http v0.6.6
    Checking horned-owl v1.2.0
    Checking tokio-tungstenite v0.26.2
    Checking async-wsocket v0.13.1
    Checking oxigraph v0.4.11
    Checking nalgebra v0.34.0
    Checking nostr-database v0.43.0
    Checking nostr-relay-pool v0.43.0
    Checking nostr-sdk v0.43.0
    Checking actix-http v3.11.0
    Checking hyper v1.7.0
warning: use of deprecated field `models::protected_settings::NetworkSettings::enable_http2`: Not enforced by server - use reverse proxy
   --> crates/visionclaw-domain/src/models/protected_settings.rs:114:17
    |
114 |                 enable_http2: true,
    |                 ^^^^^^^^^^^^^^^^^^
    |
    = note: `#[warn(deprecated)]` on by default

warning: use of deprecated field `models::protected_settings::NetworkSettings::min_tls_version`: Not enforced by server - use reverse proxy
   --> crates/visionclaw-domain/src/models/protected_settings.rs:116:17
    |
116 |                 min_tls_version: "TLS1.2".to_string(),
    |                 ^^^^^^^^^^^^^^^^^^^^^^^^^^^^^^^^^^^^^

warning: use of deprecated field `models::protected_settings::SecuritySettings::cookie_httponly`: Not enforced by server
   --> crates/visionclaw-domain/src/models/protected_settings.rs:126:17
    |
126 |                 cookie_httponly: true,
    |                 ^^^^^^^^^^^^^^^^^^^^^

warning: use of deprecated field `models::protected_settings::SecuritySettings::cookie_samesite`: Not enforced by server
   --> crates/visionclaw-domain/src/models/protected_settings.rs:127:17
    |
127 |                 cookie_samesite: "Lax".to_string(),
    |                 ^^^^^^^^^^^^^^^^^^^^^^^^^^^^^^^^^^

warning: use of deprecated field `models::protected_settings::SecuritySettings::cookie_secure`: Not enforced by server
   --> crates/visionclaw-domain/src/models/protected_settings.rs:128:17
    |
128 |                 cookie_secure: false,
    |                 ^^^^^^^^^^^^^^^^^^^^

    Checking whelk v0.1.0 (https://github.com/jjohare/whelk-rs?rev=79a1ee21789add5a66faa0ec1a830c32dba9b539#79a1ee21)
    Checking hyper-util v0.1.16
    Checking actix-web v4.11.0
    Checking hyper-tls v0.6.0
    Checking hyper-rustls v0.27.7
    Checking fastwebsockets v0.8.0
    Checking reqwest v0.12.23
    Checking visionclaw-xr-presence v0.2.1 (/home/devuser/workspace/project/crates/visionclaw-xr-presence)
    Checking oauth2 v5.0.0
    Checking actix-web-actors v4.3.1+deprecated
    Checking actix-files v0.6.6
    Checking actix-cors v0.7.1
    Checking utoipa-swagger-ui v9.0.2
    Checking openidconnect v4.0.1
warning: `visionclaw-domain` (lib) generated 5 warnings
    Checking visionclaw-ontology v0.1.0 (/home/devuser/workspace/project/crates/visionclaw-ontology)
    Checking visionclaw-protocol v0.1.0 (/home/devuser/workspace/project/crates/visionclaw-protocol)
    Checking visionclaw-actors v0.1.0 (/home/devuser/workspace/project/crates/visionclaw-actors)
    Checking visionclaw-adapters v0.1.0 (/home/devuser/workspace/project/crates/visionclaw-adapters)
warning: unused variable: `old`
   --> crates/visionclaw-protocol/src/protocols/binary_settings_protocol.rs:588:9
    |
588 |         old: &BinaryValue,
    |         ^^^ help: if this is intentional, prefix it with an underscore: `_old`
    |
    = note: `#[warn(unused_variables)]` (part of `#[warn(unused)]`) on by default

warning: method `compute_value_delta` is never used
   --> crates/visionclaw-protocol/src/protocols/binary_settings_protocol.rs:586:8
    |
130 | impl BinarySettingsProtocol {
    | --------------------------- method in this implementation
...
586 |     fn compute_value_delta(
    |        ^^^^^^^^^^^^^^^^^^^
    |
    = note: `#[warn(dead_code)]` (part of `#[warn(unused)]`) on by default

warning: unused import: `std::collections::HashMap`
 --> crates/visionclaw-ontology/src/inference/owl_parser.rs:8:5
  |
8 | use std::collections::HashMap;
  |     ^^^^^^^^^^^^^^^^^^^^^^^^^
  |
  = note: `#[warn(unused_imports)]` (part of `#[warn(unused)]`) on by default

warning: unexpected `cfg` condition value: `nostr-verify`
   --> crates/visionclaw-ontology/src/services/jsonld_validator/signature.rs:198:11
    |
198 |     #[cfg(feature = "nostr-verify")]
    |           ^^^^^^^^^^^^^^^^^^^^^^^^
    |
    = note: expected values for `feature` are: `default`
    = help: consider adding `nostr-verify` as a feature in `Cargo.toml`
    = note: see <https://doc.rust-lang.org/nightly/rustc/check-cfg/cargo-specifics.html> for more information about checking conditional configuration
    = note: `#[warn(unexpected_cfgs)]` on by default

warning: unexpected `cfg` condition value: `nostr-verify`
   --> crates/visionclaw-ontology/src/services/jsonld_validator/signature.rs:212:15
    |
212 |     #[cfg(not(feature = "nostr-verify"))]
    |               ^^^^^^^^^^^^^^^^^^^^^^^^
    |
    = note: expected values for `feature` are: `default`
    = help: consider adding `nostr-verify` as a feature in `Cargo.toml`
    = note: see <https://doc.rust-lang.org/nightly/rustc/check-cfg/cargo-specifics.html> for more information about checking conditional configuration

warning: unexpected `cfg` condition value: `gpu`
   --> crates/visionclaw-ontology/src/validation/actor_validation.rs:136:23
    |
136 |         "gpu" => cfg!(feature = "gpu"),
    |                       ^^^^^^^^^^^^^^^
    |
    = note: expected values for `feature` are: `default`
    = help: consider adding `gpu` as a feature in `Cargo.toml`
    = note: see <https://doc.rust-lang.org/nightly/rustc/check-cfg/cargo-specifics.html> for more information about checking conditional configuration

warning: unexpected `cfg` condition value: `ontology`
   --> crates/visionclaw-ontology/src/validation/actor_validation.rs:137:28
    |
137 |         "ontology" => cfg!(feature = "ontology"),
    |                            ^^^^^^^^^^^^^^^^^^^^
    |
    = note: expected values for `feature` are: `default`
    = help: consider adding `ontology` as a feature in `Cargo.toml`
    = note: see <https://doc.rust-lang.org/nightly/rustc/check-cfg/cargo-specifics.html> for more information about checking conditional configuration

warning: `visionclaw-protocol` (lib) generated 2 warnings (run `cargo fix --lib -p visionclaw-protocol` to apply 1 suggestion)
warning: variable does not need to be mutable
    --> crates/visionclaw-adapters/src/oxigraph_ontology_repository.rs:1360:13
     |
1360 |         let mut alloc_id = |iri: &str, table: &mut HashMap<String, u32>, nx: &mut u32| -> u32 {
     |             ----^^^^^^^^
     |             |
     |             help: remove this `mut`
     |
     = note: `#[warn(unused_mut)]` (part of `#[warn(unused)]`) on by default

warning: constant `P_COMMENT` is never used
   --> crates/visionclaw-adapters/src/oxigraph_ontology_repository.rs:497:7
    |
497 | const P_COMMENT: &str = "http://www.w3.org/2000/01/rdf-schema#comment";
    |       ^^^^^^^^^
    |
    = note: `#[warn(dead_code)]` (part of `#[warn(unused)]`) on by default

warning: `visionclaw-adapters` (lib) generated 2 warnings (run `cargo fix --lib -p visionclaw-adapters` to apply 1 suggestion)
    Checking solid-pod-rs v0.4.0-alpha.15
warning: `visionclaw-ontology` (lib) generated 5 warnings (run `cargo fix --lib -p visionclaw-ontology` to apply 1 suggestion)
    Checking solid-pod-rs-idp v0.4.0-alpha.15
    Checking solid-pod-rs-nostr v0.4.0-alpha.15
    Checking solid-pod-rs-server v0.4.0-alpha.15
warning: visionclaw-gpu@0.1.0: visionclaw-gpu: Auto-detected GPU sm_86
warning: visionclaw-gpu@0.1.0: visionclaw-gpu: Building for sm_86
warning: visionclaw-gpu@0.1.0: visionclaw-gpu: Compiling 9 CUDA kernels to PTX
warning: visionclaw-gpu@0.1.0: visionclaw-gpu: visionclaw_unified source=src/cuda_sources/visionclaw_unified.cu provenance=compiled isa=8.8 original=a7149a963e39aff2 rewritten=a7149a963e39aff2
warning: visionclaw-gpu@0.1.0: visionclaw-gpu: gpu_clustering_kernels source=src/cuda_sources/gpu_clustering_kernels.cu provenance=compiled isa=8.8 original=3d61cff573e6643e rewritten=3d61cff573e6643e
warning: visionclaw-gpu@0.1.0: visionclaw-gpu: dynamic_grid source=src/cuda_sources/dynamic_grid.cu provenance=compiled isa=8.8 original=3b5a8fca62e1e6b3 rewritten=3b5a8fca62e1e6b3
warning: visionclaw-gpu@0.1.0: visionclaw-gpu: gpu_aabb_reduction source=src/cuda_sources/gpu_aabb_reduction.cu provenance=compiled isa=8.8 original=fbeb10b8613a4ecf rewritten=fbeb10b8613a4ecf
warning: visionclaw-gpu@0.1.0: visionclaw-gpu: gpu_landmark_apsp source=src/cuda_sources/gpu_landmark_apsp.cu provenance=compiled isa=8.8 original=a8293ea28f5cf94d rewritten=a8293ea28f5cf94d
warning: visionclaw-gpu@0.1.0: visionclaw-gpu: sssp_compact source=src/cuda_sources/sssp_compact.cu provenance=compiled isa=8.8 original=968bd5dd10ca37b8 rewritten=968bd5dd10ca37b8
warning: visionclaw-gpu@0.1.0: visionclaw-gpu: semantic_forces source=src/cuda_sources/semantic_forces.cu provenance=compiled isa=8.8 original=e096eacd94289510 rewritten=e096eacd94289510
warning: visionclaw-gpu@0.1.0: visionclaw-gpu: pagerank source=src/cuda_sources/pagerank.cu provenance=compiled isa=8.8 original=f0cc4ef336684beb rewritten=f0cc4ef336684beb
warning: visionclaw-gpu@0.1.0: visionclaw-gpu: gpu_connected_components source=src/cuda_sources/gpu_connected_components.cu provenance=compiled isa=8.8 original=dfb1fad6f6696d4d rewritten=dfb1fad6f6696d4d
warning: visionclaw-gpu@0.1.0: visionclaw-gpu: All PTX compilation done (9 modules)
warning: visionclaw-gpu@0.1.0: visionclaw-gpu: Native CUDA linking complete
warning: unused import: `ClusteringParams`
  --> src/handlers/api_handler/analytics/clustering_handlers.rs:16:35
   |
16 |     Cluster, ClusterFocusRequest, ClusteringParams, ClusteringRequest, ClusteringResponse,
   |                                   ^^^^^^^^^^^^^^^^
   |
   = note: `#[warn(unused_imports)]` (part of `#[warn(unused)]`) on by default

warning: unused import: `ClusteringParams`
 --> src/handlers/api_handler/analytics/clustering.rs:3:22
  |
3 | use super::{Cluster, ClusteringParams, ClusteringRequest};
  |                      ^^^^^^^^^^^^^^^^

warning: unused import: `AccessMode`
  --> src/handlers/solid_proxy_handler.rs:63:58
   |
63 | use solid_pod_rs::wac::{evaluate_access, method_to_mode, AccessMode};
   |                                                          ^^^^^^^^^^

warning: unnecessary parentheses around `if` condition
   --> src/services/github/api.rs:146:23
    |
146 |             } else if (raw_path == raw_base || raw_path.starts_with(&format!("{raw_base}/"))) {
    |                       ^                                                                     ^
    |
    = note: `#[warn(unused_parens)]` (part of `#[warn(unused)]`) on by default
help: remove these parentheses
    |
146 -             } else if (raw_path == raw_base || raw_path.starts_with(&format!("{raw_base}/"))) {
146 +             } else if raw_path == raw_base || raw_path.starts_with(&format!("{raw_base}/")) {
    |

warning: unused imports: `AxiomType`, `OntologyRepositoryError`, `PathfindingCacheEntry`, `PropertyType`, and `ValidationReport`
  --> src/test_helpers.rs:15:5
   |
15 |     AxiomType, InferenceResults, OntologyMetrics, OntologyRepository, OntologyRepositoryError,
   |     ^^^^^^^^^                                                         ^^^^^^^^^^^^^^^^^^^^^^^
16 |     OwlAxiom, OwlClass, OwlProperty, PathfindingCacheEntry, PropertyType, Result as OntResult,
   |                                      ^^^^^^^^^^^^^^^^^^^^^  ^^^^^^^^^^^^
17 |     ValidationReport,
   |     ^^^^^^^^^^^^^^^^
   |
help: if this is a test module, consider adding a `#[cfg(test)]` to the containing module
  --> src/lib.rs:47:1
   |
47 | pub mod test_helpers;
   | ^^^^^^^^^^^^^^^^^^^^^

warning: use of deprecated module `visionclaw_gpu::memory`: Use crate::gpu::memory_manager::GpuMemoryManager instead
  --> src/utils/mod.rs:16:25
   |
16 | pub use visionclaw_gpu::memory as gpu_memory;
   |                         ^^^^^^
   |
   = note: `#[warn(deprecated)]` on by default

warning: unused import: `crate::ports::knowledge_graph_repository::KnowledgeGraphRepository`
 --> src/services/file_service.rs:3:5
  |
3 | use crate::ports::knowledge_graph_repository::KnowledgeGraphRepository;
  |     ^^^^^^^^^^^^^^^^^^^^^^^^^^^^^^^^^^^^^^^^^^^^^^^^^^^^^^^^^^^^^^^^^^

warning: unused import: `ToSimParams`
  --> src/models/force_channels.rs:47:83
   |
47 | use crate::models::simulation_params::{FeatureFlags, SimParams, SimulationParams, ToSimParams};
   |                                                                                   ^^^^^^^^^^^

warning: variable does not need to be mutable
    --> src/actors/gpu/force_compute_actor.rs:1167:25
     |
1167 |                     let mut class_masses = vec![1.0f32; num_nodes];
     |                         ----^^^^^^^^^^^^
     |                         |
     |                         help: remove this `mut`
     |
     = note: `#[warn(unused_mut)]` (part of `#[warn(unused)]`) on by default

warning: unused variable: `gpu_manager_addr`
    --> src/actors/graph_service_supervisor.rs:1546:13
     |
1546 |         let gpu_manager_addr = self.gpu_manager.clone();
     |             ^^^^^^^^^^^^^^^^ help: if this is intentional, prefix it with an underscore: `_gpu_manager_addr`
     |
     = note: `#[warn(unused_variables)]` (part of `#[warn(unused)]`) on by default

warning: unused variable: `members`
   --> src/services/github_sync_service.rs:880:17
    |
880 |             let members = match domain_members.get(slug) {
    |                 ^^^^^^^ help: if this is intentional, prefix it with an underscore: `_members`

warning: type `AssignRoleRequest` is more private than the item `assign_role`
   --> src/handlers/admin_rbac_handler.rs:123:1
    |
123 | / pub async fn assign_role(
124 | |     req: HttpRequest,
125 | |     path: web::Path<String>,
126 | |     body: web::Json<AssignRoleRequest>,
127 | |     nostr: web::Data<NostrService>,
128 | | ) -> impl Responder {
    | |___________________^ function `assign_role` is reachable at visibility `pub`
    |
note: but type `AssignRoleRequest` is only usable at visibility `pub(self)`
   --> src/handlers/admin_rbac_handler.rs:59:1
    |
 59 | struct AssignRoleRequest {
    | ^^^^^^^^^^^^^^^^^^^^^^^^
    = note: `#[warn(private_interfaces)]` on by default

warning: type `FileLockGuard` is more private than the item `FsPaymentStore::acquire_file_lock`
   --> src/handlers/pay_handler.rs:251:5
    |
251 |     pub(crate) fn acquire_file_lock(&self) -> Result<FileLockGuard, PaymentError> {
    |     ^^^^^^^^^^^^^^^^^^^^^^^^^^^^^^^^^^^^^^^^^^^^^^^^^^^^^^^^^^^^^^^^^^^^^^^^^^^^^ method `FsPaymentStore::acquire_file_lock` is reachable at visibility `pub(crate)`
    |
note: but type `FileLockGuard` is only usable at visibility `pub(self)`
   --> src/handlers/pay_handler.rs:206:1
    |
206 | struct FileLockGuard {
    | ^^^^^^^^^^^^^^^^^^^^

warning: type `AABB` is more private than the item `execution::<impl UnifiedGPUCompute>::connected_extent`
   --> src/utils/unified_gpu_compute/execution.rs:133:5
    |
133 |     pub fn connected_extent(&self) -> Result<Option<AABB>> {
    |     ^^^^^^^^^^^^^^^^^^^^^^^^^^^^^^^^^^^^^^^^^^^^^^^^^^^^^^ method `execution::<impl UnifiedGPUCompute>::connected_extent` is reachable at visibility `pub`
    |
note: but type `AABB` is only usable at visibility `pub(crate)`
   --> src/utils/unified_gpu_compute/types.rs:93:1
    |
 93 | pub(crate) struct AABB {
    | ^^^^^^^^^^^^^^^^^^^^^^

warning: associated items `apply_ontology_constraints` and `report_axioms_to_domain` are never used
   --> src/actors/gpu/ontology_constraint_actor.rs:183:8
    |
154 | impl OntologyConstraintActor {
    | ---------------------------- associated items in this implementation
...
183 |     fn apply_ontology_constraints(
    |        ^^^^^^^^^^^^^^^^^^^^^^^^^^
...
368 |     fn report_axioms_to_domain(report: &OntologyReasoningReport) -> Vec<DomainOwlAxiom> {
    |        ^^^^^^^^^^^^^^^^^^^^^^^
    |
    = note: `#[warn(dead_code)]` (part of `#[warn(unused)]`) on by default

warning: method `has_node_changed_significantly` is never used
   --> src/handlers/socket_flow_handler/types.rs:238:19
    |
145 | impl SocketFlowServer {
    | --------------------- method in this implementation
...
238 |     pub(crate) fn has_node_changed_significantly(
    |                   ^^^^^^^^^^^^^^^^^^^^^^^^^^^^^^

warning: function `constant_time_eq` is never used
  --> src/handlers/image_gen_handler.rs:49:4
   |
49 | fn constant_time_eq(a: &[u8], b: &[u8]) -> bool {
   |    ^^^^^^^^^^^^^^^^

warning: function `check_agent_key` is never used
  --> src/handlers/image_gen_handler.rs:67:4
   |
67 | fn check_agent_key(expected: Option<&str>, provided: Option<&str>) -> bool {
   |    ^^^^^^^^^^^^^^^

warning: field `params` is never read
   --> src/handlers/pay_handler.rs:837:5
    |
834 | struct EstimateRequest {
    |        --------------- field in this struct
...
837 |     params: Option<serde_json::Value>,
    |     ^^^^^^
    |
    = note: `EstimateRequest` has a derived impl for the trait `Debug`, but this is intentionally ignored during dead code analysis

warning: field `topology_cache` is never read
   --> src/services/agent_visualization_protocol.rs:439:5
    |
434 | pub struct AgentVisualizationProtocol {
    |            -------------------------- field in this struct
...
439 |     topology_cache: std::collections::HashMap<String, SwarmTopologyData>,
    |     ^^^^^^^^^^^^^^

warning: variant `NoOp` is never constructed
   --> src/services/role_store.rs:773:5
    |
771 | enum TxOutcome {
    |      --------- variant in this enum
772 |     Ok,
773 |     NoOp,
    |     ^^^^

warning: `visionclaw-server` (lib) generated 21 warnings (run `cargo fix --lib -p visionclaw-server` to apply 8 suggestions)
    Finished `dev` profile [optimized + debuginfo] target(s) in 1m 37s
warning: the following packages contain code that will be rejected by a future version of Rust: quick-xml v0.21.0, quick-xml v0.22.0
note: to see what the problems were, use the option `--future-incompat-report`, or run `cargo report future-incompatibilities --id 1`
