warning: visionclaw-gpu@0.1.0: visionclaw-gpu: Auto-detected GPU sm_86
warning: visionclaw-gpu@0.1.0: visionclaw-gpu: Building for sm_86
warning: visionclaw-gpu@0.1.0: visionclaw-gpu: Compiling 9 CUDA kernels to PTX
warning: visionclaw-gpu@0.1.0: visionclaw-gpu: visionclaw_unified source=src/cuda_sources/visionclaw_unified.cu provenance=compiled isa=8.8 original=a7149a963e39aff2 rewritten=a7149a963e39aff2
warning: visionclaw-gpu@0.1.0: visionclaw-gpu: gpu_clustering_kernels source=src/cuda_sources/gpu_clustering_kernels.cu provenance=compiled isa=8.8 original=3d61cff573e6643e rewritten=3d61cff573e6643e
warning: visionclaw-gpu@0.1.0: visionclaw-gpu: dynamic_grid source=src/cuda_sources/dynamic_grid.cu provenance=compiled isa=8.8 original=3b5a8fca62e1e6b3 rewritten=3b5a8fca62e1e6b3
warning: visionclaw-gpu@0.1.0: visionclaw-gpu: gpu_aabb_reduction source=src/cuda_sources/gpu_aabb_reduction.cu provenance=compiled isa=8.8 original=fbeb10b8613a4ecf rewritten=fbeb10b8613a4ecf
warning: visionclaw-gpu@0.1.0: visionclaw-gpu: gpu_landmark_apsp source=src/cuda_sources/gpu_landmark_apsp.cu provenance=compiled isa=8.8 original=a8293ea28f5cf94d rewritten=a8293ea28f5cf94d
warning: visionclaw-gpu@0.1.0: visionclaw-gpu: sssp_compact source=src/cuda_sources/sssp_compact.cu provenance=compiled isa=8.8 original=968bd5dd10ca37b8 rewritten=968bd5dd10ca37b8
warning: visionclaw-gpu@0.1.0: visionclaw-gpu: semantic_forces source=src/cuda_sources/semantic_forces.cu provenance=compiled isa=8.8 original=e096eacd94289510 rewritten=e096eacd94289510
warning: visionclaw-gpu@0.1.0: visionclaw-gpu: pagerank source=src/cuda_sources/pagerank.cu provenance=compiled isa=8.8 original=f0cc4ef336684beb rewritten=f0cc4ef336684beb
warning: visionclaw-gpu@0.1.0: visionclaw-gpu: gpu_connected_components source=src/cuda_sources/gpu_connected_components.cu provenance=compiled isa=8.8 original=dfb1fad6f6696d4d rewritten=dfb1fad6f6696d4d
warning: visionclaw-gpu@0.1.0: visionclaw-gpu: All PTX compilation done (9 modules)
warning: visionclaw-gpu@0.1.0: visionclaw-gpu: Native CUDA linking complete
warning: visionclaw-server@0.1.0: webxr build.rs: GPU feature not enabled
warning: use of deprecated field `models::protected_settings::NetworkSettings::enable_http2`: Not enforced by server - use reverse proxy
   --> crates/visionclaw-domain/src/models/protected_settings.rs:114:17
    |
114 |                 enable_http2: true,
    |                 ^^^^^^^^^^^^^^^^^^
    |
    = note: `#[warn(deprecated)]` on by default

warning: use of deprecated field `models::protected_settings::NetworkSettings::min_tls_version`: Not enforced by server - use reverse proxy
   --> crates/visionclaw-domain/src/models/protected_settings.rs:116:17
    |
116 |                 min_tls_version: "TLS1.2".to_string(),
    |                 ^^^^^^^^^^^^^^^^^^^^^^^^^^^^^^^^^^^^^

warning: use of deprecated field `models::protected_settings::SecuritySettings::cookie_httponly`: Not enforced by server
   --> crates/visionclaw-domain/src/models/protected_settings.rs:126:17
    |
126 |                 cookie_httponly: true,
    |                 ^^^^^^^^^^^^^^^^^^^^^

warning: use of deprecated field `models::protected_settings::SecuritySettings::cookie_samesite`: Not enforced by server
   --> crates/visionclaw-domain/src/models/protected_settings.rs:127:17
    |
127 |                 cookie_samesite: "Lax".to_string(),
    |                 ^^^^^^^^^^^^^^^^^^^^^^^^^^^^^^^^^^

warning: use of deprecated field `models::protected_settings::SecuritySettings::cookie_secure`: Not enforced by server
   --> crates/visionclaw-domain/src/models/protected_settings.rs:128:17
    |
128 |                 cookie_secure: false,
    |                 ^^^^^^^^^^^^^^^^^^^^

warning: `visionclaw-domain` (lib) generated 5 warnings
warning: unused variable: `old`
   --> crates/visionclaw-protocol/src/protocols/binary_settings_protocol.rs:588:9
    |
588 |         old: &BinaryValue,
    |         ^^^ help: if this is intentional, prefix it with an underscore: `_old`
    |
    = note: `#[warn(unused_variables)]` (part of `#[warn(unused)]`) on by default

warning: method `compute_value_delta` is never used
   --> crates/visionclaw-protocol/src/protocols/binary_settings_protocol.rs:586:8
    |
130 | impl BinarySettingsProtocol {
    | --------------------------- method in this implementation
...
586 |     fn compute_value_delta(
    |        ^^^^^^^^^^^^^^^^^^^
    |
    = note: `#[warn(dead_code)]` (part of `#[warn(unused)]`) on by default

warning: `visionclaw-protocol` (lib) generated 2 warnings (run `cargo fix --lib -p visionclaw-protocol` to apply 1 suggestion)
warning: variable does not need to be mutable
    --> crates/visionclaw-adapters/src/oxigraph_ontology_repository.rs:1360:13
     |
1360 |         let mut alloc_id = |iri: &str, table: &mut HashMap<String, u32>, nx: &mut u32| -> u32 {
     |             ----^^^^^^^^
     |             |
     |             help: remove this `mut`
     |
     = note: `#[warn(unused_mut)]` (part of `#[warn(unused)]`) on by default

warning: constant `P_COMMENT` is never used
   --> crates/visionclaw-adapters/src/oxigraph_ontology_repository.rs:497:7
    |
497 | const P_COMMENT: &str = "http://www.w3.org/2000/01/rdf-schema#comment";
    |       ^^^^^^^^^
    |
    = note: `#[warn(dead_code)]` (part of `#[warn(unused)]`) on by default

warning: unused import: `std::collections::HashMap`
 --> crates/visionclaw-ontology/src/inference/owl_parser.rs:8:5
  |
8 | use std::collections::HashMap;
  |     ^^^^^^^^^^^^^^^^^^^^^^^^^
  |
  = note: `#[warn(unused_imports)]` (part of `#[warn(unused)]`) on by default

warning: unexpected `cfg` condition value: `nostr-verify`
   --> crates/visionclaw-ontology/src/services/jsonld_validator/signature.rs:198:11
    |
198 |     #[cfg(feature = "nostr-verify")]
    |           ^^^^^^^^^^^^^^^^^^^^^^^^
    |
    = note: expected values for `feature` are: `default`
    = help: consider adding `nostr-verify` as a feature in `Cargo.toml`
    = note: see <https://doc.rust-lang.org/nightly/rustc/check-cfg/cargo-specifics.html> for more information about checking conditional configuration
    = note: `#[warn(unexpected_cfgs)]` on by default

warning: unexpected `cfg` condition value: `nostr-verify`
   --> crates/visionclaw-ontology/src/services/jsonld_validator/signature.rs:212:15
    |
212 |     #[cfg(not(feature = "nostr-verify"))]
    |               ^^^^^^^^^^^^^^^^^^^^^^^^
    |
    = note: expected values for `feature` are: `default`
    = help: consider adding `nostr-verify` as a feature in `Cargo.toml`
    = note: see <https://doc.rust-lang.org/nightly/rustc/check-cfg/cargo-specifics.html> for more information about checking conditional configuration

warning: unexpected `cfg` condition value: `gpu`
   --> crates/visionclaw-ontology/src/validation/actor_validation.rs:136:23
    |
136 |         "gpu" => cfg!(feature = "gpu"),
    |                       ^^^^^^^^^^^^^^^
    |
    = note: expected values for `feature` are: `default`
    = help: consider adding `gpu` as a feature in `Cargo.toml`
    = note: see <https://doc.rust-lang.org/nightly/rustc/check-cfg/cargo-specifics.html> for more information about checking conditional configuration

warning: unexpected `cfg` condition value: `ontology`
   --> crates/visionclaw-ontology/src/validation/actor_validation.rs:137:28
    |
137 |         "ontology" => cfg!(feature = "ontology"),
    |                            ^^^^^^^^^^^^^^^^^^^^
    |
    = note: expected values for `feature` are: `default`
    = help: consider adding `ontology` as a feature in `Cargo.toml`
    = note: see <https://doc.rust-lang.org/nightly/rustc/check-cfg/cargo-specifics.html> for more information about checking conditional configuration

warning: `visionclaw-adapters` (lib) generated 2 warnings (run `cargo fix --lib -p visionclaw-adapters` to apply 1 suggestion)
warning: `visionclaw-ontology` (lib) generated 5 warnings (run `cargo fix --lib -p visionclaw-ontology` to apply 1 suggestion)
   Compiling visionclaw-server v0.1.0 (/home/devuser/workspace/project)
warning: unused import: `std::collections::HashMap`
   --> src/actors/client_filter.rs:146:9
    |
146 |     use std::collections::HashMap;
    |         ^^^^^^^^^^^^^^^^^^^^^^^^^
    |
    = note: `#[warn(unused_imports)]` (part of `#[warn(unused)]`) on by default

warning: unused import: `MetadataStore`
   --> src/actors/client_filter.rs:147:57
    |
147 |     use visionclaw_domain::models::metadata::{Metadata, MetadataStore};
    |                                                         ^^^^^^^^^^^^^

warning: unused import: `crate::physics::ontology_constraints::OWLAxiomType`
   --> src/actors/gpu/ontology_constraint_actor.rs:775:9
    |
775 |     use crate::physics::ontology_constraints::OWLAxiomType;
    |         ^^^^^^^^^^^^^^^^^^^^^^^^^^^^^^^^^^^^^^^^^^^^^^^^^^

warning: unused import: `chrono::Utc`
   --> src/actors/event_coordination.rs:130:9
    |
130 |     use chrono::Utc;
    |         ^^^^^^^^^^^

warning: unused import: `super::*`
   --> src/adapters/actor_graph_repository.rs:185:9
    |
185 |     use super::*;
    |         ^^^^^^^^

warning: unused imports: `from_json` and `to_json`
   --> src/client/mcp_tcp_client.rs:336:30
    |
336 |     use crate::utils::json::{from_json, to_json};
    |                              ^^^^^^^^^  ^^^^^^^

warning: unused import: `chrono::Utc`
   --> src/events/bus.rs:351:9
    |
351 |     use chrono::Utc;
    |         ^^^^^^^^^^^

warning: unused import: `chrono::Utc`
   --> src/events/store.rs:380:9
    |
380 |     use chrono::Utc;
    |         ^^^^^^^^^^^

warning: unused imports: `error` and `info`
 --> src/handlers/api_handler/analytics/community.rs:1:11
  |
1 | use log::{error, info};
  |           ^^^^^  ^^^^

warning: unused imports: `CommunityDetectionAlgorithm` and `RunCommunityDetection`
 --> src/handlers/api_handler/analytics/community.rs:7:5
  |
7 |     CommunityDetectionAlgorithm, CommunityDetectionParams, RunCommunityDetection,
  |     ^^^^^^^^^^^^^^^^^^^^^^^^^^^                            ^^^^^^^^^^^^^^^^^^^^^

warning: unused import: `crate::AppState`
  --> src/handlers/api_handler/analytics/community.rs:10:5
   |
10 | use crate::AppState;
   |     ^^^^^^^^^^^^^^^

warning: unused import: `ClusteringParams`
  --> src/handlers/api_handler/analytics/clustering_handlers.rs:16:35
   |
16 |     Cluster, ClusterFocusRequest, ClusteringParams, ClusteringRequest, ClusteringResponse,
   |                                   ^^^^^^^^^^^^^^^^

warning: unused import: `ClusteringParams`
 --> src/handlers/api_handler/analytics/clustering.rs:3:22
  |
3 | use super::{Cluster, ClusteringParams, ClusteringRequest};
  |                      ^^^^^^^^^^^^^^^^

warning: unused import: `GetNodeData as GetGpuNodeData`
 --> src/handlers/api_handler/files/mod.rs:2:27
  |
2 |     AddNodesFromMetadata, GetNodeData as GetGpuNodeData, GetSettings, UpdateMetadata,
  |                           ^^^^^^^^^^^^^^^^^^^^^^^^^^^^^

warning: unused imports: `App` and `test`
    --> src/handlers/api_handler/ontology/mod.rs:1717:21
     |
1717 |     use actix_web::{test, App};
     |                     ^^^^  ^^^

warning: unused import: `serde_json::Value`
    --> src/handlers/api_handler/ontology/mod.rs:1718:9
     |
1718 |     use serde_json::Value;
     |         ^^^^^^^^^^^^^^^^^

warning: unused import: `super::*`
   --> src/handlers/api_handler/ontology_physics/mod.rs:513:9
    |
513 |     use super::*;
    |         ^^^^^^^^

warning: unused import: `GetGPUStatus`
 --> src/handlers/consolidated_health_handler.rs:1:31
  |
1 | use crate::actors::messages::{GetGPUStatus, GetGraphData, GetMetadata, GetSettings};
  |                               ^^^^^^^^^^^^

warning: unused imports: `App` and `test`
   --> src/handlers/graph_export_handler.rs:334:21
    |
334 |     use actix_web::{test, App};
    |                     ^^^^  ^^^

warning: unused import: `AccessMode`
  --> src/handlers/solid_proxy_handler.rs:63:58
   |
63 | use solid_pod_rs::wac::{evaluate_access, method_to_mode, AccessMode};
   |                                                          ^^^^^^^^^^

warning: unused import: `crate::types::vec3::Vec3Data`
   --> src/physics/ontology_constraints.rs:642:9
    |
642 |     use crate::types::vec3::Vec3Data;
    |         ^^^^^^^^^^^^^^^^^^^^^^^^^^^^

warning: unused import: `crate::utils::socket_flow_messages::BinaryNodeData`
   --> src/physics/semantic_constraints.rs:926:9
    |
926 |     use crate::utils::socket_flow_messages::BinaryNodeData;
    |         ^^^^^^^^^^^^^^^^^^^^^^^^^^^^^^^^^^^^^^^^^^^^^^^^^^

warning: unused import: `crate::utils::socket_flow_messages::BinaryNodeData`
   --> src/physics/stress_majorization.rs:912:9
    |
912 |     use crate::utils::socket_flow_messages::BinaryNodeData;
    |         ^^^^^^^^^^^^^^^^^^^^^^^^^^^^^^^^^^^^^^^^^^^^^^^^^^

warning: unused import: `AdvancedParams`
 --> src/physics/integration_tests.rs:9:23
  |
9 |         constraints::{AdvancedParams, ConstraintSet},
  |                       ^^^^^^^^^^^^^^

warning: unused import: `crate::utils::socket_flow_messages::BinaryNodeData`
  --> src/physics/integration_tests.rs:16:9
   |
16 |     use crate::utils::socket_flow_messages::BinaryNodeData;
   |         ^^^^^^^^^^^^^^^^^^^^^^^^^^^^^^^^^^^^^^^^^^^^^^^^^^

warning: unused import: `std::collections::HashMap`
  --> src/physics/integration_tests.rs:17:9
   |
17 |     use std::collections::HashMap;
   |         ^^^^^^^^^^^^^^^^^^^^^^^^^

warning: unnecessary parentheses around `if` condition
   --> src/services/github/api.rs:146:23
    |
146 |             } else if (raw_path == raw_base || raw_path.starts_with(&format!("{raw_base}/"))) {
    |                       ^                                                                     ^
    |
    = note: `#[warn(unused_parens)]` (part of `#[warn(unused)]`) on by default
help: remove these parentheses
    |
146 -             } else if (raw_path == raw_base || raw_path.starts_with(&format!("{raw_base}/"))) {
146 +             } else if raw_path == raw_base || raw_path.starts_with(&format!("{raw_base}/")) {
    |

warning: unused imports: `from_json` and `to_json`
   --> src/services/graph_serialization.rs:362:30
    |
362 |     use crate::utils::json::{from_json, to_json};
    |                              ^^^^^^^^^  ^^^^^^^

warning: unused import: `super::*`
   --> src/services/ontology_enrichment_service.rs:261:9
    |
261 |     use super::*;
    |         ^^^^^^^^

warning: unused import: `super::*`
   --> src/services/ontology_reasoner.rs:585:9
    |
585 |     use super::*;
    |         ^^^^^^^^

warning: unused import: `super::*`
   --> src/services/ontology_reasoning_service.rs:466:9
    |
466 |     use super::*;
    |         ^^^^^^^^

warning: unused imports: `from_json` and `to_json`
   --> src/types/mcp_responses.rs:181:30
    |
181 |     use crate::utils::json::{from_json, to_json};
    |                              ^^^^^^^^^  ^^^^^^^

warning: unused import: `actix::prelude::*`
   --> src/utils/actor_timeout.rs:121:9
    |
121 |     use actix::prelude::*;
    |         ^^^^^^^^^^^^^^^^^

warning: unused imports: `from_json` and `to_json`
   --> src/utils/audio_processor.rs:148:30
    |
148 |     use crate::utils::json::{from_json, to_json};
    |                              ^^^^^^^^^  ^^^^^^^

warning: unused import: `super::*`
   --> src/utils/response_macros.rs:396:9
    |
396 |     use super::*;
    |         ^^^^^^^^

warning: unused import: `crate::utils::time`
   --> src/utils/response_macros.rs:397:9
    |
397 |     use crate::utils::time;
    |         ^^^^^^^^^^^^^^^^^^

warning: unused import: `sleep`
   --> src/utils/network/health_check.rs:578:23
    |
578 |     use tokio::time::{sleep, Duration};
    |                       ^^^^^

warning: unused imports: `Duration` and `sleep`
   --> src/utils/network/mod.rs:337:23
    |
337 |     use tokio::time::{sleep, Duration};
    |                       ^^^^^  ^^^^^^^^

warning: unused import: `std::thread`
   --> src/utils/validation/rate_limit.rs:509:9
    |
509 |     use std::thread;
    |         ^^^^^^^^^^^

warning: unused imports: `AxiomType`, `OntologyRepositoryError`, `PathfindingCacheEntry`, `PropertyType`, and `ValidationReport`
  --> src/test_helpers.rs:15:5
   |
15 |     AxiomType, InferenceResults, OntologyMetrics, OntologyRepository, OntologyRepositoryError,
   |     ^^^^^^^^^                                                         ^^^^^^^^^^^^^^^^^^^^^^^
16 |     OwlAxiom, OwlClass, OwlProperty, PathfindingCacheEntry, PropertyType, Result as OntResult,
   |                                      ^^^^^^^^^^^^^^^^^^^^^  ^^^^^^^^^^^^
17 |     ValidationReport,
   |     ^^^^^^^^^^^^^^^^

warning: use of deprecated constant `gpu::dynamic_buffer_manager::tests::test_buffer_config_creation`: Use crate::gpu::memory_manager::GpuMemoryManager instead
   --> src/gpu/dynamic_buffer_manager.rs:411:5
    |
411 | /     fn test_buffer_config_creation() {
412 | |         let config = BufferConfig::for_positions();
413 | |         assert_eq!(config.bytes_per_node, 12);
414 | |         assert!(config.growth_factor > 1.0);
415 | |     }
    | |_____^
    |
    = note: `#[warn(deprecated)]` on by default

warning: use of deprecated constant `gpu::dynamic_buffer_manager::tests::test_buffer_stats`: Use crate::gpu::memory_manager::GpuMemoryManager instead
   --> src/gpu/dynamic_buffer_manager.rs:429:5
    |
429 | /     fn test_buffer_stats() {
430 | |         let handler = get_global_cuda_error_handler();
431 | |         let config = BufferConfig::default();
432 | |         let buffer = DynamicGpuBuffer::new("test".to_string(), config, handler);
...   |
437 | |         assert_eq!(stats.utilization, 0.0);
438 | |     }
    | |_____^

warning: use of deprecated constant `gpu::dynamic_buffer_manager::tests::test_dynamic_buffer_manager`: Use crate::gpu::memory_manager::GpuMemoryManager instead
   --> src/gpu/dynamic_buffer_manager.rs:418:5
    |
418 | /     fn test_dynamic_buffer_manager() {
419 | |         let handler = get_global_cuda_error_handler();
420 | |         let mut manager = DynamicBufferManager::new(handler);
...   |
425 | |         assert!(!buffer.is_allocated());
426 | |     }
    | |_____^

warning: use of deprecated module `visionclaw_gpu::memory`: Use crate::gpu::memory_manager::GpuMemoryManager instead
  --> src/utils/mod.rs:16:25
   |
16 | pub use visionclaw_gpu::memory as gpu_memory;
   |                         ^^^^^^

warning: unused import: `crate::ports::knowledge_graph_repository::KnowledgeGraphRepository`
 --> src/services/file_service.rs:3:5
  |
3 | use crate::ports::knowledge_graph_repository::KnowledgeGraphRepository;
  |     ^^^^^^^^^^^^^^^^^^^^^^^^^^^^^^^^^^^^^^^^^^^^^^^^^^^^^^^^^^^^^^^^^^

warning: variable does not need to be mutable
    --> src/actors/client_coordinator_actor.rs:2053:13
     |
2053 |         let mut manager = ClientManager::new();
     |             ----^^^^^^^
     |             |
     |             help: remove this `mut`
     |
     = note: `#[warn(unused_mut)]` (part of `#[warn(unused)]`) on by default

warning: variable does not need to be mutable
    --> src/actors/gpu/force_compute_actor.rs:1167:25
     |
1167 |                     let mut class_masses = vec![1.0f32; num_nodes];
     |                         ----^^^^^^^^^^^^
     |                         |
     |                         help: remove this `mut`

warning: unused variable: `gpu_manager_addr`
    --> src/actors/graph_service_supervisor.rs:1546:13
     |
1546 |         let gpu_manager_addr = self.gpu_manager.clone();
     |             ^^^^^^^^^^^^^^^^ help: if this is intentional, prefix it with an underscore: `_gpu_manager_addr`
     |
     = note: `#[warn(unused_variables)]` (part of `#[warn(unused)]`) on by default

warning: variable does not need to be mutable
    --> src/actors/semantic_processor_actor.rs:1608:13
     |
1608 |         let mut gpu_analyzer = match self.gpu_analyzer.take() {
     |             ----^^^^^^^^^^^^
     |             |
     |             help: remove this `mut`

warning: variable does not need to be mutable
    --> src/actors/semantic_processor_actor.rs:1656:13
     |
1656 |         let mut gpu_analyzer = match self.gpu_analyzer.take() {
     |             ----^^^^^^^^^^^^
     |             |
     |             help: remove this `mut`

warning: unused variable: `members`
   --> src/services/github_sync_service.rs:880:17
    |
880 |             let members = match domain_members.get(slug) {
    |                 ^^^^^^^ help: if this is intentional, prefix it with an underscore: `_members`

warning: unused variable: `axiom`
   --> src/constraints/axiom_mapper.rs:489:13
    |
489 |         let axiom = OWLAxiom::asserted(AxiomType::DisjointClasses {
    |             ^^^^^ help: if this is intentional, prefix it with an underscore: `_axiom`

warning: unused variable: `axiom`
   --> src/constraints/axiom_mapper.rs:544:13
    |
544 |         let axiom = OWLAxiom::asserted(AxiomType::EquivalentClasses {
    |             ^^^^^ help: if this is intentional, prefix it with an underscore: `_axiom`

warning: unused variable: `axiom`
   --> src/constraints/axiom_mapper.rs:595:13
    |
595 |         let axiom = OWLAxiom::asserted(AxiomType::DisjointUnion {
    |             ^^^^^ help: if this is intentional, prefix it with an underscore: `_axiom`

warning: unused variable: `axiom`
   --> src/constraints/axiom_mapper.rs:609:13
    |
609 |         let axiom = OWLAxiom::asserted(AxiomType::PartOf {
    |             ^^^^^ help: if this is intentional, prefix it with an underscore: `_axiom`

warning: variable does not need to be mutable
   --> src/constraints/constraint_lod.rs:416:13
    |
416 |         let mut constraints = vec![
    |             ----^^^^^^^^^^^
    |             |
    |             help: remove this `mut`

warning: variable does not need to be mutable
   --> src/gpu/visual_analytics.rs:639:13
    |
639 |         let mut layer = IsolationLayer::new(-1);
    |             ----^^^^^
    |             |
    |             help: remove this `mut`

warning: type `AssignRoleRequest` is more private than the item `assign_role`
   --> src/handlers/admin_rbac_handler.rs:123:1
    |
123 | / pub async fn assign_role(
124 | |     req: HttpRequest,
125 | |     path: web::Path<String>,
126 | |     body: web::Json<AssignRoleRequest>,
127 | |     nostr: web::Data<NostrService>,
128 | | ) -> impl Responder {
    | |___________________^ function `assign_role` is reachable at visibility `pub`
    |
note: but type `AssignRoleRequest` is only usable at visibility `pub(self)`
   --> src/handlers/admin_rbac_handler.rs:59:1
    |
 59 | struct AssignRoleRequest {
    | ^^^^^^^^^^^^^^^^^^^^^^^^
    = note: `#[warn(private_interfaces)]` on by default

warning: type `FileLockGuard` is more private than the item `pay_handler::FsPaymentStore::acquire_file_lock`
   --> src/handlers/pay_handler.rs:251:5
    |
251 |     pub(crate) fn acquire_file_lock(&self) -> Result<FileLockGuard, PaymentError> {
    |     ^^^^^^^^^^^^^^^^^^^^^^^^^^^^^^^^^^^^^^^^^^^^^^^^^^^^^^^^^^^^^^^^^^^^^^^^^^^^^ method `pay_handler::FsPaymentStore::acquire_file_lock` is reachable at visibility `pub(crate)`
    |
note: but type `FileLockGuard` is only usable at visibility `pub(self)`
   --> src/handlers/pay_handler.rs:206:1
    |
206 | struct FileLockGuard {
    | ^^^^^^^^^^^^^^^^^^^^

warning: type `unified_gpu_compute::types::AABB` is more private than the item `unified_gpu_compute::execution::<impl UnifiedGPUCompute>::connected_extent`
   --> src/utils/unified_gpu_compute/execution.rs:133:5
    |
133 |     pub fn connected_extent(&self) -> Result<Option<AABB>> {
    |     ^^^^^^^^^^^^^^^^^^^^^^^^^^^^^^^^^^^^^^^^^^^^^^^^^^^^^^ method `unified_gpu_compute::execution::<impl UnifiedGPUCompute>::connected_extent` is reachable at visibility `pub`
    |
note: but type `unified_gpu_compute::types::AABB` is only usable at visibility `pub(crate)`
   --> src/utils/unified_gpu_compute/types.rs:93:1
    |
 93 | pub(crate) struct AABB {
    | ^^^^^^^^^^^^^^^^^^^^^^

warning: associated items `apply_ontology_constraints` and `report_axioms_to_domain` are never used
   --> src/actors/gpu/ontology_constraint_actor.rs:183:8
    |
154 | impl OntologyConstraintActor {
    | ---------------------------- associated items in this implementation
...
183 |     fn apply_ontology_constraints(
    |        ^^^^^^^^^^^^^^^^^^^^^^^^^^
...
368 |     fn report_axioms_to_domain(report: &OntologyReasoningReport) -> Vec<DomainOwlAxiom> {
    |        ^^^^^^^^^^^^^^^^^^^^^^^
    |
    = note: `#[warn(dead_code)]` (part of `#[warn(unused)]`) on by default

warning: function `validate_community_params` is never used
   --> src/handlers/api_handler/analytics/community.rs:139:4
    |
139 | fn validate_community_params(params: &CommunityDetectionParams) -> Result<(), String> {
    |    ^^^^^^^^^^^^^^^^^^^^^^^^^

warning: function `convert_gpu_result_to_communities` is never used
   --> src/handlers/api_handler/analytics/community.rs:153:4
    |
153 | fn convert_gpu_result_to_communities(
    |    ^^^^^^^^^^^^^^^^^^^^^^^^^^^^^^^^^

warning: function `generate_community_color` is never used
   --> src/handlers/api_handler/analytics/community.rs:193:4
    |
193 | fn generate_community_color(community_id: usize) -> String {
    |    ^^^^^^^^^^^^^^^^^^^^^^^^

warning: method `has_node_changed_significantly` is never used
   --> src/handlers/socket_flow_handler/types.rs:238:19
    |
145 | impl SocketFlowServer {
    | --------------------- method in this implementation
...
238 |     pub(crate) fn has_node_changed_significantly(
    |                   ^^^^^^^^^^^^^^^^^^^^^^^^^^^^^^

warning: field `value` is never read
   --> src/handlers/websocket_utils.rs:468:13
    |
467 |         struct TestData {
    |                -------- field in this struct
468 |             value: String,
    |             ^^^^^

warning: field `params` is never read
   --> src/handlers/pay_handler.rs:837:5
    |
834 | struct EstimateRequest {
    |        --------------- field in this struct
...
837 |     params: Option<serde_json::Value>,
    |     ^^^^^^
    |
    = note: `EstimateRequest` has a derived impl for the trait `Debug`, but this is intentionally ignored during dead code analysis

warning: field `topology_cache` is never read
   --> src/services/agent_visualization_protocol.rs:439:5
    |
434 | pub struct AgentVisualizationProtocol {
    |            -------------------------- field in this struct
...
439 |     topology_cache: std::collections::HashMap<String, SwarmTopologyData>,
    |     ^^^^^^^^^^^^^^

warning: variant `NoOp` is never constructed
   --> src/services/role_store.rs:773:5
    |
771 | enum TxOutcome {
    |      --------- variant in this enum
772 |     Ok,
773 |     NoOp,
    |     ^^^^

warning: `visionclaw-server` (lib test) generated 69 warnings (run `cargo fix --lib -p visionclaw-server --tests` to apply 52 suggestions)
    Finished `test` profile [optimized + debuginfo] target(s) in 38.37s
warning: the following packages contain code that will be rejected by a future version of Rust: quick-xml v0.21.0, quick-xml v0.22.0
note: to see what the problems were, use the option `--future-incompat-report`, or run `cargo report future-incompatibilities --id 1`
     Running unittests src/lib.rs (target/debug/deps/visionclaw_server-36747ce5af3c2b9b)

running 3 tests
test handlers::socket_flow_handler::http_handler::signed_upgrade_tests::direct_upgrade_uses_http_scheme_and_host ... ok
test handlers::socket_flow_handler::http_handler::signed_upgrade_tests::external_proxy_url_and_encoded_query_match_browser_http_upgrade ... ok
test handlers::socket_flow_handler::http_handler::signed_upgrade_tests::handshake_never_echoes_authentication_protocol ... ok

test result: ok. 3 passed; 0 failed; 0 ignored; 0 measured; 1368 filtered out; finished in 0.00s

