[1/9] Parsing knowledge/pages...
       8446 pages (8446 OntologyClass, 8432 public)
[2/9] Validating...
       0 errors, 84 warnings
[3/9] Generating Turtle...
       265449 triples → /tmp/.publication-er2o46et/data/ontology.ttl
[4/9] Generating WebVOWL JSON...
       8432 classes → /tmp/.publication-er2o46et/data/ontology.json
[5/9] Computing reasoning closure...
       8432 classes, 20851 inferred triples → /tmp/.publication-er2o46et/data/ontology-inferred.ttl
[6/9] Generating Page API...
       8432 page files → /tmp/.publication-er2o46et/api/pages
[7/9] Generating Search Index...
       8432 entries → /tmp/.publication-er2o46et/api/search-index.json
[8/9] Emitting graph tiers (NGG1)...
       8432 nodes, 102244 edges → /tmp/.publication-er2o46et/data/graph
[9/10] Emitting scaffold index...
       8432 classes → /tmp/.publication-er2o46et/data/scaffold-index.json
[10/10] Emitting prose index...
       5855 pages (748 with landscape) → /tmp/.publication-er2o46et/data/prose-index.json

Pipeline complete in 44.1s
  Output: /tmp/.publication-er2o46et
  Classes: 8432
  Triples: 265449
  Pages: 8432
  Search: 8432
