vite v6.4.3 building for production...
transforming...
✓ 2151 modules transformed.
rendering chunks...
computing gzip size...
../../../../../../../tmp/visiongraph-mobile-candidate/index.html                             2.01 kB │ gzip:   1.01 kB
../../../../../../../tmp/visiongraph-mobile-candidate/assets/physics.worker-O_zFWhvM.js      3.50 kB
../../../../../../../tmp/visiongraph-mobile-candidate/assets/vowl_wasm-CWB8NafY.js          12.61 kB
../../../../../../../tmp/visiongraph-mobile-candidate/assets/vowl_wasm_bg-Dq8yBIyp.wasm  1,112.26 kB │ gzip: 381.48 kB
../../../../../../../tmp/visiongraph-mobile-candidate/assets/HomePage-tn0RQdqM.css           0.00 kB │ gzip:   0.02 kB
../../../../../../../tmp/visiongraph-mobile-candidate/assets/PageView-BkWxxcoK.css           0.02 kB │ gzip:   0.04 kB
../../../../../../../tmp/visiongraph-mobile-candidate/assets/SearchView-CLTe30pf.css         0.20 kB │ gzip:   0.15 kB
../../../../../../../tmp/visiongraph-mobile-candidate/assets/GraphPage-BWsn_p18.css         13.90 kB │ gzip:   3.13 kB
../../../../../../../tmp/visiongraph-mobile-candidate/assets/index-BBOMtWX2.css             68.33 kB │ gzip:  13.03 kB
../../../../../../../tmp/visiongraph-mobile-candidate/assets/scope-GLj7WEjH.js               1.84 kB │ gzip:   0.80 kB
../../../../../../../tmp/visiongraph-mobile-candidate/assets/useStats-BKIRXfWH.js            2.23 kB │ gzip:   0.99 kB
../../../../../../../tmp/visiongraph-mobile-candidate/assets/pageMeta-Cz715h9B.js            2.46 kB │ gzip:   1.34 kB
../../../../../../../tmp/visiongraph-mobile-candidate/assets/SearchView-CDzkW8nn.js          3.49 kB │ gzip:   1.37 kB
../../../../../../../tmp/visiongraph-mobile-candidate/assets/DataPage-C1IqXwM9.js            5.14 kB │ gzip:   2.28 kB
../../../../../../../tmp/visiongraph-mobile-candidate/assets/AboutPage-UGHZzCOO.js           7.87 kB │ gzip:   3.27 kB
../../../../../../../tmp/visiongraph-mobile-candidate/assets/HomePage-CzpRUPeU.js            9.22 kB │ gzip:   3.42 kB
../../../../../../../tmp/visiongraph-mobile-candidate/assets/fuse-DRqTZInw.js               17.95 kB │ gzip:   6.27 kB
../../../../../../../tmp/visiongraph-mobile-candidate/assets/vendor-C7P63gMA.js             75.68 kB │ gzip:  24.74 kB
../../../../../../../tmp/visiongraph-mobile-candidate/assets/index-DOlu7mnq.js             247.91 kB │ gzip:  77.52 kB
../../../../../../../tmp/visiongraph-mobile-candidate/assets/PageView-C64h1qOO.js          393.92 kB │ gzip: 118.57 kB
../../../../../../../tmp/visiongraph-mobile-candidate/assets/GraphPage-D_duC1_-.js       1,030.53 kB │ gzip: 286.21 kB

(!) Some chunks are larger than 500 kB after minification. Consider:
- Using dynamic import() to code-split the application
- Use build.rollupOptions.output.manualChunks to improve chunking: https://rollupjs.org/configuration-options/#output-manualchunks
- Adjust chunk size limit for this warning via build.chunkSizeWarningLimit.
✓ built in 15.71s
