   Compiling proc-macro2 v1.0.107
   Compiling unicode-ident v1.0.24
   Compiling quote v1.0.47
   Compiling libc v0.2.189
   Compiling cfg-if v1.0.4
   Compiling zeroize v1.9.0
   Compiling typenum v1.20.1
   Compiling pin-project-lite v0.2.17
   Compiling version_check v0.9.5
   Compiling subtle v2.6.1
   Compiling serde_core v1.0.229
   Compiling smallvec v1.15.2
   Compiling log v0.4.33
   Compiling once_cell v1.21.4
   Compiling memchr v2.8.3
   Compiling bytes v1.12.1
   Compiling itoa v1.0.18
   Compiling const-oid v0.9.6
   Compiling futures-core v0.3.34
   Compiling serde v1.0.229
   Compiling parking_lot_core v0.9.12
   Compiling scopeguard v1.2.0
   Compiling futures-sink v0.3.34
   Compiling shlex v2.0.1
   Compiling find-msvc-tools v0.1.11
   Compiling slab v0.4.12
   Compiling stable_deref_trait v1.2.1
   Compiling foldhash v0.2.0
   Compiling equivalent v1.0.2
   Compiling base64ct v1.8.3
   Compiling allocator-api2 v0.2.21
   Compiling futures-task v0.3.34
   Compiling futures-io v0.3.34
   Compiling autocfg v1.5.1
   Compiling libm v0.2.16
   Compiling zerocopy v0.8.56
   Compiling fnv v1.0.7
   Compiling zmij v1.0.23
   Compiling httparse v1.10.1
   Compiling percent-encoding v2.3.2
   Compiling serde_json v1.0.151
   Compiling litemap v0.8.3
   Compiling bitflags v2.13.1
   Compiling writeable v0.6.4
   Compiling icu_normalizer_data v2.3.0
   Compiling icu_properties_data v2.3.0
   Compiling cpufeatures v0.2.17
   Compiling utf8_iter v1.0.4
   Compiling base64 v0.22.1
   Compiling httpdate v1.0.3
   Compiling tower-service v0.3.3
   Compiling strsim v0.11.1
   Compiling untrusted v0.9.0
   Compiling atomic-waker v1.1.2
   Compiling crossbeam-utils v0.8.22
   Compiling ipnet v2.12.1
   Compiling try-lock v0.2.5
   Compiling base16ct v0.2.0
   Compiling spin v0.9.9
   Compiling ryu v1.0.23
   Compiling rustls v0.23.43
   Compiling getrandom v0.4.3
   Compiling tower-layer v0.3.3
   Compiling rand_core v0.10.1
   Compiling rustix v1.1.4
   Compiling io-lifetimes v2.0.4
   Compiling num-conv v0.2.2
   Compiling semver v1.0.28
   Compiling pkg-config v0.3.34
   Compiling thiserror v1.0.69
   Compiling time-core v0.1.9
   Compiling ident_case v1.0.1
   Compiling lock_api v0.4.14
   Compiling tracing-core v0.1.36
   Compiling futures-channel v0.3.34
   Compiling rustls-pki-types v1.15.1
   Compiling sync_wrapper v1.0.2
   Compiling linux-raw-sys v0.12.1
   Compiling regex-syntax v0.8.11
   Compiling thiserror v2.0.20
   Compiling powerfmt v0.2.0
   Compiling mime v0.3.17
   Compiling deranged v0.5.8
   Compiling either v1.17.0
   Compiling inotify-sys v0.1.8
   Compiling io-extras v0.18.4
   Compiling num-bigint-dig v0.8.6
   Compiling generic-array v0.14.9
   Compiling want v0.3.1
   Compiling lazy_static v1.5.0
   Compiling crc32fast v1.5.0
   Compiling unicase v2.9.0
   Compiling peg-runtime v0.8.6
   Compiling utf8parse v0.2.2
   Compiling hashbrown v0.17.1
   Compiling num-traits v0.2.19
   Compiling http v1.5.0
   Compiling pem-rfc7468 v0.7.0
   Compiling form_urlencoded v1.2.2
   Compiling aho-corasick v1.1.5
   Compiling cap-primitives v3.4.5
   Compiling alloc-no-stdlib v2.0.4
   Compiling local-waker v0.1.4
   Compiling cpufeatures v0.3.0
   Compiling iana-time-zone v0.1.65
   Compiling zstd-safe v7.2.4
   Compiling unicode-segmentation v1.13.3
   Compiling time-macros v0.2.32
   Compiling rustc_version v0.4.1
   Compiling itertools v0.10.5
   Compiling same-file v1.0.6
   Compiling crossbeam-epoch v0.9.20
   Compiling anstyle-parse v1.0.0
   Compiling http v0.2.12
   Compiling crossbeam-deque v0.8.7
   Compiling anstyle v1.0.14
   Compiling bitflags v1.3.2
   Compiling adler2 v2.0.1
   Compiling regex-lite v0.1.9
   Compiling cap-std v3.4.5
   Compiling colorchoice v1.0.5
   Compiling anstyle-query v1.1.5
   Compiling oxilangtag v0.1.6
   Compiling oxiri v0.2.11
   Compiling data-encoding v2.11.1
   Compiling toml_write v0.1.2
   Compiling maybe-owned v0.3.4
   Compiling der v0.7.10
   Compiling webpki-roots v1.0.9
   Compiling hybrid-array v0.4.14
   Compiling mime_guess v2.0.5
   Compiling walkdir v2.5.0
   Compiling alloc-stdlib v0.2.4
   Compiling const-oid v0.10.2
   Compiling byteorder v1.5.0
   Compiling winnow v0.7.15
   Compiling utf-8 v0.7.6
   Compiling ambient-authority v0.0.2
   Compiling is_terminal_polyfill v1.70.2
   Compiling simd-adler32 v0.3.10
   Compiling unicode-xid v0.2.6
   Compiling actix-utils v3.0.1
   Compiling chacha20 v0.10.2
   Compiling pem v3.0.6
   Compiling bytestring v1.5.1
   Compiling cookie v0.16.2
   Compiling actix-service v2.0.3
   Compiling unsafe-libyaml v0.2.11
   Compiling convert_case v0.10.0
   Compiling rayon-core v1.13.0
   Compiling curve25519-dalek v4.1.3
   Compiling base64 v0.21.7
   Compiling rustversion v1.0.23
   Compiling heck v0.5.0
   Compiling clap_lex v1.1.0
   Compiling indexmap v2.14.0
   Compiling anstream v1.0.0
   Compiling brotli-decompressor v5.0.3
   Compiling dyn-clone v1.0.20
   Compiling lru v0.18.2
   Compiling local-channel v0.1.5
   Compiling http-body v1.1.0
   Compiling miniz_oxide v0.8.9
   Compiling encoding_rs v0.8.35
   Compiling anyhow v1.0.104
   Compiling plotters-backend v0.3.7
   Compiling hex v0.4.3
   Compiling language-tags v0.3.2
   Compiling ciborium-io v0.2.2
   Compiling tracing-log v0.2.0
   Compiling sharded-slab v0.1.7
   Compiling thread_local v1.1.10
   Compiling cast v0.3.0
   Compiling deadpool-runtime v0.1.4
   Compiling nu-ansi-term v0.50.3
   Compiling impl-more v0.3.5
   Compiling matchit v0.7.3
   Compiling oorandom v11.1.5
   Compiling anes v0.1.6
   Compiling fastrand v2.5.0
   Compiling tracing v0.1.44
   Compiling http-body-util v0.1.5
   Compiling syn v3.0.3
   Compiling syn v2.0.119
   Compiling clap_builder v4.6.6
   Compiling block-buffer v0.12.1
   Compiling crypto-common v0.2.2
   Compiling getrandom v0.2.17
   Compiling errno v0.3.14
   Compiling mio v1.2.2
   Compiling socket2 v0.6.5
   Compiling jobserver v0.1.35
   Compiling filetime v0.2.29
   Compiling mio v0.8.11
   Compiling crossbeam-channel v0.5.16
   Compiling num_cpus v1.17.0
   Compiling is-terminal v0.4.17
   Compiling peg-macros v0.8.6
   Compiling include_dir_macros v0.7.4
   Compiling plotters-svg v0.3.7
   Compiling signal-hook-registry v1.4.8
   Compiling rand_core v0.6.4
   Compiling inotify v0.9.6
   Compiling crypto-common v0.1.6
   Compiling block-buffer v0.10.4
   Compiling spki v0.7.3
   Compiling criterion-plot v0.5.0
   Compiling parking_lot v0.12.5
   Compiling cc v1.4.3
   Compiling flate2 v1.1.9
   Compiling rand v0.10.2
   Compiling time v0.3.55
   Compiling digest v0.10.7
   Compiling ff v0.13.1
   Compiling crypto-bigint v0.5.5
   Compiling password-hash v0.5.0
   Compiling pkcs8 v0.10.2
   Compiling regex-automata v0.4.18
   Compiling group v0.13.0
   Compiling brotli v8.0.4
   Compiling notify v6.1.1
   Compiling sec1 v0.7.3
   Compiling pkcs1 v0.7.5
   Compiling include_dir v0.7.4
   Compiling hmac v0.12.1
   Compiling signature v2.2.0
   Compiling sha2 v0.10.9
   Compiling sha1 v0.10.7
   Compiling blake2 v0.10.6
   Compiling hkdf v0.12.4
   Compiling rfc6979 v0.4.0
   Compiling ed25519 v2.2.3
   Compiling digest v0.11.3
   Compiling argon2 v0.5.3
   Compiling sha1 v0.11.0
   Compiling rayon v1.12.0
   Compiling num-integer v0.1.47
   Compiling ordered-float v2.10.1
   Compiling plotters v0.3.7
   Compiling num-iter v0.1.46
   Compiling num-bigint v0.4.8
   Compiling serde_path_to_error v0.1.20
   Compiling uuid v1.24.1
   Compiling peg v0.8.6
   Compiling ring v0.17.14
   Compiling zstd-sys v2.0.16+zstd.1.5.7
   Compiling elliptic-curve v0.13.8
   Compiling ecdsa v0.16.9
   Compiling primeorder v0.13.6
   Compiling p256 v0.13.2
   Compiling p384 v0.13.1
   Compiling k256 v0.13.4
   Compiling fs-set-times v0.20.3
   Compiling rustix-linux-procfs v0.1.1
   Compiling tempfile v3.27.0
   Compiling actix-router v0.5.4
   Compiling regex v1.13.1
   Compiling matchers v0.2.0
   Compiling serde_derive v1.0.229
   Compiling tokio-macros v2.7.2
   Compiling futures-macro v0.3.34
   Compiling zerovec-derive v0.11.5
   Compiling displaydoc v0.2.7
   Compiling thiserror-impl v2.0.20
   Compiling async-trait v0.1.92
   Compiling clap_derive v4.6.4
   Compiling synstructure v0.13.2
   Compiling darling_core v0.23.0
   Compiling tracing-attributes v0.1.31
   Compiling zerofrom-derive v0.1.7
   Compiling yoke-derive v0.8.2
   Compiling zerocopy-derive v0.8.56
   Compiling thiserror-impl v1.0.69
   Compiling curve25519-dalek-derive v0.1.1
   Compiling derive_more-impl v2.1.1
   Compiling actix-macros v0.2.4
   Compiling actix-web-codegen v4.3.0
   Compiling tokio v1.53.1
   Compiling futures-util v0.3.34
   Compiling rustls-webpki v0.103.14
   Compiling simple_asn1 v0.6.4
   Compiling zerofrom v0.1.8
   Compiling yoke v0.8.3
   Compiling clap v4.6.6
   Compiling zerovec v0.11.8
   Compiling zerotrie v0.2.5
   Compiling darling_macro v0.23.0
   Compiling ed25519-dalek v2.2.0
   Compiling tinystr v0.8.4
   Compiling potential_utf v0.1.6
   Compiling icu_collections v2.3.0
   Compiling icu_locale_core v2.3.0
   Compiling darling v0.23.0
   Compiling serde_with_macros v3.22.0
   Compiling derive_more v2.1.1
   Compiling serde_urlencoded v0.7.1
   Compiling serde_spanned v0.6.9
   Compiling toml_datetime v0.6.11
   Compiling chrono v0.4.45
   Compiling serde_plain v1.0.2
   Compiling serde-value v0.7.0
   Compiling serde_yaml v0.9.34+deprecated
   Compiling jsonwebtoken v9.3.1
   Compiling tracing-serde v0.2.0
   Compiling tinytemplate v1.2.1
   Compiling assert-json-diff v2.0.2
   Compiling tracing-subscriber v0.3.23
   Compiling toml_edit v0.22.27
   Compiling icu_provider v2.3.0
   Compiling serde_with v3.22.0
   Compiling zstd v0.13.3
   Compiling icu_normalizer v2.3.0
   Compiling icu_properties v2.3.0
   Compiling futures-executor v0.3.34
   Compiling axum-core v0.4.5
   Compiling futures v0.3.34
   Compiling idna_adapter v1.2.2
   Compiling idna v1.1.0
   Compiling url v2.5.8
   Compiling toml v0.8.23
   Compiling tokio-util v0.7.19
   Compiling tower v0.5.3
   Compiling tokio-rustls v0.26.4
   Compiling actix-rt v2.11.0
   Compiling deadpool v0.12.3
   Compiling actix-server v2.7.0
   Compiling tower-http v0.6.11
   Compiling h2 v0.4.17
   Compiling actix-codec v0.5.2
   Compiling h2 v0.3.27
   Compiling ppv-lite86 v0.2.21
   Compiling half v2.7.1
   Compiling ciborium-ll v0.2.2
   Compiling rand_chacha v0.3.1
   Compiling ciborium v0.2.2
   Compiling rand v0.8.7
   Compiling criterion v0.5.1
   Compiling tungstenite v0.24.0
   Compiling oxrdf v0.2.4
   Compiling tokio-tungstenite v0.24.0
   Compiling spargebra v0.3.5
   Compiling rsa v0.9.10
   Compiling actix-http v3.13.3
   Compiling hyper v1.11.0
   Compiling hyper-util v0.1.20
   Compiling actix-web v4.14.1
   Compiling hyper-rustls v0.27.9
   Compiling axum v0.7.9
   Compiling wiremock v0.6.5
   Compiling reqwest v0.12.28
   Compiling oauth2 v5.0.0
   Compiling openidconnect v4.0.1
   Compiling solid-pod-rs v0.5.0-alpha.9 (/home/devuser/workspace/solid-pod-rs/crates/solid-pod-rs)
   Compiling solid-pod-rs-idp v0.5.0-alpha.9 (/home/devuser/workspace/solid-pod-rs/crates/solid-pod-rs-idp)
   Compiling solid-pod-rs-server v0.5.0-alpha.9 (/home/devuser/workspace/solid-pod-rs/crates/solid-pod-rs-server)
    Finished `test` profile [unoptimized + debuginfo] target(s) in 40.66s
     Running tests/oidc_compat_matrix.rs (target/debug/deps/oidc_compat_matrix-20d513c2669982c3)

running 28 tests
test a3_discovery_endpoints_are_absolute_and_issuer_prefixed ... ok
test a2_discovery_normalises_trailing_slashes_on_the_issuer ... ok
test a1_discovery_emits_exactly_the_documented_field_set ... ok
test a4_discovery_advertises_the_adr2003_algorithm_lists ... ok
test b1_issuer_match_verifies ... ok
test c2_audience_member_is_structurally_required ... ok
test b3_discovery_normalised_issuer_round_trips_into_the_verifier ... ok
test d11_asymmetric_token_against_a_symmetric_keyset_is_refused ... ok
test d10_unsupported_asymmetric_algs_are_refused_by_dispatch ... ok
test d1_missing_webid_claim_with_non_url_sub_is_refused ... ok
test d4_non_http_identity_schemes_are_not_webids ... ok
test d12_a_tampered_signature_is_refused ... ok
test b2_issuer_comparison_is_exact_string_equality ... ok
test d3_blank_webid_and_non_url_sub_is_refused ... ok
test d7_unsupported_jwk_key_types_have_no_thumbprint ... ok
test c1_audience_is_not_validated ... ok
test d5_cnf_absent_is_refused ... ok
test d2_blank_webid_claim_falls_back_to_a_url_shaped_sub ... ok
test d8_alg_none_is_refused_under_every_keyset ... ok
test d9_symmetric_alg_is_refused_against_an_asymmetric_keyset ... ok
test d6_cnf_jkt_must_equal_the_presented_dpop_key_thumbprint ... ok
test e1_expired_token_is_refused ... ok
test e3_expiry_is_checked_before_the_cnf_binding ... ok
test f1_deprecated_hs256_shim_delegates_to_the_dispatching_form ... ok
test e2_expiry_boundary_is_exp_less_than_now ... ok
test dpop_stitch::g3_dpop_typ_must_be_dpop_jwt ... ok
test dpop_stitch::g1_dpop_jkt_is_the_binding_the_access_token_must_carry ... ok
test dpop_stitch::g2_dpop_claims_htm_htu_iat_and_ath_are_enforced ... ok

test result: ok. 28 passed; 0 failed; 0 ignored; 0 measured; 0 filtered out; finished in 0.00s

