    Blocking waiting for file lock on package cache
    Blocking waiting for file lock on package cache
    Blocking waiting for file lock on package cache
   Compiling regex-syntax v0.8.11
   Compiling regex-automata v0.4.18
   Compiling regex v1.13.1
   Compiling criterion v0.5.1
   Compiling vowl-wasm v0.1.2 (/home/devuser/workspace/vowl-wasm)
    Finished `test` profile [unoptimized + debuginfo] target(s) in 7.84s
     Running unittests src/lib.rs (target/debug/deps/vowl_wasm-83b4651b42f22048)

running 136 tests
test bindings::tests::positions_are_empty_before_an_ontology_is_loaded ... ok
test bindings::tests::positions_are_indexed_by_the_id_order ... ok
test bindings::tests::test_webvowl_creation ... ok
test bindings::tests::positions_are_two_floats_per_node ... ok
test bindings::tests::test_load_ontology ... ok
test bindings::tests::write_positions_into_writes_only_the_overlap ... ok
test graph::builder::tests::test_build_from_ontology ... ok
test graph::builder::tests::test_edge_characteristics ... ok
test graph::builder::tests::test_metadata_update ... ok
test bindings::tests::write_positions_into_matches_the_allocating_accessor ... ok
test graph::builder::tests::test_node_mapping ... ok
test graph::builder::tests::test_set_operator_mapping ... ok
test bindings::tests::the_index_order_survives_ticking_and_filtering ... ok
test graph::edge::tests::test_edge_builder_basic ... ok
test graph::edge::tests::test_edge_builder_cardinality ... ok
test graph::edge::tests::test_edge_builder_functional ... ok
test graph::edge::tests::test_edge_builder_multiple_characteristics ... ok
test graph::node::tests::test_node_builder_basic ... ok
test graph::node::tests::test_node_builder_external ... ok
test graph::node::tests::test_node_builder_with_position ... ok
test graph::pinning::tests::test_enable_disable ... ok
test graph::pinning::tests::test_get_pinned_nodes ... ok
test graph::pinning::tests::test_pin_manager_creation ... ok
test graph::pinning::tests::test_pin_multiple_nodes ... ok
test graph::pinning::tests::test_pin_node ... ok
test graph::pinning::tests::test_pin_node_at_position ... ok
test graph::pinning::tests::test_pin_nonexistent_node ... ok
test graph::pinning::tests::test_pin_same_node_twice ... ok
test graph::pinning::tests::test_reset_pins ... ok
test graph::pinning::tests::test_unpin_node ... ok
test graph::statistics::tests::test_calculate_basic_metrics ... ok
test graph::statistics::tests::test_degree_statistics ... ok
test graph::statistics::tests::test_median_calculation ... ok
test graph::statistics::tests::test_density_calculation ... ok
test graph::statistics::tests::test_std_dev_calculation ... ok
test graph::statistics::tests::test_owl2_metrics ... ok
test graph::statistics::tests::test_property_distribution ... ok
test graph::tests::test_add_edge ... ok
test graph::tests::test_add_duplicate_node ... ok
test graph::tests::test_add_edge_invalid_nodes ... ok
test graph::tests::test_add_node ... ok
test graph::tests::test_create_empty_graph ... ok
test graph::tests::test_degree ... ok
test graph::tests::test_get_node ... ok
test graph::tests::test_filter_by_degree ... ok
test graph::tests::test_multiple_filters_compose ... ok
test graph::tests::test_non_datatype_degree ... ok
test graph::tests::test_reset_visibility ... ok
test graph::tests::test_toggle_datatypes ... ok
test graph::tests::test_toggle_set_operators ... ok
test graph::tests::test_update_metadata ... ok
test layout::csr_sim::tests::empty_scope_is_finished_and_safe ... ok
test layout::csr_sim::tests::load_arrays_seeds_scope ... ok
test layout::csr_sim::tests::auto_finishes_at_alpha_floor ... ok
test layout::csr_sim::tests::positions_ptr_stable_across_ticks ... ok
test layout::csr_sim::tests::set_param_dispatch ... ok
test layout::csr_sim::tests::finished_tick_is_noop ... ok
test layout::csr_sim::tests::write_positions_into_matches_ptr_buffer ... ok
test layout::csr_sim::tests::tick_moves_nodes_and_stays_finite ... ok
test layout::csr_sim::tests::deterministic_given_seeds ... ok
test layout::force::tests::test_attraction_force ... ok
test layout::force::tests::test_batch_center_force ... ok
test layout::force::tests::test_batch_repulsion ... ok
test layout::force::tests::test_batch_repulsion_newton_third_law ... ok
test layout::csr_sim::tests::reheat_resumes_motion ... ok
test layout::force::tests::test_center_force ... ok
test layout::force::tests::test_damping ... ok
test layout::force::tests::test_repulsion_at_same_position ... ok
test layout::force::tests::test_repulsion_force ... ok
test layout::quadtree::tests::test_avoid_self_force ... ok
test layout::quadtree::tests::test_empty_tree_force ... ok
test layout::quadtree::tests::test_barnes_hut_force_approximation ... ok
test layout::quadtree::tests::test_quadtree_center_of_mass ... ok
test layout::quadtree::tests::test_quadtree_build ... ok
test layout::quadtree::tests::test_quadtree_creation ... ok
test layout::quadtree::tests::test_quadtree_insert_single ... ok
test layout::quadtree::tests::test_quadtree_subdivision ... ok
test layout::quadtree::tests::test_rect_center ... ok
test layout::quadtree::tests::test_rect_contains ... ok
test layout::simd::tests::test_forces_add ... ok
test layout::simd::tests::test_forces_to_vectors ... ok
test layout::simd::tests::test_position_update_scalar ... ok
test layout::simd::tests::test_scalar_center_force ... ok
test layout::simd::tests::test_scalar_leaf_force ... ok
test layout::simd::tests::test_scalar_repulsion ... ok
test layout::simd::tests::test_simd_forces_zeros ... ok
test layout::simd::tests::test_simd_positions_creation ... ok
test layout::simd::tests::test_velocity_update_scalar ... ok
test layout::quadtree::tests::test_large_graph_performance ... ok
test layout::simulation::tests::initialize_keeps_placed_nodes_when_preserving ... ok
test layout::simulation::tests::initialize_reseeds_every_node_by_default ... ok
test layout::simulation::tests::test_initialize_positions ... ok
test layout::simulation::tests::test_set_center ... ok
test layout::simulation::tests::test_simulation_creation ... ok
test layout::simulation::tests::test_set_parameters ... ok
test layout::simulation::tests::test_simulation_with_config ... ok
test layout::tests::test_config_values ... ok
test layout::simulation::tests::test_single_tick ... ok
test layout::tests::test_default_config ... ok
test ontology::model::tests::test_class_types ... ok
test ontology::model::tests::test_property_types ... ok
test ontology::owl2_validator::tests::pascal_case_is_ascii_only ... ok
test ontology::owl2_validator::tests::term_id_grammar_is_two_or_three_letters_and_four_digits ... ok
test ontology::owl2_validator::tests::test_antipattern_class_name_with_separator ... ok
test ontology::owl2_validator::tests::test_antipattern_detection ... ok
test ontology::owl2_validator::tests::test_antipattern_short_class_name ... ok
test ontology::owl2_validator::tests::test_invalid_iri_format ... ok
test ontology::owl2_validator::tests::test_iri_uniqueness ... ok
test ontology::owl2_validator::tests::test_namespace_validation ... ok
test ontology::owl2_validator::tests::test_owl2_dl_compliance ... ok
test ontology::owl2_validator::tests::test_owl2_dl_compliance_missing_properties ... ok
test ontology::owl2_validator::tests::test_valid_iri_format ... ok
test ontology::owl2_validator::tests::uri_scheme_grammar_matches_rfc3986 ... ok
test ontology::owl2_validator::tests::test_validate_duplicate_iris ... ok
test ontology::owl2_validator::tests::test_validate_multiple_blocks ... ok
test ontology::parser::tests::test_parser_config ... ok
test ontology::parser::tests::test_parse_class_with_attributes ... ok
test ontology::parser::tests::test_parse_set_operators ... ok
test ontology::parser::tests::test_parse_simple_ontology ... ok
test ontology::parser::tests::test_validate_invalid_domain ... ok
test ontology::tests::test_class_node_with_attributes ... ok
test ontology::tests::test_class_ontology_metadata ... ok
test ontology::tests::test_ontology_data_creation ... ok
test ontology::tests::test_property_with_characteristics ... ok
test render::tests::normalize_coords_centres_an_empty_graph ... ok
test render::tests::normalize_coords_preserves_aspect_ratio ... ok
test render::tests::normalize_coords_stays_finite_for_a_collapsed_extent ... ok
test render::tests::test_render_empty_graph ... ok
test render::tests::test_render_node ... ok
test render::tests::test_svg_header ... ok
test render::tests::test_svg_renderer_creation ... ok
test layout::simulation::tests::test_run_simulation ... ok
test layout::simulation::tests::test_simulation_finishes ... ok
test layout::force::tests::test_batch_repulsion_large ... ok
test layout::csr_sim::tests::load_arrays_rejects_odd_positions - should panic ... ok
test layout::csr_sim::tests::load_arrays_rejects_ragged_edges - should panic ... ok

test result: ok. 136 passed; 0 failed; 0 ignored; 0 measured; 0 filtered out; finished in 0.03s

