Adapter contract suites	UNKNOWN STEP	﻿2026-09-06T23:22:20.6532996Z Current runner version: '2.337.0'
Adapter contract suites	UNKNOWN STEP	2026-09-06T23:22:20.6558889Z ##[group]Runner Image Provisioner
Adapter contract suites	UNKNOWN STEP	2026-09-06T23:22:20.6559857Z Hosted Compute Agent
Adapter contract suites	UNKNOWN STEP	2026-09-06T23:22:20.6560546Z Version: 20260828.587
Adapter contract suites	UNKNOWN STEP	2026-09-06T23:22:20.6561240Z Commit: abac92662cab4cc7352de4f9f9d2e2419aad9c29
Adapter contract suites	UNKNOWN STEP	2026-09-06T23:22:20.6561979Z Build Date: 2026-08-28T16:44:25Z
Adapter contract suites	UNKNOWN STEP	2026-09-06T23:22:20.6562728Z Worker ID: {0c4a9697-3af8-4a39-b679-5eddf72b9a91}
Adapter contract suites	UNKNOWN STEP	2026-09-06T23:22:20.6563493Z Azure Region: eastus
Adapter contract suites	UNKNOWN STEP	2026-09-06T23:22:20.6564058Z ##[endgroup]
Adapter contract suites	UNKNOWN STEP	2026-09-06T23:22:20.6565627Z ##[group]Operating System
Adapter contract suites	UNKNOWN STEP	2026-09-06T23:22:20.6566274Z Ubuntu
Adapter contract suites	UNKNOWN STEP	2026-09-06T23:22:20.6566850Z 24.04.4
Adapter contract suites	UNKNOWN STEP	2026-09-06T23:22:20.6567462Z LTS
Adapter contract suites	UNKNOWN STEP	2026-09-06T23:22:20.6567998Z ##[endgroup]
Adapter contract suites	UNKNOWN STEP	2026-09-06T23:22:20.6568969Z ##[group]Runner Image
Adapter contract suites	UNKNOWN STEP	2026-09-06T23:22:20.6569727Z Image: ubuntu-24.04
Adapter contract suites	UNKNOWN STEP	2026-09-06T23:22:20.6570462Z Version: 20260831.293.1
Adapter contract suites	UNKNOWN STEP	2026-09-06T23:22:20.6571946Z Included Software: https://github.com/actions/runner-images/blob/ubuntu24/20260831.293/images/ubuntu/Ubuntu2404-Readme.md
Adapter contract suites	UNKNOWN STEP	2026-09-06T23:22:20.6573593Z Image Release: https://github.com/actions/runner-images/releases/tag/ubuntu24%2F20260831.293
Adapter contract suites	UNKNOWN STEP	2026-09-06T23:22:20.6574579Z ##[endgroup]
Adapter contract suites	UNKNOWN STEP	2026-09-06T23:22:20.6575697Z ##[group]GITHUB_TOKEN Permissions
Adapter contract suites	UNKNOWN STEP	2026-09-06T23:22:20.6577914Z Contents: read
Adapter contract suites	UNKNOWN STEP	2026-09-06T23:22:20.6578993Z Metadata: read
Adapter contract suites	UNKNOWN STEP	2026-09-06T23:22:20.6579665Z ##[endgroup]
Adapter contract suites	UNKNOWN STEP	2026-09-06T23:22:20.6581748Z Secret source: Actions
Adapter contract suites	UNKNOWN STEP	2026-09-06T23:22:20.6582982Z Prepare workflow directory
Adapter contract suites	UNKNOWN STEP	2026-09-06T23:22:20.6913002Z Prepare all required actions
Adapter contract suites	UNKNOWN STEP	2026-09-06T23:22:20.6961435Z Getting action download info
Adapter contract suites	UNKNOWN STEP	2026-09-06T23:22:20.9354779Z Download action repository 'actions/checkout@v4' (SHA:11d5960a326750d5838078e36cf38b85af677262)
Adapter contract suites	UNKNOWN STEP	2026-09-06T23:22:21.0629167Z Download action repository 'actions/setup-node@v4' (SHA:49933ea5288caeca8642d1e84afbd3f7d6820020)
Adapter contract suites	UNKNOWN STEP	2026-09-06T23:22:21.1615229Z Download action repository 'actions/upload-artifact@v4' (SHA:ea165f8d65b6e75b540449e92b4886f43607fa02)
Adapter contract suites	UNKNOWN STEP	2026-09-06T23:22:21.3802372Z Complete job name: Adapter contract suites
Adapter contract suites	UNKNOWN STEP	2026-09-06T23:22:21.4574097Z Node 20 is being deprecated. This workflow is running with Node 24 by default. If you need to temporarily use Node 20, you can set the ACTIONS_ALLOW_USE_UNSECURE_NODE_VERSION=true environment variable. For more information see: https://github.blog/changelog/2025-09-19-deprecation-of-node-20-on-github-actions-runners/
Adapter contract suites	UNKNOWN STEP	2026-09-06T23:22:21.4582896Z ##[group]Run actions/checkout@v4
Adapter contract suites	UNKNOWN STEP	2026-09-06T23:22:21.4583635Z with:
Adapter contract suites	UNKNOWN STEP	2026-09-06T23:22:21.4584095Z   repository: DreamLab-AI/agentbox
Adapter contract suites	UNKNOWN STEP	2026-09-06T23:22:21.4588003Z   token: ***
Adapter contract suites	UNKNOWN STEP	2026-09-06T23:22:21.4588449Z   ssh-strict: true
Adapter contract suites	UNKNOWN STEP	2026-09-06T23:22:21.4589161Z   ssh-user: git
Adapter contract suites	UNKNOWN STEP	2026-09-06T23:22:21.4589648Z   persist-credentials: true
Adapter contract suites	UNKNOWN STEP	2026-09-06T23:22:21.4590143Z   clean: true
Adapter contract suites	UNKNOWN STEP	2026-09-06T23:22:21.4590599Z   sparse-checkout-cone-mode: true
Adapter contract suites	UNKNOWN STEP	2026-09-06T23:22:21.4591132Z   fetch-depth: 1
Adapter contract suites	UNKNOWN STEP	2026-09-06T23:22:21.4591563Z   fetch-tags: false
Adapter contract suites	UNKNOWN STEP	2026-09-06T23:22:21.4592006Z   show-progress: true
Adapter contract suites	UNKNOWN STEP	2026-09-06T23:22:21.4592452Z   lfs: false
Adapter contract suites	UNKNOWN STEP	2026-09-06T23:22:21.4592925Z   submodules: false
Adapter contract suites	UNKNOWN STEP	2026-09-06T23:22:21.4593378Z   set-safe-directory: true
Adapter contract suites	UNKNOWN STEP	2026-09-06T23:22:21.4593891Z   allow-unsafe-pr-checkout: false
Adapter contract suites	UNKNOWN STEP	2026-09-06T23:22:21.4594721Z ##[endgroup]
Adapter contract suites	UNKNOWN STEP	2026-09-06T23:22:21.5608150Z Syncing repository: DreamLab-AI/agentbox
Adapter contract suites	UNKNOWN STEP	2026-09-06T23:22:21.5611029Z ##[group]Getting Git version info
Adapter contract suites	UNKNOWN STEP	2026-09-06T23:22:21.5612192Z Working directory is '/home/runner/work/agentbox/agentbox'
Adapter contract suites	UNKNOWN STEP	2026-09-06T23:22:21.5613820Z [command]/usr/bin/git version
Adapter contract suites	UNKNOWN STEP	2026-09-06T23:22:21.5695015Z git version 2.55.0
Adapter contract suites	UNKNOWN STEP	2026-09-06T23:22:21.5730601Z ##[endgroup]
Adapter contract suites	UNKNOWN STEP	2026-09-06T23:22:21.5743341Z Temporarily overriding HOME='/home/runner/work/_temp/8b1e5d37-0f3c-4964-a2e5-682a276f91c0' before making global git config changes
Adapter contract suites	UNKNOWN STEP	2026-09-06T23:22:21.5746047Z Adding repository directory to the temporary git global config as a safe directory
Adapter contract suites	UNKNOWN STEP	2026-09-06T23:22:21.5749291Z [command]/usr/bin/git config --global --add safe.directory /home/runner/work/agentbox/agentbox
Adapter contract suites	UNKNOWN STEP	2026-09-06T23:22:21.5803806Z Deleting the contents of '/home/runner/work/agentbox/agentbox'
Adapter contract suites	UNKNOWN STEP	2026-09-06T23:22:21.5808391Z ##[group]Initializing the repository
Adapter contract suites	UNKNOWN STEP	2026-09-06T23:22:21.5813253Z [command]/usr/bin/git init /home/runner/work/agentbox/agentbox
Adapter contract suites	UNKNOWN STEP	2026-09-06T23:22:21.5942011Z hint: Using 'master' as the name for the initial branch. This default branch name
Adapter contract suites	UNKNOWN STEP	2026-09-06T23:22:21.5943756Z hint: will change to "main" in Git 3.0. To configure the initial branch name
Adapter contract suites	UNKNOWN STEP	2026-09-06T23:22:21.5945447Z hint: to use in all of your new repositories, which will suppress this warning,
Adapter contract suites	UNKNOWN STEP	2026-09-06T23:22:21.5947049Z hint: call:
Adapter contract suites	UNKNOWN STEP	2026-09-06T23:22:21.5947770Z hint:
Adapter contract suites	UNKNOWN STEP	2026-09-06T23:22:21.5948513Z hint: 	git config --global init.defaultBranch <name>
Adapter contract suites	UNKNOWN STEP	2026-09-06T23:22:21.5949720Z hint:
Adapter contract suites	UNKNOWN STEP	2026-09-06T23:22:21.5950333Z hint: Names commonly chosen instead of 'master' are 'main', 'trunk' and
Adapter contract suites	UNKNOWN STEP	2026-09-06T23:22:21.5951309Z hint: 'development'. The just-created branch can be renamed via this command:
Adapter contract suites	UNKNOWN STEP	2026-09-06T23:22:21.5952048Z hint:
Adapter contract suites	UNKNOWN STEP	2026-09-06T23:22:21.5952482Z hint: 	git branch -m <name>
Adapter contract suites	UNKNOWN STEP	2026-09-06T23:22:21.5952999Z hint:
Adapter contract suites	UNKNOWN STEP	2026-09-06T23:22:21.5953634Z hint: Disable this message with "git config set advice.defaultBranchName false"
Adapter contract suites	UNKNOWN STEP	2026-09-06T23:22:21.5954640Z Initialized empty Git repository in /home/runner/work/agentbox/agentbox/.git/
Adapter contract suites	UNKNOWN STEP	2026-09-06T23:22:21.5961486Z [command]/usr/bin/git remote add origin https://github.com/DreamLab-AI/agentbox
Adapter contract suites	UNKNOWN STEP	2026-09-06T23:22:21.6014618Z ##[endgroup]
Adapter contract suites	UNKNOWN STEP	2026-09-06T23:22:21.6016018Z ##[group]Disabling automatic garbage collection
Adapter contract suites	UNKNOWN STEP	2026-09-06T23:22:21.6019102Z [command]/usr/bin/git config --local gc.auto 0
Adapter contract suites	UNKNOWN STEP	2026-09-06T23:22:21.6053354Z ##[endgroup]
Adapter contract suites	UNKNOWN STEP	2026-09-06T23:22:21.6054884Z ##[group]Setting up auth
Adapter contract suites	UNKNOWN STEP	2026-09-06T23:22:21.6061821Z [command]/usr/bin/git config --local --name-only --get-regexp core\.sshCommand
Adapter contract suites	UNKNOWN STEP	2026-09-06T23:22:21.6096281Z [command]/usr/bin/git submodule foreach --recursive sh -c "git config --local --name-only --get-regexp 'core\.sshCommand' && git config --local --unset-all 'core.sshCommand' || :"
Adapter contract suites	UNKNOWN STEP	2026-09-06T23:22:21.6561933Z [command]/usr/bin/git config --local --name-only --get-regexp http\.https\:\/\/github\.com\/\.extraheader
Adapter contract suites	UNKNOWN STEP	2026-09-06T23:22:21.6603495Z [command]/usr/bin/git submodule foreach --recursive sh -c "git config --local --name-only --get-regexp 'http\.https\:\/\/github\.com\/\.extraheader' && git config --local --unset-all 'http.https://github.com/.extraheader' || :"
Adapter contract suites	UNKNOWN STEP	2026-09-06T23:22:21.6853596Z [command]/usr/bin/git config --local --name-only --get-regexp ^includeIf\.gitdir:
Adapter contract suites	UNKNOWN STEP	2026-09-06T23:22:21.6894592Z [command]/usr/bin/git submodule foreach --recursive git config --local --show-origin --name-only --get-regexp remote.origin.url
Adapter contract suites	UNKNOWN STEP	2026-09-06T23:22:21.7151892Z [command]/usr/bin/git config --local http.https://github.com/.extraheader AUTHORIZATION: basic ***
Adapter contract suites	UNKNOWN STEP	2026-09-06T23:22:21.7196518Z ##[endgroup]
Adapter contract suites	UNKNOWN STEP	2026-09-06T23:22:21.7198038Z ##[group]Fetching the repository
Adapter contract suites	UNKNOWN STEP	2026-09-06T23:22:21.7213306Z [command]/usr/bin/git -c protocol.version=2 fetch --no-tags --prune --no-recurse-submodules --depth=1 origin +1b43b70ff09b971b440c9964743402aec45ef515:refs/remotes/origin/main
Adapter contract suites	UNKNOWN STEP	2026-09-06T23:22:23.1836919Z From https://github.com/DreamLab-AI/agentbox
Adapter contract suites	UNKNOWN STEP	2026-09-06T23:22:23.1838157Z  * [new ref]         1b43b70ff09b971b440c9964743402aec45ef515 -> origin/main
Adapter contract suites	UNKNOWN STEP	2026-09-06T23:22:23.1842098Z ##[endgroup]
Adapter contract suites	UNKNOWN STEP	2026-09-06T23:22:23.1842978Z ##[group]Determining the checkout info
Adapter contract suites	UNKNOWN STEP	2026-09-06T23:22:23.1845056Z ##[endgroup]
Adapter contract suites	UNKNOWN STEP	2026-09-06T23:22:23.1854105Z [command]/usr/bin/git sparse-checkout disable
Adapter contract suites	UNKNOWN STEP	2026-09-06T23:22:23.1921013Z [command]/usr/bin/git config --local --unset-all extensions.worktreeConfig
Adapter contract suites	UNKNOWN STEP	2026-09-06T23:22:23.1961572Z ##[group]Checking out the ref
Adapter contract suites	UNKNOWN STEP	2026-09-06T23:22:23.1965800Z [command]/usr/bin/git checkout --progress --force -B main refs/remotes/origin/main
Adapter contract suites	UNKNOWN STEP	2026-09-06T23:22:23.4736520Z Switched to a new branch 'main'
Adapter contract suites	UNKNOWN STEP	2026-09-06T23:22:23.4742064Z branch 'main' set up to track 'origin/main'.
Adapter contract suites	UNKNOWN STEP	2026-09-06T23:22:23.4754479Z ##[endgroup]
Adapter contract suites	UNKNOWN STEP	2026-09-06T23:22:23.4801209Z [command]/usr/bin/git log -1 --format=%H
Adapter contract suites	UNKNOWN STEP	2026-09-06T23:22:23.4827570Z 1b43b70ff09b971b440c9964743402aec45ef515
Adapter contract suites	UNKNOWN STEP	2026-09-06T23:22:23.5276614Z Node 20 is being deprecated. This workflow is running with Node 24 by default. If you need to temporarily use Node 20, you can set the ACTIONS_ALLOW_USE_UNSECURE_NODE_VERSION=true environment variable. For more information see: https://github.blog/changelog/2025-09-19-deprecation-of-node-20-on-github-actions-runners/
Adapter contract suites	UNKNOWN STEP	2026-09-06T23:22:23.5282360Z ##[group]Run actions/setup-node@v4
Adapter contract suites	UNKNOWN STEP	2026-09-06T23:22:23.5283692Z with:
Adapter contract suites	UNKNOWN STEP	2026-09-06T23:22:23.5284791Z   node-version: 22
Adapter contract suites	UNKNOWN STEP	2026-09-06T23:22:23.5285939Z   cache: npm
Adapter contract suites	UNKNOWN STEP	2026-09-06T23:22:23.5287327Z   cache-dependency-path: management-api/package-lock.json
Adapter contract suites	UNKNOWN STEP	2026-09-06T23:22:23.5289086Z   always-auth: false
Adapter contract suites	UNKNOWN STEP	2026-09-06T23:22:23.5290286Z   check-latest: false
Adapter contract suites	UNKNOWN STEP	2026-09-06T23:22:23.5300115Z   token: ***
Adapter contract suites	UNKNOWN STEP	2026-09-06T23:22:23.5301247Z ##[endgroup]
Adapter contract suites	UNKNOWN STEP	2026-09-06T23:22:23.6735430Z Found in cache @ /opt/hostedtoolcache/node/22.23.2/x64
Adapter contract suites	UNKNOWN STEP	2026-09-06T23:22:23.6739338Z (node:2272) [DEP0040] DeprecationWarning: The `punycode` module is deprecated. Please use a userland alternative instead.
Adapter contract suites	UNKNOWN STEP	2026-09-06T23:22:23.6740941Z (Use `node --trace-deprecation ...` to show where the warning was created)
Adapter contract suites	UNKNOWN STEP	2026-09-06T23:22:23.6743008Z ##[group]Environment details
Adapter contract suites	UNKNOWN STEP	2026-09-06T23:22:24.0856125Z node: v22.23.2
Adapter contract suites	UNKNOWN STEP	2026-09-06T23:22:24.0856681Z npm: 10.9.8
Adapter contract suites	UNKNOWN STEP	2026-09-06T23:22:24.0857111Z yarn: 1.22.22
Adapter contract suites	UNKNOWN STEP	2026-09-06T23:22:24.0857733Z ##[endgroup]
Adapter contract suites	UNKNOWN STEP	2026-09-06T23:22:24.0900041Z [command]/opt/hostedtoolcache/node/22.23.2/x64/bin/npm config get cache
Adapter contract suites	UNKNOWN STEP	2026-09-06T23:22:24.2056816Z /home/runner/.npm
Adapter contract suites	UNKNOWN STEP	2026-09-06T23:22:24.2734093Z npm cache is not found
Adapter contract suites	UNKNOWN STEP	2026-09-06T23:22:24.2890111Z ##[group]Run npm ci
Adapter contract suites	UNKNOWN STEP	2026-09-06T23:22:24.2890473Z ^[[36;1mnpm ci^[[0m
Adapter contract suites	UNKNOWN STEP	2026-09-06T23:22:24.2940547Z shell: /usr/bin/bash -e {0}
Adapter contract suites	UNKNOWN STEP	2026-09-06T23:22:24.2940873Z ##[endgroup]
Adapter contract suites	UNKNOWN STEP	2026-09-06T23:22:27.1177717Z npm warn deprecated inflight@1.0.6: This module is not supported, and leaks memory. Do not use it. Check out lru-cache if you want a good and tested way to coalesce async requests by a key value, which is much more comprehensive and powerful.
Adapter contract suites	UNKNOWN STEP	2026-09-06T23:22:27.5754462Z npm warn deprecated acorn-import-assertions@1.9.0: package has been renamed to acorn-import-attributes
Adapter contract suites	UNKNOWN STEP	2026-09-06T23:22:28.6201451Z npm warn deprecated glob@7.2.3: Old versions of glob are not supported, and contain widely publicized security vulnerabilities, which have been fixed in the current version. Please update. Support for old versions may be purchased (at exorbitant rates) by contacting i@izs.me
Adapter contract suites	UNKNOWN STEP	2026-09-06T23:22:28.7405726Z npm warn deprecated glob@7.2.3: Old versions of glob are not supported, and contain widely publicized security vulnerabilities, which have been fixed in the current version. Please update. Support for old versions may be purchased (at exorbitant rates) by contacting i@izs.me
Adapter contract suites	UNKNOWN STEP	2026-09-06T23:22:28.7410402Z npm warn deprecated glob@7.2.3: Old versions of glob are not supported, and contain widely publicized security vulnerabilities, which have been fixed in the current version. Please update. Support for old versions may be purchased (at exorbitant rates) by contacting i@izs.me
Adapter contract suites	UNKNOWN STEP	2026-09-06T23:22:29.4666870Z npm warn deprecated node-domexception@1.0.0: Use your platform's native DOMException instead
Adapter contract suites	UNKNOWN STEP	2026-09-06T23:22:29.5404551Z npm warn deprecated glob@7.2.3: Old versions of glob are not supported, and contain widely publicized security vulnerabilities, which have been fixed in the current version. Please update. Support for old versions may be purchased (at exorbitant rates) by contacting i@izs.me
Adapter contract suites	UNKNOWN STEP	2026-09-06T23:22:31.6933844Z npm warn deprecated glob@10.5.0: Old versions of glob are not supported, and contain widely publicized security vulnerabilities, which have been fixed in the current version. Please update. Support for old versions may be purchased (at exorbitant rates) by contacting i@izs.me
Adapter contract suites	UNKNOWN STEP	2026-09-06T23:22:35.6650951Z npm warn deprecated @opentelemetry/otlp-proto-exporter-base@0.50.0: Package no longer supported. Contact Support at https://www.npmjs.com/support for more info.
Adapter contract suites	UNKNOWN STEP	2026-09-06T23:22:44.6813152Z 
Adapter contract suites	UNKNOWN STEP	2026-09-06T23:22:44.6813979Z added 693 packages, and audited 694 packages in 20s
Adapter contract suites	UNKNOWN STEP	2026-09-06T23:22:44.6814960Z 
Adapter contract suites	UNKNOWN STEP	2026-09-06T23:22:44.6815188Z 67 packages are looking for funding
Adapter contract suites	UNKNOWN STEP	2026-09-06T23:22:44.6815542Z   run `npm fund` for details
Adapter contract suites	UNKNOWN STEP	2026-09-06T23:22:44.7356563Z 
Adapter contract suites	UNKNOWN STEP	2026-09-06T23:22:44.7357422Z 61 vulnerabilities (1 low, 46 moderate, 14 high)
Adapter contract suites	UNKNOWN STEP	2026-09-06T23:22:44.7357926Z 
Adapter contract suites	UNKNOWN STEP	2026-09-06T23:22:44.7358344Z To address issues that do not require attention, run:
Adapter contract suites	UNKNOWN STEP	2026-09-06T23:22:44.7359382Z   npm audit fix
Adapter contract suites	UNKNOWN STEP	2026-09-06T23:22:44.7359687Z 
Adapter contract suites	UNKNOWN STEP	2026-09-06T23:22:44.7360129Z To address all issues (including breaking changes), run:
Adapter contract suites	UNKNOWN STEP	2026-09-06T23:22:44.7360736Z   npm audit fix --force
Adapter contract suites	UNKNOWN STEP	2026-09-06T23:22:44.7361004Z 
Adapter contract suites	UNKNOWN STEP	2026-09-06T23:22:44.7361228Z Run `npm audit` for details.
Adapter contract suites	UNKNOWN STEP	2026-09-06T23:22:44.8047805Z ##[group]Run npx jest ../tests/contract/ --testPathPattern='\.contract\.spec\.js$' --ci --forceExit
Adapter contract suites	UNKNOWN STEP	2026-09-06T23:22:44.8048557Z ^[[36;1mnpx jest ../tests/contract/ --testPathPattern='\.contract\.spec\.js$' --ci --forceExit^[[0m
Adapter contract suites	UNKNOWN STEP	2026-09-06T23:22:44.8092403Z shell: /usr/bin/bash -e {0}
Adapter contract suites	UNKNOWN STEP	2026-09-06T23:22:44.8092670Z ##[endgroup]
Adapter contract suites	UNKNOWN STEP	2026-09-06T23:22:46.5591001Z PASS ../tests/contract/ruvector-wc-consumers.contract.spec.js
Adapter contract suites	UNKNOWN STEP	2026-09-06T23:22:46.7340538Z PASS ../tests/contract/compression.contract.spec.js
Adapter contract suites	UNKNOWN STEP	2026-09-06T23:22:46.7504563Z {"event":"opf_fail_closed","slot":"memory","method":"store","error":"IdentifierPiiDetected[memory]: personal data found in field(s) 0.key, which the privacy filter must not rewrite because doing so would silently change how the record is addressed. Remove the personal data at the caller.","ts":"2026-09-06T23:22:46.746Z"}
Adapter contract suites	UNKNOWN STEP	2026-09-06T23:22:46.7561959Z {"event":"opf_fail_open","slot":"events","method":"emit","error":"IdentifierPiiDetected[events]: personal data found in field(s) 0.key, which the privacy filter must not rewrite because doing so would silently change how the record is addressed. Remove the personal data at the caller.","ts":"2026-09-06T23:22:46.752Z"}
Adapter contract suites	UNKNOWN STEP	2026-09-06T23:22:46.7600141Z {"event":"opf_fail_closed","slot":"memory","method":"store","error":"RedactionShapeError: redactor returned 1 field(s) for 3 sent — the field delimiter did not survive redaction, so no result can be safely applied","ts":"2026-09-06T23:22:46.758Z"}
Adapter contract suites	UNKNOWN STEP	2026-09-06T23:22:46.7872435Z {"event":"opf_fail_closed","slot":"memory","method":"store","error":"fetch failed","ts":"2026-09-06T23:22:46.786Z"}
Adapter contract suites	UNKNOWN STEP	2026-09-06T23:22:46.7920151Z {"event":"opf_fail_open","slot":"events","method":"emit","error":"fetch failed","ts":"2026-09-06T23:22:46.788Z"}
Adapter contract suites	UNKNOWN STEP	2026-09-06T23:22:46.7960115Z {"event":"opf_fail_closed","slot":"memory","method":"store","error":"OPF returned HTTP 500","ts":"2026-09-06T23:22:46.791Z"}
Adapter contract suites	UNKNOWN STEP	2026-09-06T23:22:46.7990239Z {"event":"opf_fail_open","slot":"events","method":"emit","error":"OPF returned HTTP 500","ts":"2026-09-06T23:22:46.794Z"}
Adapter contract suites	UNKNOWN STEP	2026-09-06T23:22:46.8082269Z {"event":"opf_fail_closed","slot":"memory","method":"store","error":"RedactionShapeError: response body is not JSON: Unexpected token 'o', \"not json at all\" is not valid JSON","ts":"2026-09-06T23:22:46.797Z"}
Adapter contract suites	UNKNOWN STEP	2026-09-06T23:22:46.8099764Z {"event":"opf_fail_open","slot":"events","method":"emit","error":"RedactionShapeError: response body is not JSON: Unexpected token 'o', \"not json at all\" is not valid JSON","ts":"2026-09-06T23:22:46.800Z"}
Adapter contract suites	UNKNOWN STEP	2026-09-06T23:22:46.8102896Z {"event":"opf_fail_closed","slot":"memory","method":"store","error":"RedactionShapeError: response has no \"text\" string","ts":"2026-09-06T23:22:46.803Z"}
Adapter contract suites	UNKNOWN STEP	2026-09-06T23:22:46.8260893Z {"event":"opf_fail_open","slot":"events","method":"emit","error":"RedactionShapeError: response has no \"text\" string","ts":"2026-09-06T23:22:46.819Z"}
Adapter contract suites	UNKNOWN STEP	2026-09-06T23:22:46.8295569Z {"event":"opf_fail_closed","slot":"memory","method":"store","error":"RedactionShapeError: redactor returned 1 field(s) for 2 sent — the field delimiter did not survive redaction, so no result can be safely applied","ts":"2026-09-06T23:22:46.822Z"}
Adapter contract suites	UNKNOWN STEP	2026-09-06T23:22:46.8351624Z {"event":"opf_fail_open","slot":"events","method":"emit","error":"RedactionShapeError: redactor returned 1 field(s) for 2 sent — the field delimiter did not survive redaction, so no result can be safely applied","ts":"2026-09-06T23:22:46.825Z"}
Adapter contract suites	UNKNOWN STEP	2026-09-06T23:22:46.8355969Z {"event":"opf_fail_closed","slot":"memory","method":"store","error":"RedactionShapeError: redactor returned 1 field(s) for 3 sent — the field delimiter did not survive redaction, so no result can be safely applied","ts":"2026-09-06T23:22:46.829Z"}
Adapter contract suites	UNKNOWN STEP	2026-09-06T23:22:46.8359662Z {"event":"opf_fail_closed","slot":"memory","method":"store","error":"payload could not be fully traversed (cycle or depth limit) — redaction cannot be guaranteed","ts":"2026-09-06T23:22:46.832Z"}
Adapter contract suites	UNKNOWN STEP	2026-09-06T23:22:46.8389637Z PASS ../tests/contract/privacy-coverage.contract.spec.js
Adapter contract suites	UNKNOWN STEP	2026-09-06T23:22:47.0130592Z PASS ../tests/contract/pods.contract.spec.js
Adapter contract suites	UNKNOWN STEP	2026-09-06T23:22:47.1214621Z PASS ../tests/contract/ruvector-gates.contract.spec.js
Adapter contract suites	UNKNOWN STEP	2026-09-06T23:22:47.2038086Z PASS ../tests/contract/agent-action-pipeline.contract.spec.js
Adapter contract suites	UNKNOWN STEP	2026-09-06T23:22:47.3010569Z FAIL ../tests/contract/execution-journal.contract.spec.js
Adapter contract suites	UNKNOWN STEP	2026-09-06T23:22:47.3024731Z   ● Test suite failed to run
Adapter contract suites	UNKNOWN STEP	2026-09-06T23:22:47.3032288Z 
Adapter contract suites	UNKNOWN STEP	2026-09-06T23:22:47.3033200Z     Cannot find module 'ajv' from 'tests/contract/execution-journal.contract.spec.js'
Adapter contract suites	UNKNOWN STEP	2026-09-06T23:22:47.3034311Z 
Adapter contract suites	UNKNOWN STEP	2026-09-06T23:22:47.3039217Z     ^[[0m ^[[90m 14 |^[[39m ^[[36mconst^[[39m fs ^[[33m=^[[39m require(^[[32m'fs'^[[39m)^[[33m;^[[39m
Adapter contract suites	UNKNOWN STEP	2026-09-06T23:22:47.3040815Z      ^[[90m 15 |^[[39m ^[[36mconst^[[39m path ^[[33m=^[[39m require(^[[32m'path'^[[39m)^[[33m;^[[39m
Adapter contract suites	UNKNOWN STEP	2026-09-06T23:22:47.3042782Z     ^[[31m^[[1m>^[[22m^[[39m^[[90m 16 |^[[39m ^[[36mconst^[[39m ^[[33mAjv^[[39m ^[[33m=^[[39m require(^[[32m'ajv'^[[39m)^[[33m;^[[39m
Adapter contract suites	UNKNOWN STEP	2026-09-06T23:22:47.3044269Z      ^[[90m    |^[[39m             ^[[31m^[[1m^^[[22m^[[39m
Adapter contract suites	UNKNOWN STEP	2026-09-06T23:22:47.3067020Z      ^[[90m 17 |^[[39m ^[[36mconst^[[39m addFormats ^[[33m=^[[39m require(^[[32m'ajv-formats'^[[39m)^[[33m;^[[39m
Adapter contract suites	UNKNOWN STEP	2026-09-06T23:22:47.3068414Z      ^[[90m 18 |^[[39m
Adapter contract suites	UNKNOWN STEP	2026-09-06T23:22:47.3070780Z      ^[[90m 19 |^[[39m ^[[36mconst^[[39m { ^[[33mLocalJsonlEventsAdapter^[[39m } ^[[33m=^[[39m require(^[[32m'../../management-api/adapters/events/local-jsonl'^[[39m)^[[33m;^[[39m^[[0m
Adapter contract suites	UNKNOWN STEP	2026-09-06T23:22:47.3077074Z 
Adapter contract suites	UNKNOWN STEP	2026-09-06T23:22:47.3078234Z       at Resolver._throwModNotFoundError (management-api/node_modules/jest-resolve/build/resolver.js:427:11)
Adapter contract suites	UNKNOWN STEP	2026-09-06T23:22:47.3080194Z       at Object.require (tests/contract/execution-journal.contract.spec.js:16:13)
Adapter contract suites	UNKNOWN STEP	2026-09-06T23:22:47.3081241Z 
Adapter contract suites	UNKNOWN STEP	2026-09-06T23:22:47.3990493Z {"event":"MiddlewareOrderViolation","slot":"pods","payloadType":"object","ts":"2026-09-06T23:22:47.397Z","msg":"MiddlewareOrderViolation: JSON-LD encoder invoked for slot=\"pods\" with a payload that did not pass the privacy filter on this dispatch (per-dispatch L08 check). Canonical order: observability → privacy → encoder."}
Adapter contract suites	UNKNOWN STEP	2026-09-06T23:22:47.4117398Z PASS ../tests/contract/linked-data/invariants.contract.spec.js
Adapter contract suites	UNKNOWN STEP	2026-09-06T23:22:47.4327116Z PASS ../tests/contract/linked-data/input-validator.contract.spec.js
Adapter contract suites	UNKNOWN STEP	2026-09-06T23:22:47.5866446Z PASS ../tests/contract/adapter-lifecycle.contract.spec.js
Adapter contract suites	UNKNOWN STEP	2026-09-06T23:22:47.5976401Z PASS ../tests/contract/decisions/decision-chain.contract.spec.js
Adapter contract suites	UNKNOWN STEP	2026-09-06T23:22:47.7390415Z PASS ../tests/contract/memory.contract.spec.js
Adapter contract suites	UNKNOWN STEP	2026-09-06T23:22:47.7445237Z PASS ../tests/contract/pay402/pay402.contract.spec.js
Adapter contract suites	UNKNOWN STEP	2026-09-06T23:22:47.7520680Z PASS ../tests/contract/beads.contract.spec.js
Adapter contract suites	UNKNOWN STEP	2026-09-06T23:22:47.8847163Z {"event":"opf_fail_closed","slot":"memory","method":"store","error":"fetch failed","ts":"2026-09-06T23:22:47.884Z"}
Adapter contract suites	UNKNOWN STEP	2026-09-06T23:22:47.8962724Z PASS ../tests/contract/federation-kind-parity.contract.spec.js
Adapter contract suites	UNKNOWN STEP	2026-09-06T23:22:47.9123417Z {"event":"opf_fail_open","slot":"events","method":"emit","error":"fetch failed","ts":"2026-09-06T23:22:47.912Z"}
Adapter contract suites	UNKNOWN STEP	2026-09-06T23:22:47.9180653Z PASS ../tests/contract/orchestrator.contract.spec.js
Adapter contract suites	UNKNOWN STEP	2026-09-06T23:22:47.9229676Z PASS ../tests/contract/privacy-filter.contract.spec.js
Adapter contract suites	UNKNOWN STEP	2026-09-06T23:22:48.0173301Z {"event":"MiddlewareOrderViolation","slot":"pods","payloadType":"object","ts":"2026-09-06T23:22:48.014Z","msg":"MiddlewareOrderViolation: JSON-LD encoder invoked for slot=\"pods\" with a payload that did not pass the privacy filter on this dispatch (per-dispatch L08 check). Canonical order: observability → privacy → encoder."}
Adapter contract suites	UNKNOWN STEP	2026-09-06T23:22:48.0179849Z {"event":"MiddlewareOrderViolation","slot":"memory","payloadType":"object","ts":"2026-09-06T23:22:48.014Z","msg":"MiddlewareOrderViolation: JSON-LD encoder invoked for slot=\"memory\" with a payload that did not pass the privacy filter on this dispatch (per-dispatch L08 check). Canonical order: observability → privacy → encoder."}
Adapter contract suites	UNKNOWN STEP	2026-09-06T23:22:48.0403206Z {"event":"MiddlewareOrderViolation","slot":"events","payloadType":"object","ts":"2026-09-06T23:22:48.039Z","msg":"MiddlewareOrderViolation: JSON-LD encoder invoked for slot=\"events\" with a payload that did not pass the privacy filter on this dispatch (per-dispatch L08 check). Canonical order: observability → privacy → encoder."}
Adapter contract suites	UNKNOWN STEP	2026-09-06T23:22:48.0423667Z PASS ../tests/contract/linked-data/privacy-handoff.contract.spec.js
Adapter contract suites	UNKNOWN STEP	2026-09-06T23:22:48.0721220Z PASS ../tests/contract/linked-data/surfaces.contract.spec.js
Adapter contract suites	UNKNOWN STEP	2026-09-06T23:22:48.1682193Z PASS ../tests/contract/events.contract.spec.js
Adapter contract suites	UNKNOWN STEP	2026-09-06T23:22:48.1709495Z PASS ../tests/contract/capability-scope.contract.spec.js
Adapter contract suites	UNKNOWN STEP	2026-09-06T23:22:48.2632925Z PASS ../tests/contract/linked-data/uris.contract.spec.js
Adapter contract suites	UNKNOWN STEP	2026-09-06T23:22:48.2714225Z PASS ../tests/contract/events-audit-chain.test.js
Adapter contract suites	UNKNOWN STEP	2026-09-06T23:22:48.3640564Z PASS ../tests/contract/web-interfaces.contract.spec.js
Adapter contract suites	UNKNOWN STEP	2026-09-06T23:22:48.4100109Z PASS ../tests/contract/linked-data/viewer.contract.spec.js
Adapter contract suites	UNKNOWN STEP	2026-09-06T23:22:48.4473900Z PASS ../tests/contract/linked-data/jcs.contract.spec.js
Adapter contract suites	UNKNOWN STEP	2026-09-06T23:22:48.4544101Z {"event":"MiddlewareOrderViolation","slot":"pods","payloadType":"object","ts":"2026-09-06T23:22:48.451Z","msg":"MiddlewareOrderViolation: JSON-LD encoder invoked for slot=\"pods\" with a payload that did not pass the privacy filter on this dispatch (per-dispatch L08 check). Canonical order: observability → privacy → encoder."}
Adapter contract suites	UNKNOWN STEP	2026-09-06T23:22:48.4817148Z PASS ../tests/contract/execution-coverage.contract.spec.js
Adapter contract suites	UNKNOWN STEP	2026-09-06T23:22:48.5196655Z PASS ../tests/contract/memory-encoder-bypass.contract.spec.js
Adapter contract suites	UNKNOWN STEP	2026-09-06T23:22:48.6010398Z PASS ../tests/contract/action-plane-denial.contract.spec.js
Adapter contract suites	UNKNOWN STEP	2026-09-06T23:22:48.6397316Z 
Adapter contract suites	UNKNOWN STEP	2026-09-06T23:22:48.6399335Z Summary of all failing tests
Adapter contract suites	UNKNOWN STEP	2026-09-06T23:22:48.6403276Z FAIL tests/contract/execution-journal.contract.spec.js
Adapter contract suites	UNKNOWN STEP	2026-09-06T23:22:48.6404304Z   ● Test suite failed to run
Adapter contract suites	UNKNOWN STEP	2026-09-06T23:22:48.6404603Z 
Adapter contract suites	UNKNOWN STEP	2026-09-06T23:22:48.6410035Z     Cannot find module 'ajv' from 'tests/contract/execution-journal.contract.spec.js'
Adapter contract suites	UNKNOWN STEP	2026-09-06T23:22:48.6410661Z 
Adapter contract suites	UNKNOWN STEP	2026-09-06T23:22:48.6415544Z     ^[[0m ^[[90m 14 |^[[39m ^[[36mconst^[[39m fs ^[[33m=^[[39m require(^[[32m'fs'^[[39m)^[[33m;^[[39m
Adapter contract suites	UNKNOWN STEP	2026-09-06T23:22:48.6421055Z      ^[[90m 15 |^[[39m ^[[36mconst^[[39m path ^[[33m=^[[39m require(^[[32m'path'^[[39m)^[[33m;^[[39m
Adapter contract suites	UNKNOWN STEP	2026-09-06T23:22:48.6428110Z     ^[[31m^[[1m>^[[22m^[[39m^[[90m 16 |^[[39m ^[[36mconst^[[39m ^[[33mAjv^[[39m ^[[33m=^[[39m require(^[[32m'ajv'^[[39m)^[[33m;^[[39m
Adapter contract suites	UNKNOWN STEP	2026-09-06T23:22:48.6431167Z      ^[[90m    |^[[39m             ^[[31m^[[1m^^[[22m^[[39m
Adapter contract suites	UNKNOWN STEP	2026-09-06T23:22:48.6437725Z      ^[[90m 17 |^[[39m ^[[36mconst^[[39m addFormats ^[[33m=^[[39m require(^[[32m'ajv-formats'^[[39m)^[[33m;^[[39m
Adapter contract suites	UNKNOWN STEP	2026-09-06T23:22:48.6439042Z      ^[[90m 18 |^[[39m
Adapter contract suites	UNKNOWN STEP	2026-09-06T23:22:48.6451315Z      ^[[90m 19 |^[[39m ^[[36mconst^[[39m { ^[[33mLocalJsonlEventsAdapter^[[39m } ^[[33m=^[[39m require(^[[32m'../../management-api/adapters/events/local-jsonl'^[[39m)^[[33m;^[[39m^[[0m
Adapter contract suites	UNKNOWN STEP	2026-09-06T23:22:48.6452358Z 
Adapter contract suites	UNKNOWN STEP	2026-09-06T23:22:48.6457125Z       at Resolver._throwModNotFoundError (management-api/node_modules/jest-resolve/build/resolver.js:427:11)
Adapter contract suites	UNKNOWN STEP	2026-09-06T23:22:48.6462367Z       at Object.require (tests/contract/execution-journal.contract.spec.js:16:13)
Adapter contract suites	UNKNOWN STEP	2026-09-06T23:22:48.6462953Z 
Adapter contract suites	UNKNOWN STEP	2026-09-06T23:22:48.6462964Z 
Adapter contract suites	UNKNOWN STEP	2026-09-06T23:22:48.6466542Z Test Suites: 1 failed, 28 passed, 29 total
Adapter contract suites	UNKNOWN STEP	2026-09-06T23:22:48.6467233Z Tests:       7 skipped, 34 todo, 555 passed, 596 total
Adapter contract suites	UNKNOWN STEP	2026-09-06T23:22:48.6467790Z Snapshots:   0 total
Adapter contract suites	UNKNOWN STEP	2026-09-06T23:22:48.6468562Z Time:        3.181 s
Adapter contract suites	UNKNOWN STEP	2026-09-06T23:22:48.6469541Z Ran all test suites matching /..\/tests\/contract\/|\.contract\.spec\.js$/i.
Adapter contract suites	UNKNOWN STEP	2026-09-06T23:22:48.6476858Z Force exiting Jest: Have you considered using `--detectOpenHandles` to detect async operations that kept running after all tests finished?
Adapter contract suites	UNKNOWN STEP	2026-09-06T23:22:48.6660889Z ##[error]Process completed with exit code 1.
Adapter contract suites	UNKNOWN STEP	2026-09-06T23:22:48.6742979Z Node 20 is being deprecated. This workflow is running with Node 24 by default. If you need to temporarily use Node 20, you can set the ACTIONS_ALLOW_USE_UNSECURE_NODE_VERSION=true environment variable. For more information see: https://github.blog/changelog/2025-09-19-deprecation-of-node-20-on-github-actions-runners/
Adapter contract suites	UNKNOWN STEP	2026-09-06T23:22:48.6744288Z ##[group]Run actions/upload-artifact@v4
Adapter contract suites	UNKNOWN STEP	2026-09-06T23:22:48.6744567Z with:
Adapter contract suites	UNKNOWN STEP	2026-09-06T23:22:48.6744769Z   name: contract-test-results
Adapter contract suites	UNKNOWN STEP	2026-09-06T23:22:48.6745028Z   path: management-api/coverage/
Adapter contract suites	UNKNOWN STEP	2026-09-06T23:22:48.6745276Z   retention-days: 14
Adapter contract suites	UNKNOWN STEP	2026-09-06T23:22:48.6745503Z   if-no-files-found: warn
Adapter contract suites	UNKNOWN STEP	2026-09-06T23:22:48.6745728Z   compression-level: 6
Adapter contract suites	UNKNOWN STEP	2026-09-06T23:22:48.6745934Z   overwrite: false
Adapter contract suites	UNKNOWN STEP	2026-09-06T23:22:48.6746142Z   include-hidden-files: false
Adapter contract suites	UNKNOWN STEP	2026-09-06T23:22:48.6746373Z ##[endgroup]
Adapter contract suites	UNKNOWN STEP	2026-09-06T23:22:48.8439897Z (node:2450) [DEP0040] DeprecationWarning: The `punycode` module is deprecated. Please use a userland alternative instead.
Adapter contract suites	UNKNOWN STEP	2026-09-06T23:22:48.8440738Z (Use `node --trace-deprecation ...` to show where the warning was created)
Adapter contract suites	UNKNOWN STEP	2026-09-06T23:22:48.8471684Z ##[warning]No files were found with the provided path: management-api/coverage/. No artifacts will be uploaded.
Adapter contract suites	UNKNOWN STEP	2026-09-06T23:22:48.8753983Z Node 20 is being deprecated. This workflow is running with Node 24 by default. If you need to temporarily use Node 20, you can set the ACTIONS_ALLOW_USE_UNSECURE_NODE_VERSION=true environment variable. For more information see: https://github.blog/changelog/2025-09-19-deprecation-of-node-20-on-github-actions-runners/
Adapter contract suites	UNKNOWN STEP	2026-09-06T23:22:48.8755600Z Post job cleanup.
Adapter contract suites	UNKNOWN STEP	2026-09-06T23:22:48.9699334Z [command]/usr/bin/git version
Adapter contract suites	UNKNOWN STEP	2026-09-06T23:22:48.9729181Z git version 2.55.0
Adapter contract suites	UNKNOWN STEP	2026-09-06T23:22:48.9766611Z Temporarily overriding HOME='/home/runner/work/_temp/ebc5d24d-76f5-43e5-97e6-ada9576df2d5' before making global git config changes
Adapter contract suites	UNKNOWN STEP	2026-09-06T23:22:48.9768218Z Adding repository directory to the temporary git global config as a safe directory
Adapter contract suites	UNKNOWN STEP	2026-09-06T23:22:48.9772497Z [command]/usr/bin/git config --global --add safe.directory /home/runner/work/agentbox/agentbox
Adapter contract suites	UNKNOWN STEP	2026-09-06T23:22:48.9811298Z [command]/usr/bin/git config --local --name-only --get-regexp core\.sshCommand
Adapter contract suites	UNKNOWN STEP	2026-09-06T23:22:48.9854582Z [command]/usr/bin/git submodule foreach --recursive sh -c "git config --local --name-only --get-regexp 'core\.sshCommand' && git config --local --unset-all 'core.sshCommand' || :"
Adapter contract suites	UNKNOWN STEP	2026-09-06T23:22:49.0114681Z [command]/usr/bin/git config --local --name-only --get-regexp http\.https\:\/\/github\.com\/\.extraheader
Adapter contract suites	UNKNOWN STEP	2026-09-06T23:22:49.0141321Z http.https://github.com/.extraheader
Adapter contract suites	UNKNOWN STEP	2026-09-06T23:22:49.0154191Z [command]/usr/bin/git config --local --unset-all http.https://github.com/.extraheader
Adapter contract suites	UNKNOWN STEP	2026-09-06T23:22:49.0194000Z [command]/usr/bin/git submodule foreach --recursive sh -c "git config --local --name-only --get-regexp 'http\.https\:\/\/github\.com\/\.extraheader' && git config --local --unset-all 'http.https://github.com/.extraheader' || :"
Adapter contract suites	UNKNOWN STEP	2026-09-06T23:22:49.0453857Z [command]/usr/bin/git config --local --name-only --get-regexp ^includeIf\.gitdir:
Adapter contract suites	UNKNOWN STEP	2026-09-06T23:22:49.0490666Z [command]/usr/bin/git submodule foreach --recursive git config --local --show-origin --name-only --get-regexp remote.origin.url
Adapter contract suites	UNKNOWN STEP	2026-09-06T23:22:49.0973989Z Cleaning up orphan processes
Adapter contract suites	UNKNOWN STEP	2026-09-06T23:22:49.1296155Z ##[warning]Node.js 20 is deprecated. The following actions target Node.js 20 but are being forced to run on Node.js 24: actions/checkout@v4, actions/setup-node@v4, actions/upload-artifact@v4. For more information see: https://github.blog/changelog/2025-09-19-deprecation-of-node-20-on-github-actions-runners/
