TAP version 13
# Subtest: valid persisted mint proceeds
ok 1 - valid persisted mint proceeds
  ---
  duration_ms: 71.076864
  type: 'test'
  ...
# Subtest: failed mint aborts even with valid-looking output
ok 2 - failed mint aborts even with valid-looking output
  ---
  duration_ms: 49.357742
  type: 'test'
  ...
# Subtest: extra executable output is refused, not evaluated
ok 3 - extra executable output is refused, not evaluated
  ---
  duration_ms: 51.527321
  type: 'test'
  ...
# Subtest: mismatched public components abort
ok 4 - mismatched public components abort
  ---
  duration_ms: 67.910037
  type: 'test'
  ...
# Subtest: empty mint and configured malformed identity abort
ok 5 - empty mint and configured malformed identity abort
  ---
  duration_ms: 69.188456
  type: 'test'
  ...
# Subtest: canonical operator identity remains usable without mint
ok 6 - canonical operator identity remains usable without mint
  ---
  duration_ms: 5.819788
  type: 'test'
  ...
# Subtest: verified identity precedes cache hits and binds changed content
ok 7 - verified identity precedes cache hits and binds changed content
  ---
  duration_ms: 5.431719
  type: 'test'
  ...
# Subtest: unavailable identity never returns previously cached grounding
ok 8 - unavailable identity never returns previously cached grounding
  ---
  duration_ms: 1.044995
  type: 'test'
  ...
# Subtest: model, dimension, drift and explicit generation mismatches fail closed
ok 9 - model, dimension, drift and explicit generation mismatches fail closed
  ---
  duration_ms: 2.605004
  type: 'test'
  ...
# Subtest: mixed-generation response cannot enter grounding or cache
ok 10 - mixed-generation response cannot enter grounding or cache
  ---
  duration_ms: 0.766584
  type: 'test'
  ...
# Subtest: HTTP transport keeps Rust array hits and checks response identity headers
ok 11 - HTTP transport keeps Rust array hits and checks response identity headers
  ---
  duration_ms: 26.669225
  type: 'test'
  ...
# Subtest: an expansion response from another bundle discards even valid seeds
ok 12 - an expansion response from another bundle discards even valid seeds
  ---
  duration_ms: 0.680319
  type: 'test'
  ...
# Subtest: backend-selection: LOOM_FACADE_URL set → the Loom answers and says so
ok 13 - backend-selection: LOOM_FACADE_URL set → the Loom answers and says so
  ---
  duration_ms: 1.391055
  type: 'test'
  ...
# Subtest: backend-selection: LOOM_FACADE_URL unset → VisionClaw by design, not a fault
ok 14 - backend-selection: LOOM_FACADE_URL unset → VisionClaw by design, not a fault
  ---
  duration_ms: 0.239982
  type: 'test'
  ...
# Subtest: backend-selection: an injected vcFetch overrides a set Loom URL, visibly
ok 15 - backend-selection: an injected vcFetch overrides a set Loom URL, visibly
  ---
  duration_ms: 0.155031
  type: 'test'
  ...
# Subtest: backend-selection: the selected backend is carried on every result
ok 16 - backend-selection: the selected backend is carried on every result
  ---
  duration_ms: 1.905996
  type: 'test'
  ...
# Subtest: cache key: EVERY enumerated constraint changes the key (an omission is a bug)
ok 17 - cache key: EVERY enumerated constraint changes the key (an omission is a bug)
  ---
  duration_ms: 0.813179
  type: 'test'
  ...
# Subtest: cache key: absent, null and empty collapse to one sentinel (no aliasing)
ok 18 - cache key: absent, null and empty collapse to one sentinel (no aliasing)
  ---
  duration_ms: 0.201509
  type: 'test'
  ...
# Subtest: cache-hit: identical request is served from cache with its constraints intact
ok 19 - cache-hit: identical request is served from cache with its constraints intact
  ---
  duration_ms: 0.747778
  type: 'test'
  ...
# Subtest: cache-hit: a stored PARTIAL result stays partial when replayed
ok 20 - cache-hit: a stored PARTIAL result stays partial when replayed
  ---
  duration_ms: 0.636167
  type: 'test'
  ...
# Subtest: cache-hit: a stale-constraint entry is MISSED, never truncated into shape
ok 21 - cache-hit: a stale-constraint entry is MISSED, never truncated into shape
  ---
  duration_ms: 0.388269
  type: 'test'
  ...
# Subtest: low-budget: a 50-token cap after an 830-token hit for the SAME domain re-retrieves and clamps
ok 22 - low-budget: a 50-token cap after an 830-token hit for the SAME domain re-retrieves and clamps
  ---
  duration_ms: 0.792296
  type: 'test'
  ...
# Subtest: domain-change: a robotics request never inherits the cached AI answer
ok 23 - domain-change: a robotics request never inherits the cached AI answer
  ---
  duration_ms: 0.647139
  type: 'test'
  ...
# Subtest: expansion-failure: degraded:true and the failing stage is named
ok 24 - expansion-failure: degraded:true and the failing stage is named
  ---
  duration_ms: 0.526219
  type: 'test'
  ...
# Subtest: expansion-failure: a transport fault also names backend-unavailable
ok 25 - expansion-failure: a transport fault also names backend-unavailable
  ---
  duration_ms: 0.43016
  type: 'test'
  ...
# Subtest: complete result: no failure ⇒ degraded:false and an empty stage list
ok 26 - complete result: no failure ⇒ degraded:false and an empty stage list
  ---
  duration_ms: 0.329753
  type: 'test'
  ...
# Subtest: two-generation: the same query against two bundles yields two distinct entries
ok 27 - two-generation: the same query against two bundles yields two distinct entries
  ---
  duration_ms: 0.916912
  type: 'test'
  ...
# Subtest: two-generation: a per-request generation pin overrides the backend default
ok 28 - two-generation: a per-request generation pin overrides the backend default
  ---
  duration_ms: 1.497326
  type: 'test'
  ...
# Subtest: configured-but-unavailable: a dead Loom is a NAMED outcome, not a quiet fallback
ok 29 - configured-but-unavailable: a dead Loom is a NAMED outcome, not a quiet fallback
  ---
  duration_ms: 0.438632
  type: 'test'
  ...
# Subtest: configured-but-unavailable: a timeout is the same named outcome
ok 30 - configured-but-unavailable: a timeout is the same named outcome
  ---
  duration_ms: 0.290566
  type: 'test'
  ...
# Subtest: not-configured: no backend at all is a DIFFERENT named outcome
ok 31 - not-configured: no backend at all is a DIFFERENT named outcome
  ---
  duration_ms: 0.261206
  type: 'test'
  ...
# Subtest: configured-but-unavailable: an auth rejection is NOT an availability fault
ok 32 - configured-but-unavailable: an auth rejection is NOT an availability fault
  ---
  duration_ms: 0.63801
  type: 'test'
  ...
# Subtest: configured-but-unavailable: a transport fault is never cached
ok 33 - configured-but-unavailable: a transport fault is never cached
  ---
  duration_ms: 0.419304
  type: 'test'
  ...
1..33
# tests 33
# suites 0
# pass 33
# fail 0
# cancelled 0
# skipped 0
# todo 0
# duration_ms 414.786249
