update	Create pull request	﻿2026-09-07T13:20:36.2304066Z Node 20 is being deprecated. This workflow is running with Node 24 by default. If you need to temporarily use Node 20, you can set the ACTIONS_ALLOW_USE_UNSECURE_NODE_VERSION=true environment variable. For more information see: https://github.blog/changelog/2025-09-19-deprecation-of-node-20-on-github-actions-runners/
update	Create pull request	2026-09-07T13:20:36.2306209Z ##[group]Run peter-evans/create-pull-request@c5a7806660adbe173f04e3e038b0ccdcd758773c
update	Create pull request	2026-09-07T13:20:36.2306653Z with:
update	Create pull request	2026-09-07T13:20:36.2309136Z   token: ***
update	Create pull request	2026-09-07T13:20:36.2309363Z   branch: deps/nix-flake-update
update	Create pull request	2026-09-07T13:20:36.2309619Z   delete-branch: true
update	Create pull request	2026-09-07T13:20:36.2310521Z   commit-message: deps(nix): weekly flake input update
update	Create pull request	
update	Create pull request	Auto-generated by .github/workflows/nix-flake-update.yml.
update	Create pull request	Review the diff of flake.lock and run `nix flake check` locally
update	Create pull request	before merging; CI's flake-check already passed on this PR.
update	Create pull request	
update	Create pull request	2026-09-07T13:20:36.2311498Z   title: deps(nix): weekly flake input update
update	Create pull request	2026-09-07T13:20:36.2313291Z   body: Weekly `nix flake update` run.
update	Create pull request	
update	Create pull request	### What changed
update	Create pull request	
update	Create pull request	See the diff on `flake.lock` for per-input commit bumps.
update	Create pull request	
update	Create pull request	### Pre-merge checklist
update	Create pull request	
update	Create pull request	- [ ] `nix build .#runtime` succeeds on x86_64-linux
update	Create pull request	- [ ] `nix build .#runtime` succeeds on aarch64-linux
update	Create pull request	- [ ] Contract-test harness green
update	Create pull request	- [ ] No unexpected image-size jump (`docker images` diff)
update	Create pull request	
update	Create pull request	Closes the `deps/nix-flake-update` tracking branch.
update	Create pull request	
update	Create pull request	2026-09-07T13:20:36.2314941Z   labels: deps
update	Create pull request	nix
update	Create pull request	
update	Create pull request	2026-09-07T13:20:36.2315327Z   committer: github-actions[bot] <41898282+github-actions[bot]@users.noreply.github.com>
update	Create pull request	2026-09-07T13:20:36.2315837Z   author: jjohare <55586797+jjohare@users.noreply.github.com>
update	Create pull request	2026-09-07T13:20:36.2316166Z   signoff: false
update	Create pull request	2026-09-07T13:20:36.2316372Z   draft: false
update	Create pull request	2026-09-07T13:20:36.2316561Z env:
update	Create pull request	2026-09-07T13:20:36.2316756Z   TMPDIR: /home/runner/work/_temp
update	Create pull request	2026-09-07T13:20:36.2317002Z ##[endgroup]
update	Create pull request	2026-09-07T13:20:36.3190425Z ##[group]Prepare git configuration
update	Create pull request	2026-09-07T13:20:36.3201871Z (node:3066) [DEP0040] DeprecationWarning: The `punycode` module is deprecated. Please use a userland alternative instead.
update	Create pull request	2026-09-07T13:20:36.3203127Z (Use `node --trace-deprecation ...` to show where the warning was created)
update	Create pull request	2026-09-07T13:20:36.3273046Z [command]/usr/bin/git config --global --name-only --get-regexp safe.directory /home/runner/work/agentbox/agentbox
update	Create pull request	2026-09-07T13:20:36.3333366Z [command]/usr/bin/git config --global --add safe.directory /home/runner/work/agentbox/agentbox
update	Create pull request	2026-09-07T13:20:36.3371727Z [command]/usr/bin/git config --local --get remote.origin.url
update	Create pull request	2026-09-07T13:20:36.3404364Z https://github.com/DreamLab-AI/agentbox
update	Create pull request	2026-09-07T13:20:36.3419261Z [command]/usr/bin/git config --local --name-only --get-regexp http.https://github.com/.extraheader ^AUTHORIZATION:
update	Create pull request	2026-09-07T13:20:36.3447918Z http.https://github.com/.extraheader
update	Create pull request	2026-09-07T13:20:36.3463675Z [command]/usr/bin/git config --local --get-regexp http.https://github.com/.extraheader ^AUTHORIZATION:
update	Create pull request	2026-09-07T13:20:36.3499082Z http.https://github.com/.extraheader AUTHORIZATION: basic ***
update	Create pull request	2026-09-07T13:20:36.3502648Z [command]/usr/bin/git config --local --unset http.https://github.com/.extraheader ^AUTHORIZATION:
update	Create pull request	2026-09-07T13:20:36.3548595Z Unset config key 'http.https://github.com/.extraheader'
update	Create pull request	2026-09-07T13:20:36.3549804Z ##[endgroup]
update	Create pull request	2026-09-07T13:20:36.3550595Z ##[group]Determining the base and head repositories
update	Create pull request	2026-09-07T13:20:36.3630584Z ##[endgroup]
update	Create pull request	2026-09-07T13:20:36.3631455Z Pull request branch target repository set to DreamLab-AI/agentbox
update	Create pull request	2026-09-07T13:20:36.3632998Z ##[group]Configuring credential for HTTPS authentication
update	Create pull request	2026-09-07T13:20:36.3639275Z [command]/usr/bin/git config --local http.https://github.com/.extraheader AUTHORIZATION: basic ***
update	Create pull request	2026-09-07T13:20:36.3682607Z [command]/usr/bin/git rev-parse --git-dir
update	Create pull request	2026-09-07T13:20:36.3708504Z .git
update	Create pull request	2026-09-07T13:20:36.3731204Z ##[endgroup]
update	Create pull request	2026-09-07T13:20:36.3732456Z ##[group]Checking the base repository state
update	Create pull request	2026-09-07T13:20:36.3744220Z [command]/usr/bin/git symbolic-ref HEAD --short
update	Create pull request	2026-09-07T13:20:36.3772753Z main
update	Create pull request	2026-09-07T13:20:36.3777077Z Working base is branch 'main'
update	Create pull request	2026-09-07T13:20:36.3785872Z [command]/usr/bin/git remote prune origin
update	Create pull request	2026-09-07T13:20:36.7663621Z ##[endgroup]
update	Create pull request	2026-09-07T13:20:36.7664394Z Pull request branch to create or update set to 'deps/nix-flake-update'
update	Create pull request	2026-09-07T13:20:36.7665723Z ##[group]Configuring the committer and author
update	Create pull request	2026-09-07T13:20:36.7666948Z Configured git committer as 'github-actions[bot] <41898282+github-actions[bot]@users.noreply.github.com>'
update	Create pull request	2026-09-07T13:20:36.7668417Z Configured git author as 'jjohare <55586797+jjohare@users.noreply.github.com>'
update	Create pull request	2026-09-07T13:20:36.7669693Z ##[endgroup]
update	Create pull request	2026-09-07T13:20:36.7670587Z ##[group]Create or update the pull request branch
update	Create pull request	2026-09-07T13:20:36.7675912Z [command]/usr/bin/git symbolic-ref HEAD --short
update	Create pull request	2026-09-07T13:20:36.7707342Z main
update	Create pull request	2026-09-07T13:20:36.7711583Z Working base is branch 'main'
update	Create pull request	2026-09-07T13:20:36.7721141Z [command]/usr/bin/git checkout --progress -B a1ce0553-94b6-48a6-a63f-2f9b101ca4eb HEAD --
update	Create pull request	2026-09-07T13:20:36.7843229Z Switched to a new branch 'a1ce0553-94b6-48a6-a63f-2f9b101ca4eb'
update	Create pull request	2026-09-07T13:20:36.7845841Z M	flake.lock
update	Create pull request	2026-09-07T13:20:36.7856585Z [command]/usr/bin/git status --porcelain -unormal --
update	Create pull request	2026-09-07T13:20:36.8047250Z  M flake.lock
update	Create pull request	2026-09-07T13:20:36.8052628Z Uncommitted changes found. Adding a commit.
update	Create pull request	2026-09-07T13:20:36.8058243Z [command]/usr/bin/git add -A
update	Create pull request	2026-09-07T13:20:36.8281195Z [command]/usr/bin/git -c author.name=jjohare -c author.email=55586797+jjohare@users.noreply.github.com -c committer.name=github-actions[bot] -c committer.email=41898282+github-actions[bot]@users.noreply.github.com commit -m deps(nix): weekly flake input update
update	Create pull request	2026-09-07T13:20:36.8283602Z 
update	Create pull request	2026-09-07T13:20:36.8283953Z Auto-generated by .github/workflows/nix-flake-update.yml.
update	Create pull request	2026-09-07T13:20:36.8284689Z Review the diff of flake.lock and run `nix flake check` locally
update	Create pull request	2026-09-07T13:20:36.8285298Z before merging; CI's flake-check already passed on this PR.
update	Create pull request	2026-09-07T13:20:36.8397523Z [a1ce0553-94b6-48a6-a63f-2f9b101ca4eb 7e17343] deps(nix): weekly flake input update
update	Create pull request	2026-09-07T13:20:36.8398584Z  Author: jjohare <55586797+jjohare@users.noreply.github.com>
update	Create pull request	2026-09-07T13:20:36.8399299Z  1 file changed, 9 insertions(+), 9 deletions(-)
update	Create pull request	2026-09-07T13:20:36.8406625Z [command]/usr/bin/git stash push --include-untracked
update	Create pull request	2026-09-07T13:20:36.8609555Z No local changes to save
update	Create pull request	2026-09-07T13:20:36.8614096Z Resetting working base branch 'main'
update	Create pull request	2026-09-07T13:20:36.8618286Z [command]/usr/bin/git checkout --progress main --
update	Create pull request	2026-09-07T13:20:36.8736623Z Switched to branch 'main'
update	Create pull request	2026-09-07T13:20:36.8737917Z Your branch is up to date with 'origin/main'.
update	Create pull request	2026-09-07T13:20:36.8749364Z [command]/usr/bin/git reset --hard origin/main
update	Create pull request	2026-09-07T13:20:36.8909009Z HEAD is now at 771d96e docs(adr): qualify development-shell-only source repair
update	Create pull request	2026-09-07T13:20:36.8921064Z [command]/usr/bin/git rev-list --right-only --count main...a1ce0553-94b6-48a6-a63f-2f9b101ca4eb
update	Create pull request	2026-09-07T13:20:36.8953267Z 1
update	Create pull request	2026-09-07T13:20:36.8963602Z [command]/usr/bin/git -c protocol.version=2 fetch --no-tags --progress --no-recurse-submodules --force --depth=11 origin deps/nix-flake-update:refs/remotes/origin/deps/nix-flake-update
update	Create pull request	2026-09-07T13:20:37.2517246Z fatal: couldn't find remote ref deps/nix-flake-update
update	Create pull request	2026-09-07T13:20:37.2544906Z Pull request branch 'deps/nix-flake-update' does not exist yet.
update	Create pull request	2026-09-07T13:20:37.2549245Z [command]/usr/bin/git checkout --progress -B deps/nix-flake-update a1ce0553-94b6-48a6-a63f-2f9b101ca4eb --
update	Create pull request	2026-09-07T13:20:37.2692529Z Switched to a new branch 'deps/nix-flake-update'
update	Create pull request	2026-09-07T13:20:37.2707092Z [command]/usr/bin/git rev-list --right-only --count main...deps/nix-flake-update
update	Create pull request	2026-09-07T13:20:37.2740108Z 1
update	Create pull request	2026-09-07T13:20:37.2745610Z Created branch 'deps/nix-flake-update'
update	Create pull request	2026-09-07T13:20:37.2749933Z [command]/usr/bin/git rev-parse HEAD
update	Create pull request	2026-09-07T13:20:37.2776616Z 7e17343af06fbd5e422dc72bcc42bee71f6c5915
update	Create pull request	2026-09-07T13:20:37.2784063Z [command]/usr/bin/git branch --delete --force a1ce0553-94b6-48a6-a63f-2f9b101ca4eb
update	Create pull request	2026-09-07T13:20:37.2815691Z Deleted branch a1ce0553-94b6-48a6-a63f-2f9b101ca4eb (was 7e17343).
update	Create pull request	2026-09-07T13:20:37.2824578Z [command]/usr/bin/git checkout --progress main --
update	Create pull request	2026-09-07T13:20:37.2944356Z Switched to branch 'main'
update	Create pull request	2026-09-07T13:20:37.2946777Z Your branch is up to date with 'origin/main'.
update	Create pull request	2026-09-07T13:20:37.2954308Z ##[endgroup]
update	Create pull request	2026-09-07T13:20:37.2955031Z ##[group]Pushing pull request branch to 'origin/deps/nix-flake-update'
update	Create pull request	2026-09-07T13:20:37.2959508Z [command]/usr/bin/git push --force-with-lease origin deps/nix-flake-update:refs/heads/deps/nix-flake-update
update	Create pull request	2026-09-07T13:20:38.5867282Z remote: 
update	Create pull request	2026-09-07T13:20:38.5868013Z remote: Create a pull request for 'deps/nix-flake-update' on GitHub by visiting:        
update	Create pull request	2026-09-07T13:20:38.5868724Z remote:      https://github.com/DreamLab-AI/agentbox/pull/new/deps/nix-flake-update        
update	Create pull request	2026-09-07T13:20:38.5869310Z remote: 
update	Create pull request	2026-09-07T13:20:38.5873630Z To https://github.com/DreamLab-AI/agentbox
update	Create pull request	2026-09-07T13:20:38.5874475Z  * [new branch]      deps/nix-flake-update -> deps/nix-flake-update
update	Create pull request	2026-09-07T13:20:38.5917126Z ##[endgroup]
update	Create pull request	2026-09-07T13:20:38.5917840Z ##[group]Create or update the pull request
update	Create pull request	2026-09-07T13:20:38.5921355Z Attempting creation of pull request
update	Create pull request	2026-09-07T13:20:38.6209454Z (node:3066) [DEP0169] DeprecationWarning: `url.parse()` behavior is not standardized and prone to errors that have security implications. Use the WHATWG URL API instead. CVEs are not issued for `url.parse()` vulnerabilities.
update	Create pull request	2026-09-07T13:20:38.8570005Z ##[error]GitHub Actions is not permitted to create or approve pull requests.
update	Create pull request	2026-09-07T13:20:38.8582267Z ##[group]Restore git configuration
update	Create pull request	2026-09-07T13:20:38.8583300Z [command]/usr/bin/git config --local --name-only --get-regexp http.https://github.com/.extraheader ^AUTHORIZATION:
update	Create pull request	2026-09-07T13:20:38.8605426Z http.https://github.com/.extraheader
update	Create pull request	2026-09-07T13:20:38.8616526Z [command]/usr/bin/git config --local --get-regexp http.https://github.com/.extraheader ^AUTHORIZATION:
update	Create pull request	2026-09-07T13:20:38.8672668Z http.https://github.com/.extraheader AUTHORIZATION: basic ***
update	Create pull request	2026-09-07T13:20:38.8673798Z [command]/usr/bin/git config --local --unset http.https://github.com/.extraheader ^AUTHORIZATION:
update	Create pull request	2026-09-07T13:20:38.8711941Z Unset config key 'http.https://github.com/.extraheader'
update	Create pull request	2026-09-07T13:20:38.8717704Z [command]/usr/bin/git config --local http.https://github.com/.extraheader AUTHORIZATION: basic ***
update	Create pull request	2026-09-07T13:20:38.8762820Z Persisted git credentials restored
update	Create pull request	2026-09-07T13:20:38.8767657Z [command]/usr/bin/git config --global --unset safe.directory /home/runner/work/agentbox/agentbox
update	Create pull request	2026-09-07T13:20:38.8815826Z ##[endgroup]
