this derivation will be built:
  /nix/store/wv5r7r925pl0zp3d4fcsrn527x50f8y8-agentbox-secret-backup-0.1.0.drv
building '/nix/store/wv5r7r925pl0zp3d4fcsrn527x50f8y8-agentbox-secret-backup-0.1.0.drv'...
agentbox-secret-backup> Running phase: unpackPhase
agentbox-secret-backup> unpacking source archive /nix/store/hkac9mdy8lp1y7fh4bf2mb4b65hhfbim-source
agentbox-secret-backup> source root is source
agentbox-secret-backup> Executing cargoSetupPostUnpackHook
agentbox-secret-backup> Finished cargoSetupPostUnpackHook
agentbox-secret-backup> Running phase: patchPhase
agentbox-secret-backup> Executing cargoSetupPostPatchHook
agentbox-secret-backup> Validating consistency between /build/source/Cargo.lock and /build/cargo-vendor-dir/Cargo.lock
agentbox-secret-backup> Finished cargoSetupPostPatchHook
agentbox-secret-backup> Running phase: updateAutotoolsGnuConfigScriptsPhase
agentbox-secret-backup> Running phase: configurePhase
agentbox-secret-backup> Running phase: buildPhase
agentbox-secret-backup> Executing cargoBuildHook
agentbox-secret-backup> cargoBuildHook flags: -j 48 --target x86_64-unknown-linux-gnu --offline --profile release
agentbox-secret-backup>    Compiling proc-macro2 v1.0.107
agentbox-secret-backup>    Compiling unicode-ident v1.0.24
agentbox-secret-backup>    Compiling quote v1.0.47
agentbox-secret-backup>    Compiling typenum v1.20.1
agentbox-secret-backup>    Compiling libc v0.2.189
agentbox-secret-backup>    Compiling cfg-if v1.0.4
agentbox-secret-backup>    Compiling version_check v0.9.5
agentbox-secret-backup>    Compiling serde_core v1.0.229
agentbox-secret-backup>    Compiling serde v1.0.229
agentbox-secret-backup>    Compiling thiserror v1.0.69
agentbox-secret-backup>    Compiling subtle v2.6.1
agentbox-secret-backup>    Compiling parking_lot_core v0.9.12
agentbox-secret-backup>    Compiling unicase v2.9.0
agentbox-secret-backup>    Compiling const-oid v0.10.2
agentbox-secret-backup>    Compiling cpufeatures v0.3.1
agentbox-secret-backup>    Compiling cpufeatures v0.2.17
agentbox-secret-backup>    Compiling same-file v1.0.6
agentbox-secret-backup>    Compiling rustversion v1.0.23
agentbox-secret-backup>    Compiling mime v0.3.17
agentbox-secret-backup>    Compiling memchr v2.8.3
agentbox-secret-backup>    Compiling zerocopy v0.8.56
agentbox-secret-backup>    Compiling smallvec v1.16.0
agentbox-secret-backup>    Compiling futures-sink v0.3.34
agentbox-secret-backup>    Compiling futures-core v0.3.34
agentbox-secret-backup>    Compiling rustc-hash v2.1.3
agentbox-secret-backup>    Compiling futures-io v0.3.34
agentbox-secret-backup>    Compiling slab v0.4.12
agentbox-secret-backup>    Compiling futures-task v0.3.34
agentbox-secret-backup>    Compiling log v0.4.34
agentbox-secret-backup>    Compiling semver v1.0.28
agentbox-secret-backup>    Compiling self_cell v1.3.0
agentbox-secret-backup>    Compiling pin-project-lite v0.2.17
agentbox-secret-backup>    Compiling rustix v1.1.4
agentbox-secret-backup>    Compiling rustc-hash v1.1.0
agentbox-secret-backup>    Compiling scopeguard v1.2.0
agentbox-secret-backup>    Compiling utf8parse v0.2.2
agentbox-secret-backup>    Compiling linux-raw-sys v0.12.1
agentbox-secret-backup>    Compiling bitflags v2.13.1
agentbox-secret-backup>    Compiling opaque-debug v0.3.1
agentbox-secret-backup>    Compiling anstyle v1.0.14
agentbox-secret-backup>    Compiling getrandom v0.4.3
agentbox-secret-backup>    Compiling anstyle-query v1.1.5
agentbox-secret-backup>    Compiling colorchoice v1.0.5
agentbox-secret-backup>    Compiling is_terminal_polyfill v1.70.2
agentbox-secret-backup>    Compiling walkdir v2.5.0
agentbox-secret-backup>    Compiling type-map v0.5.1
agentbox-secret-backup>    Compiling futures-channel v0.3.34
agentbox-secret-backup>    Compiling self_cell v0.10.3
agentbox-secret-backup>    Compiling lock_api v0.4.14
agentbox-secret-backup>    Compiling minimal-lexical v0.2.1
agentbox-secret-backup>    Compiling anstyle-parse v1.0.0
agentbox-secret-backup>    Compiling anyhow v1.0.104
agentbox-secret-backup>    Compiling heck v0.5.0
agentbox-secret-backup>    Compiling strsim v0.11.1
agentbox-secret-backup>    Compiling clap_lex v1.1.0
agentbox-secret-backup>    Compiling base64 v0.21.7
agentbox-secret-backup>    Compiling mime_guess v2.0.5
agentbox-secret-backup>    Compiling io_tee v0.1.1
agentbox-secret-backup>    Compiling fastrand v2.5.0
agentbox-secret-backup>    Compiling once_cell v1.21.4
agentbox-secret-backup>    Compiling lazy_static v1.5.0
agentbox-secret-backup>    Compiling bech32 v0.9.1
agentbox-secret-backup>    Compiling rustc_version v0.4.1
agentbox-secret-backup>    Compiling generic-array v0.14.7
agentbox-secret-backup>    Compiling anstream v1.0.0
agentbox-secret-backup>    Compiling curve25519-dalek v4.1.3
agentbox-secret-backup>    Compiling clap_builder v4.6.6
agentbox-secret-backup>    Compiling nom v7.1.3
agentbox-secret-backup>    Compiling arc-swap v1.9.2
agentbox-secret-backup>    Compiling hybrid-array v0.4.14
agentbox-secret-backup>    Compiling syn v3.0.5
agentbox-secret-backup>    Compiling syn v2.0.119
agentbox-secret-backup>    Compiling proc-macro-error-attr2 v2.0.0
agentbox-secret-backup>    Compiling getrandom v0.2.17
agentbox-secret-backup>    Compiling filetime v0.2.29
agentbox-secret-backup>    Compiling block-buffer v0.12.1
agentbox-secret-backup>    Compiling crypto-common v0.2.2
agentbox-secret-backup>    Compiling parking_lot v0.12.5
agentbox-secret-backup>    Compiling rand_core v0.6.4
agentbox-secret-backup>    Compiling crypto-common v0.1.7
agentbox-secret-backup>    Compiling block-buffer v0.10.4
agentbox-secret-backup>    Compiling inout v0.1.4
agentbox-secret-backup>    Compiling universal-hash v0.5.1
agentbox-secret-backup>    Compiling aead v0.5.2
agentbox-secret-backup>    Compiling digest v0.10.7
agentbox-secret-backup>    Compiling poly1305 v0.8.0
agentbox-secret-backup>    Compiling hmac v0.12.1
agentbox-secret-backup>    Compiling sha2 v0.10.9
agentbox-secret-backup>    Compiling hkdf v0.12.4
agentbox-secret-backup>    Compiling pbkdf2 v0.12.2
agentbox-secret-backup>    Compiling digest v0.11.3
agentbox-secret-backup>    Compiling sha2 v0.11.0
agentbox-secret-backup>    Compiling xattr v1.6.1
agentbox-secret-backup>    Compiling tempfile v3.27.0
agentbox-secret-backup>    Compiling tar v0.4.46
agentbox-secret-backup>    Compiling rust-embed-utils v8.12.0
agentbox-secret-backup>    Compiling displaydoc v0.2.7
agentbox-secret-backup>    Compiling serde_derive v1.0.229
agentbox-secret-backup>    Compiling futures-macro v0.3.34
agentbox-secret-backup>    Compiling clap_derive v4.6.4
agentbox-secret-backup>    Compiling tinystr v0.8.4
agentbox-secret-backup>    Compiling proc-macro-error2 v2.0.1
agentbox-secret-backup>    Compiling futures-util v0.3.34
agentbox-secret-backup>    Compiling unic-langid-impl v0.9.6
agentbox-secret-backup>    Compiling ppv-lite86 v0.2.21
agentbox-secret-backup>    Compiling unic-langid v0.9.6
agentbox-secret-backup>    Compiling fluent-langneg v0.13.1
agentbox-secret-backup>    Compiling intl-memoizer v0.5.3
agentbox-secret-backup>    Compiling intl_pluralrules v7.0.2
agentbox-secret-backup>    Compiling thiserror-impl v1.0.69
agentbox-secret-backup>    Compiling zeroize_derive v1.5.0
agentbox-secret-backup>    Compiling rust-embed-impl v8.12.0
agentbox-secret-backup>    Compiling curve25519-dalek-derive v0.1.1
agentbox-secret-backup>    Compiling pin-project-internal v1.1.13
agentbox-secret-backup>    Compiling rand_chacha v0.3.1
agentbox-secret-backup>    Compiling rand v0.8.8
agentbox-secret-backup>    Compiling clap v4.6.6
agentbox-secret-backup>    Compiling zeroize v1.9.0
agentbox-secret-backup>    Compiling rust-embed v8.12.0
agentbox-secret-backup>    Compiling cipher v0.4.4
agentbox-secret-backup>    Compiling secrecy v0.10.3
agentbox-secret-backup>    Compiling secrecy v0.8.0
agentbox-secret-backup>    Compiling chacha20 v0.9.1
agentbox-secret-backup>    Compiling salsa20 v0.10.2
agentbox-secret-backup>    Compiling pin-project v1.1.13
agentbox-secret-backup>    Compiling scrypt v0.11.0
agentbox-secret-backup>    Compiling fluent-syntax v0.11.1
agentbox-secret-backup>    Compiling chacha20poly1305 v0.10.1
agentbox-secret-backup>    Compiling fluent-bundle v0.15.3
agentbox-secret-backup>    Compiling x25519-dalek v2.0.1
agentbox-secret-backup>    Compiling toml v0.5.11
agentbox-secret-backup>    Compiling basic-toml v0.1.10
agentbox-secret-backup>    Compiling fluent v0.16.1
agentbox-secret-backup>    Compiling i18n-config v0.4.8
agentbox-secret-backup>    Compiling find-crate v0.6.3
agentbox-secret-backup>    Compiling futures-executor v0.3.34
agentbox-secret-backup>    Compiling i18n-embed-impl v0.8.4
agentbox-secret-backup>    Compiling futures v0.3.34
agentbox-secret-backup>    Compiling cookie-factory v0.3.3
agentbox-secret-backup>    Compiling age-core v0.11.0
agentbox-secret-backup>    Compiling i18n-embed v0.15.4
agentbox-secret-backup>    Compiling i18n-embed-fl v0.9.4
agentbox-secret-backup>    Compiling age v0.11.5
agentbox-secret-backup>    Compiling agentbox-secret-backup v0.1.0 (/build/source)
agentbox-secret-backup> warning: unused import: `ExposeSecret`
agentbox-secret-backup>   --> src/main.rs:50:20
agentbox-secret-backup>    |
agentbox-secret-backup> 50 | use age::secrecy::{ExposeSecret, SecretString};
agentbox-secret-backup>    |                    ^^^^^^^^^^^^
agentbox-secret-backup>    |
agentbox-secret-backup>    = note: `#[warn(unused_imports)]` (part of `#[warn(unused)]`) on by default
agentbox-secret-backup> 
agentbox-secret-backup> warning: `agentbox-secret-backup` (bin "agentbox-secret-backup") generated 1 warning (run `cargo fix --bin "agentbox-secret-backup" -p agentbox-secret-backup` to apply 1 suggestion)
agentbox-secret-backup>     Finished `release` profile [optimized] target(s) in 8.94s
agentbox-secret-backup> Executing cargoInstallPostBuildHook
agentbox-secret-backup> Finished cargoInstallPostBuildHook
agentbox-secret-backup> Finished cargoBuildHook
agentbox-secret-backup> Running phase: checkPhase
agentbox-secret-backup> Executing cargoCheckHook
agentbox-secret-backup> cargoCheckHook flags: -j 48 --profile release --target x86_64-unknown-linux-gnu --offline --
agentbox-secret-backup>    Compiling agentbox-secret-backup v0.1.0 (/build/source)
agentbox-secret-backup>     Finished `release` profile [optimized] target(s) in 0.81s
agentbox-secret-backup>      Running unittests src/main.rs (target/x86_64-unknown-linux-gnu/release/deps/agentbox_secret_backup-df9f2be1210fa863)
agentbox-secret-backup> 
agentbox-secret-backup> running 8 tests
agentbox-secret-backup> test tests::restore_rejects_paths_that_escape_the_destination ... ok
agentbox-secret-backup> test tests::refuses_to_write_a_plaintext_archive ... ok
agentbox-secret-backup> test tests::excluded_ancestor_does_not_hide_the_requested_tree ... ok
agentbox-secret-backup> test tests::templates_and_vendored_trees_are_excluded ... ok
agentbox-secret-backup> test tests::a_recipient_encrypted_archive_needs_an_identity ... ok
agentbox-secret-backup> test tests::the_archive_is_owner_only_on_disk ... ok
agentbox-secret-backup> test tests::a_wrong_passphrase_fails_rather_than_returning_rubbish ... ok
agentbox-secret-backup> test tests::synthetic_backup_restores_byte_for_byte ... ok
agentbox-secret-backup> 
agentbox-secret-backup> test result: ok. 8 passed; 0 failed; 0 ignored; 0 measured; 0 filtered out; finished in 2.93s
agentbox-secret-backup> 
agentbox-secret-backup> Finished cargoCheckHook
agentbox-secret-backup> Running phase: installPhase
agentbox-secret-backup> Executing cargoInstallHook
agentbox-secret-backup> Finished cargoInstallHook
agentbox-secret-backup> Running phase: fixupPhase
agentbox-secret-backup> shrinking RPATHs of ELF executables and libraries in /nix/store/m38cz0c8cvv4k7naqbzqy47w8knq3x63-agentbox-secret-backup-0.1.0
agentbox-secret-backup> shrinking /nix/store/m38cz0c8cvv4k7naqbzqy47w8knq3x63-agentbox-secret-backup-0.1.0/bin/agentbox-secret-backup
agentbox-secret-backup> checking for references to /build/ in /nix/store/m38cz0c8cvv4k7naqbzqy47w8knq3x63-agentbox-secret-backup-0.1.0...
agentbox-secret-backup> patching script interpreter paths in /nix/store/m38cz0c8cvv4k7naqbzqy47w8knq3x63-agentbox-secret-backup-0.1.0
agentbox-secret-backup> stripping (with command strip and flags -S -p) in  /nix/store/m38cz0c8cvv4k7naqbzqy47w8knq3x63-agentbox-secret-backup-0.1.0/bin
CUSTODY_NIX_BUILD_PASS
