warning: Git tree '/home/john/githubs/visionflow-hp/agentbox-closeout-2026-09-07' is dirty
evaluation warning: cudaPackages.cuda_cccl is deprecated, use cccl instead
these 3 derivations will be built:
  /nix/store/srhi40zndw0chr3mjp2hsw14vgdzqgq2-21b053ac62f3137de42585611953e923577d0e10.patch.drv
  /nix/store/qwwz2sxy84n4slkyff4jirbihqk3qvhf-skopeo-1.21.0.drv
  /nix/store/5pq650ybxkhis9ikh8jdsly9hpwkzkih-copy-to-docker-daemon.drv
these 91 paths will be fetched (85.3 MiB download, 351.2 MiB unpacked):
  /nix/store/b71g29x4vc7a7vvzrhsd6rqr5v2rylna-ShellCheck-0.11.0
  /nix/store/4anki7bidfcks7vm1489hj3qrkfq9r0v-btrfs-progs-6.17.1
  /nix/store/0h44xmkblgg5imipi7qpf9ss7cl9wfqx-curl-8.17.0
  /nix/store/9638asp8jz5lhdy5inlc6chgr78d80gp-curl-8.17.0-bin
  /nix/store/3b9b905aq3zxzm9d48kk69khka7a8gbz-curl-8.17.0-dev
  /nix/store/hqqwd0fnj1narkk4f04sa5az75zl2216-curl-8.17.0-man
  /nix/store/669vkv3svmr1yq9g6xlxkljizf3ax9rr-cyrus-sasl-2.1.28
  /nix/store/xrrdz9ryg5acvafws5s1dc2x0rb0y3ds-db-5.3.28
  /nix/store/3lq26d4nmwgh8cy0h55spgb3bxc7l504-die-hook
  /nix/store/mm46q244vsra1nq8f1mcmmaj649rlcm6-dns-root-data-2025-04-14
  /nix/store/z9f6g6j0jv8vvk9n1kc2k8pyzkghdh2r-e2fsprogs-1.47.3
  /nix/store/1nqqjacc6dnj61jlpgz5hk9zdjbfidbr-elfutils-0.194
  /nix/store/1i69p13yvgsmzjcv1z86m1arhrjin6wv-fuse-3.17.4
  /nix/store/p0db1kgr77r36s742kb712ajvl5v88za-fuse-overlayfs-1.16
  /nix/store/cky5dqng037hhbd41arkza29cv0hqab6-gdbm-1.26-lib
  /nix/store/5qdsnc26nv61j5rrw492f19xav2rz45v-glib-2.86.1
  /nix/store/6mhypw5m1hbqn2glq4lhrlhbgdczdka5-glib-2.86.1-bin
  /nix/store/g1zvzj5msg1d92jj2z9hn3b9n68rp8ap-glib-2.86.1-dev
  /nix/store/l1fi677mcxsa175gf0zvpk68kf1calbn-glibc-iconv-2.40
  /nix/store/54jkwsavi3fdciqfyjmbilq0jhvv4jga-gmp-with-cxx-6.3.0
  /nix/store/0i1vlhh0ivpjc7dvxz77wr5csr9n9aak-gnupg-2.4.8
  /nix/store/b1ls1x1kwbciv5642ccr2sbyyjf38qsr-gnutls-3.8.10
  /nix/store/kkr4wrl610pbpi25r426rygnp8kjg0r9-go-md2man-2.0.7
  /nix/store/7fap3j0cdqdqq4b2k5a72qnfqwcgygap-gpgme-1.24.3
  /nix/store/4d4cx5lrjh203b9qry8zan4klsxmr5fx-gpgme-1.24.3-dev
  /nix/store/8kkk61czc0z479f7lsnxlias0wccrn4w-install-shell-files
  /nix/store/64q3424klqaq5bq409nrmjmiyrs04k2a-json-c-0.18
  /nix/store/zxr1wwzn6rx1plcjmhq7q07w2v56kwha-krb5-1.22.1
  /nix/store/z377ips67w2bkx51nxj3cb5qbdfzq39c-krb5-1.22.1-dev
  /nix/store/rlzpsbmc9hnx6k87anhsjsda4w5cis1r-krb5-1.22.1-lib
  /nix/store/4s2n89izlwpbz6j6jxz1n7z8fdi108rb-libaio-0.3.113
  /nix/store/5csnygqkyfbs041w14yjrdjw4z87mzxj-libassuan-3.0.2
  /nix/store/inwa44z4r5sxihkjmfyfp3pc85r0k35p-libassuan-3.0.2-dev
  /nix/store/l486byj55nq10ys3jbgszd2hywkxbq7l-libcap-2.77-lib
  /nix/store/vlkfrrqv62winskx680jk366b8zpaswj-libcap-ng-0.8.5
  /nix/store/58lnfa43dm43r4wy8mppqxh6n5xgwqpc-libevent-2.1.12
  /nix/store/b9p0zpa93hwvh4d0r1rmgc2500yx2ldn-libffi-3.5.2
  /nix/store/9pvv6nip8hbk19ca24wmncjir9pv8vas-libffi-3.5.2-dev
  /nix/store/za9aw3rh2zqwdqx16z3vbc4b24cvp9yp-libgcrypt-1.11.2-lib
  /nix/store/5ypn9k7qcpnmwxq4nhmzgwb2pxrljny8-libgpg-error-1.55
  /nix/store/qr3y1ynr57jfl4n4q8lzc9mbhyl20w57-libgpg-error-1.55-dev
  /nix/store/1maqg9w2c7wjsyfx9a4a22g0ckdzss63-libksba-1.6.7
  /nix/store/xnaf2w53yacjg7h3127ks7gf61pcs3n8-libselinux-3.8.1
  /nix/store/3d0pz2rax1v3b05lwjqlm4zi6dklnhs5-libsodium-1.0.20
  /nix/store/j4c131m5x9f6r3lhs3mrzd4mg43cjmvq-libssh2-1.11.1
  /nix/store/jcmk7nf7sq5bqg7gzxsxw1gls7sx9x3k-libssh2-1.11.1-dev
  /nix/store/bs1i28xzj6hm9m24kvz8xgv2wq6n0knc-libtasn1-4.20.0
  /nix/store/iyfsa404as14l70rvwp5bsx8w2y9kdfv-libtool-2.5.4-lib
  /nix/store/f7w4nw08ckj6gsyg1s7pr23cqycxlx5g-libtpms-0.10.1
  /nix/store/00s3yaabi3v8y64qq5jwgg5g4dlnmcpq-libusb-1.0.29
  /nix/store/06dqjacsjv5gdgfhva8k3jjzsx8hx9nq-libxcrypt-4.5.2
  /nix/store/2n0wdr38w7ibms8l0d9wp7a3axa3zk08-lvm2-2.03.35
  /nix/store/1byhxs7b28grh8s15jc2dvs2zg36swjb-lvm2-2.03.35-bin
  /nix/store/xaxfcyscmn8h5a7v1fa2a1ibi3v3hjmx-lvm2-2.03.35-dev
  /nix/store/pnp0vmkw6ndm4xa3aa9b2vj7q9z9yp75-lvm2-2.03.35-lib
  /nix/store/k988mrk2fwhsbsy4pp2rcndvprwh643k-lzo-2.10
  /nix/store/6l9mndwn2z52njn5shabyqc3jr3bxmla-make-shell-wrapper-hook
  /nix/store/qzq0zgdll6w629vg1wca07g13923hh3m-mirrors-list
  /nix/store/lcwnhmdd6fqf84y35ll4i6ivi2x8vvd5-mpdecimal-4.0.1
  /nix/store/793ckp67jri2sdksr5a51g1wvv58y4hw-nettle-3.10.2
  /nix/store/76v4qr9maz676m9wxwnmzw6y3hr0bcci-nghttp2-1.67.1
  /nix/store/csckvk1669gr7z4698738d3qz2wi0n3g-nghttp2-1.67.1-dev
  /nix/store/4maakp5y26m6v8v8cqvwwrm3cqj3q0rk-nghttp2-1.67.1-lib
  /nix/store/y6wg05lbxkcxpd3vihszqla9jhd600vn-npth-1.8
  /nix/store/gdni20c8009xdz8gms6yn1r2hfhmk1jk-numactl-2.0.18
  /nix/store/7h6h7yfhy14633jblam3jhc01yyhixg1-openldap-2.6.9
  /nix/store/cfj0v8i7aim9ybb45raq3jiwssr43bh6-openssl-3.6.0
  /nix/store/xbxv3324s83rklvywq8pngvlbk62y3lk-openssl-3.6.0-bin
  /nix/store/ccilc0vq8a5qvmjgp6qyg1jrfgjkrff4-openssl-3.6.0-dev
  /nix/store/xddfwlk4yizb33a1swx63irf3gjk9sg8-p11-kit-0.25.10
  /nix/store/2p8gci32rh7id80v5k3xc595m5w58wyf-patchutils-0.3.4
  /nix/store/f554mh8ypc7n4ywzcgj81mlrq6ilh84r-patchutils-0.4.2
  /nix/store/hsgy97sia1wzbm8xvf2w2bib37ya0v87-pcsclite-2.3.0-lib
  /nix/store/h2jsb5i4yfblr2f3ac2c7zpmlmj7zjym-perl-5.40.0
  /nix/store/n8szh3cyw3qbi21324dgnvxz9gvcyfll-pkg-config-0.29.2
  /nix/store/8vdiwpbh0g4avsd6x5v4s0di32vcl3dp-pkg-config-wrapper-0.29.2
  /nix/store/ndy4i2rpbjawg7n2znbbzim641qyczl0-policy
  /nix/store/bzxhbz29kzkvq03idrlk7l10wlv0ls30-pth-2.0.7
  /nix/store/3lll9y925zz9393sa59h653xik66srjb-python3-3.13.9
  /nix/store/084z0az33fpli83kchv6n42pa064708r-python3.13-packaging-25.0
  /nix/store/c3jchrvy8v04hgw3wq9wffgkq4mhc398-source
  /nix/store/l30c488dws7z5mazacqsmj25izb9jlp2-sqlite-3.50.4
  /nix/store/q5fmjr9s9968bkv5bm3al5517x27bm19-systemd-minimal-libs-258.2
  /nix/store/xsf0bz2ikvimps02zyk65jm75yw9n6a0-tpm2-tss-4.1.3
  /nix/store/n1wvbpsf2q7gvc6jx0wv5i7s4bap22v2-unbound-1.24.1-lib
  /nix/store/f8g8bglgcsn7dqa61skfkvdnjjqc9wvy-util-linux-minimal-2.41.2-bin
  /nix/store/mzl19fy0j4fl395z3pbkwxcmkxi1733v-util-linux-minimal-2.41.2-lib
  /nix/store/s768cxanwwpx5pc27c8mvhcgpls1sfg5-util-linux-minimal-2.41.2-login
  /nix/store/1nj9gsd7dfax5h6pd0mqd8vjamqrw29y-util-linux-minimal-2.41.2-mount
  /nix/store/03b4rm7xnjvix12j32dmi44k8jxz6px1-util-linux-minimal-2.41.2-swap
  /nix/store/hqvsiah013yzb17b13fn18fpqk7m13cg-zlib-1.3.1-dev
copying path '/nix/store/kkr4wrl610pbpi25r426rygnp8kjg0r9-go-md2man-2.0.7' from 'https://cache.nixos.org'...
copying path '/nix/store/8kkk61czc0z479f7lsnxlias0wccrn4w-install-shell-files' from 'https://cache.nixos.org'...
copying path '/nix/store/ndy4i2rpbjawg7n2znbbzim641qyczl0-policy' from 'https://cache.nixos.org'...
copying path '/nix/store/c3jchrvy8v04hgw3wq9wffgkq4mhc398-source' from 'https://cache.nixos.org'...
copying path '/nix/store/54jkwsavi3fdciqfyjmbilq0jhvv4jga-gmp-with-cxx-6.3.0' from 'https://cache.nixos.org'...
copying path '/nix/store/b9p0zpa93hwvh4d0r1rmgc2500yx2ldn-libffi-3.5.2' from 'https://cache.nixos.org'...
copying path '/nix/store/gdni20c8009xdz8gms6yn1r2hfhmk1jk-numactl-2.0.18' from 'https://cache.nixos.org'...
copying path '/nix/store/3lq26d4nmwgh8cy0h55spgb3bxc7l504-die-hook' from 'https://cache.nixos.org'...
copying path '/nix/store/qzq0zgdll6w629vg1wca07g13923hh3m-mirrors-list' from 'https://cache.nixos.org'...
copying path '/nix/store/64q3424klqaq5bq409nrmjmiyrs04k2a-json-c-0.18' from 'https://cache.nixos.org'...
copying path '/nix/store/5ypn9k7qcpnmwxq4nhmzgwb2pxrljny8-libgpg-error-1.55' from 'https://cache.nixos.org'...
copying path '/nix/store/k988mrk2fwhsbsy4pp2rcndvprwh643k-lzo-2.10' from 'https://cache.nixos.org'...
copying path '/nix/store/n8szh3cyw3qbi21324dgnvxz9gvcyfll-pkg-config-0.29.2' from 'https://cache.nixos.org'...
copying path '/nix/store/bzxhbz29kzkvq03idrlk7l10wlv0ls30-pth-2.0.7' from 'https://cache.nixos.org'...
copying path '/nix/store/mzl19fy0j4fl395z3pbkwxcmkxi1733v-util-linux-minimal-2.41.2-lib' from 'https://cache.nixos.org'...
copying path '/nix/store/hqqwd0fnj1narkk4f04sa5az75zl2216-curl-8.17.0-man' from 'https://cache.nixos.org'...
copying path '/nix/store/cfj0v8i7aim9ybb45raq3jiwssr43bh6-openssl-3.6.0' from 'https://cache.nixos.org'...
copying path '/nix/store/hqvsiah013yzb17b13fn18fpqk7m13cg-zlib-1.3.1-dev' from 'https://cache.nixos.org'...
copying path '/nix/store/4maakp5y26m6v8v8cqvwwrm3cqj3q0rk-nghttp2-1.67.1-lib' from 'https://cache.nixos.org'...
copying path '/nix/store/6l9mndwn2z52njn5shabyqc3jr3bxmla-make-shell-wrapper-hook' from 'https://cache.nixos.org'...
copying path '/nix/store/58lnfa43dm43r4wy8mppqxh6n5xgwqpc-libevent-2.1.12' from 'https://cache.nixos.org'...
copying path '/nix/store/9pvv6nip8hbk19ca24wmncjir9pv8vas-libffi-3.5.2-dev' from 'https://cache.nixos.org'...
copying path '/nix/store/1nqqjacc6dnj61jlpgz5hk9zdjbfidbr-elfutils-0.194' from 'https://cache.nixos.org'...
copying path '/nix/store/l1fi677mcxsa175gf0zvpk68kf1calbn-glibc-iconv-2.40' from 'https://cache.nixos.org'...
copying path '/nix/store/4s2n89izlwpbz6j6jxz1n7z8fdi108rb-libaio-0.3.113' from 'https://cache.nixos.org'...
copying path '/nix/store/06dqjacsjv5gdgfhva8k3jjzsx8hx9nq-libxcrypt-4.5.2' from 'https://cache.nixos.org'...
copying path '/nix/store/xnaf2w53yacjg7h3127ks7gf61pcs3n8-libselinux-3.8.1' from 'https://cache.nixos.org'...
copying path '/nix/store/l486byj55nq10ys3jbgszd2hywkxbq7l-libcap-2.77-lib' from 'https://cache.nixos.org'...
copying path '/nix/store/hsgy97sia1wzbm8xvf2w2bib37ya0v87-pcsclite-2.3.0-lib' from 'https://cache.nixos.org'...
copying path '/nix/store/l30c488dws7z5mazacqsmj25izb9jlp2-sqlite-3.50.4' from 'https://cache.nixos.org'...
copying path '/nix/store/y6wg05lbxkcxpd3vihszqla9jhd600vn-npth-1.8' from 'https://cache.nixos.org'...
copying path '/nix/store/mm46q244vsra1nq8f1mcmmaj649rlcm6-dns-root-data-2025-04-14' from 'https://cache.nixos.org'...
copying path '/nix/store/76v4qr9maz676m9wxwnmzw6y3hr0bcci-nghttp2-1.67.1' from 'https://cache.nixos.org'...
copying path '/nix/store/xrrdz9ryg5acvafws5s1dc2x0rb0y3ds-db-5.3.28' from 'https://cache.nixos.org'...
copying path '/nix/store/cky5dqng037hhbd41arkza29cv0hqab6-gdbm-1.26-lib' from 'https://cache.nixos.org'...
copying path '/nix/store/lcwnhmdd6fqf84y35ll4i6ivi2x8vvd5-mpdecimal-4.0.1' from 'https://cache.nixos.org'...
copying path '/nix/store/3d0pz2rax1v3b05lwjqlm4zi6dklnhs5-libsodium-1.0.20' from 'https://cache.nixos.org'...
copying path '/nix/store/csckvk1669gr7z4698738d3qz2wi0n3g-nghttp2-1.67.1-dev' from 'https://cache.nixos.org'...
copying path '/nix/store/h2jsb5i4yfblr2f3ac2c7zpmlmj7zjym-perl-5.40.0' from 'https://cache.nixos.org'...
copying path '/nix/store/s768cxanwwpx5pc27c8mvhcgpls1sfg5-util-linux-minimal-2.41.2-login' from 'https://cache.nixos.org'...
copying path '/nix/store/qr3y1ynr57jfl4n4q8lzc9mbhyl20w57-libgpg-error-1.55-dev' from 'https://cache.nixos.org'...
copying path '/nix/store/1maqg9w2c7wjsyfx9a4a22g0ckdzss63-libksba-1.6.7' from 'https://cache.nixos.org'...
copying path '/nix/store/8vdiwpbh0g4avsd6x5v4s0di32vcl3dp-pkg-config-wrapper-0.29.2' from 'https://cache.nixos.org'...
copying path '/nix/store/5csnygqkyfbs041w14yjrdjw4z87mzxj-libassuan-3.0.2' from 'https://cache.nixos.org'...
copying path '/nix/store/q5fmjr9s9968bkv5bm3al5517x27bm19-systemd-minimal-libs-258.2' from 'https://cache.nixos.org'...
copying path '/nix/store/za9aw3rh2zqwdqx16z3vbc4b24cvp9yp-libgcrypt-1.11.2-lib' from 'https://cache.nixos.org'...
copying path '/nix/store/793ckp67jri2sdksr5a51g1wvv58y4hw-nettle-3.10.2' from 'https://cache.nixos.org'...
copying path '/nix/store/bs1i28xzj6hm9m24kvz8xgv2wq6n0knc-libtasn1-4.20.0' from 'https://cache.nixos.org'...
copying path '/nix/store/vlkfrrqv62winskx680jk366b8zpaswj-libcap-ng-0.8.5' from 'https://cache.nixos.org'...
copying path '/nix/store/iyfsa404as14l70rvwp5bsx8w2y9kdfv-libtool-2.5.4-lib' from 'https://cache.nixos.org'...
copying path '/nix/store/inwa44z4r5sxihkjmfyfp3pc85r0k35p-libassuan-3.0.2-dev' from 'https://cache.nixos.org'...
copying path '/nix/store/xddfwlk4yizb33a1swx63irf3gjk9sg8-p11-kit-0.25.10' from 'https://cache.nixos.org'...
copying path '/nix/store/f7w4nw08ckj6gsyg1s7pr23cqycxlx5g-libtpms-0.10.1' from 'https://cache.nixos.org'...
copying path '/nix/store/z9f6g6j0jv8vvk9n1kc2k8pyzkghdh2r-e2fsprogs-1.47.3' from 'https://cache.nixos.org'...
copying path '/nix/store/5qdsnc26nv61j5rrw492f19xav2rz45v-glib-2.86.1' from 'https://cache.nixos.org'...
copying path '/nix/store/1nj9gsd7dfax5h6pd0mqd8vjamqrw29y-util-linux-minimal-2.41.2-mount' from 'https://cache.nixos.org'...
copying path '/nix/store/03b4rm7xnjvix12j32dmi44k8jxz6px1-util-linux-minimal-2.41.2-swap' from 'https://cache.nixos.org'...
copying path '/nix/store/f8g8bglgcsn7dqa61skfkvdnjjqc9wvy-util-linux-minimal-2.41.2-bin' from 'https://cache.nixos.org'...
copying path '/nix/store/b71g29x4vc7a7vvzrhsd6rqr5v2rylna-ShellCheck-0.11.0' from 'https://cache.nixos.org'...
copying path '/nix/store/n1wvbpsf2q7gvc6jx0wv5i7s4bap22v2-unbound-1.24.1-lib' from 'https://cache.nixos.org'...
copying path '/nix/store/xsf0bz2ikvimps02zyk65jm75yw9n6a0-tpm2-tss-4.1.3' from 'https://cache.nixos.org'...
copying path '/nix/store/3lll9y925zz9393sa59h653xik66srjb-python3-3.13.9' from 'https://cache.nixos.org'...
copying path '/nix/store/669vkv3svmr1yq9g6xlxkljizf3ax9rr-cyrus-sasl-2.1.28' from 'https://cache.nixos.org'...
copying path '/nix/store/b1ls1x1kwbciv5642ccr2sbyyjf38qsr-gnutls-3.8.10' from 'https://cache.nixos.org'...
copying path '/nix/store/00s3yaabi3v8y64qq5jwgg5g4dlnmcpq-libusb-1.0.29' from 'https://cache.nixos.org'...
copying path '/nix/store/pnp0vmkw6ndm4xa3aa9b2vj7q9z9yp75-lvm2-2.03.35-lib' from 'https://cache.nixos.org'...
copying path '/nix/store/4anki7bidfcks7vm1489hj3qrkfq9r0v-btrfs-progs-6.17.1' from 'https://cache.nixos.org'...
copying path '/nix/store/7h6h7yfhy14633jblam3jhc01yyhixg1-openldap-2.6.9' from 'https://cache.nixos.org'...
copying path '/nix/store/1byhxs7b28grh8s15jc2dvs2zg36swjb-lvm2-2.03.35-bin' from 'https://cache.nixos.org'...
copying path '/nix/store/1i69p13yvgsmzjcv1z86m1arhrjin6wv-fuse-3.17.4' from 'https://cache.nixos.org'...
copying path '/nix/store/p0db1kgr77r36s742kb712ajvl5v88za-fuse-overlayfs-1.16' from 'https://cache.nixos.org'...
copying path '/nix/store/rlzpsbmc9hnx6k87anhsjsda4w5cis1r-krb5-1.22.1-lib' from 'https://cache.nixos.org'...
copying path '/nix/store/j4c131m5x9f6r3lhs3mrzd4mg43cjmvq-libssh2-1.11.1' from 'https://cache.nixos.org'...
copying path '/nix/store/xbxv3324s83rklvywq8pngvlbk62y3lk-openssl-3.6.0-bin' from 'https://cache.nixos.org'...
copying path '/nix/store/2n0wdr38w7ibms8l0d9wp7a3axa3zk08-lvm2-2.03.35' from 'https://cache.nixos.org'...
copying path '/nix/store/0i1vlhh0ivpjc7dvxz77wr5csr9n9aak-gnupg-2.4.8' from 'https://cache.nixos.org'...
copying path '/nix/store/xaxfcyscmn8h5a7v1fa2a1ibi3v3hjmx-lvm2-2.03.35-dev' from 'https://cache.nixos.org'...
copying path '/nix/store/ccilc0vq8a5qvmjgp6qyg1jrfgjkrff4-openssl-3.6.0-dev' from 'https://cache.nixos.org'...
copying path '/nix/store/6mhypw5m1hbqn2glq4lhrlhbgdczdka5-glib-2.86.1-bin' from 'https://cache.nixos.org'...
copying path '/nix/store/0h44xmkblgg5imipi7qpf9ss7cl9wfqx-curl-8.17.0' from 'https://cache.nixos.org'...
copying path '/nix/store/zxr1wwzn6rx1plcjmhq7q07w2v56kwha-krb5-1.22.1' from 'https://cache.nixos.org'...
copying path '/nix/store/jcmk7nf7sq5bqg7gzxsxw1gls7sx9x3k-libssh2-1.11.1-dev' from 'https://cache.nixos.org'...
copying path '/nix/store/z377ips67w2bkx51nxj3cb5qbdfzq39c-krb5-1.22.1-dev' from 'https://cache.nixos.org'...
copying path '/nix/store/9638asp8jz5lhdy5inlc6chgr78d80gp-curl-8.17.0-bin' from 'https://cache.nixos.org'...
copying path '/nix/store/3b9b905aq3zxzm9d48kk69khka7a8gbz-curl-8.17.0-dev' from 'https://cache.nixos.org'...
copying path '/nix/store/7fap3j0cdqdqq4b2k5a72qnfqwcgygap-gpgme-1.24.3' from 'https://cache.nixos.org'...
copying path '/nix/store/2p8gci32rh7id80v5k3xc595m5w58wyf-patchutils-0.3.4' from 'https://cache.nixos.org'...
copying path '/nix/store/f554mh8ypc7n4ywzcgj81mlrq6ilh84r-patchutils-0.4.2' from 'https://cache.nixos.org'...
copying path '/nix/store/084z0az33fpli83kchv6n42pa064708r-python3.13-packaging-25.0' from 'https://cache.nixos.org'...
building '/nix/store/srhi40zndw0chr3mjp2hsw14vgdzqgq2-21b053ac62f3137de42585611953e923577d0e10.patch.drv'...
copying path '/nix/store/g1zvzj5msg1d92jj2z9hn3b9n68rp8ap-glib-2.86.1-dev' from 'https://cache.nixos.org'...
copying path '/nix/store/4d4cx5lrjh203b9qry8zan4klsxmr5fx-gpgme-1.24.3-dev' from 'https://cache.nixos.org'...
building '/nix/store/qwwz2sxy84n4slkyff4jirbihqk3qvhf-skopeo-1.21.0.drv'...
building '/nix/store/5pq650ybxkhis9ikh8jdsly9hpwkzkih-copy-to-docker-daemon.drv'...
Copy to Docker daemon image agentbox:runtime-x86_64-linux
Getting image source signatures
Copying blob sha256:9fd6f7d9d9a96cc3e32a321bef56e43cc98f07c6b900c82759a700f5a1c4d247
Copying blob sha256:5cd5724997e52bc1c61245e06558a07d2d173b459ab28e8edd11aa478e00148f
Copying blob sha256:9fbc1d981383e5a6e4cfd3d3f7c129e50652c5c83764e68cf0a439bf4771e9f9
Copying blob sha256:35f63de175939b3e15c2838d8fcb0c417fd5b508fde45f6917804982effa7e45
Copying blob sha256:c5643487e9bc2d31696d6c45896c1b022ebc99a84ea85802dea6b6067217bc15
Copying blob sha256:fc88cebb8a3ff44fbf287b17f056235174c00f1da1b6b6b73b0e623518fa0a3f
Copying blob sha256:5805d997290689c84272bcadf467e7d37fdca62694916da5219911171ab901b8
Copying blob sha256:a97bace3c064e8a72573a7650e406f1ac33088f241759ab8dd2d54f38e2637ed
Copying blob sha256:dbfda59eeec0a9fb0ea2d7ed379ec21e94a6e604d35a7c1c58857249dbb9ebd9
Copying blob sha256:3f9938e0e1021ada1b627661e4bc7ab9773c7af547327c8736d9efee3603f473
Copying blob sha256:0ad1d49cd9fda89ecf0a6dffa3c5c82ae5b874dbb1e6cabf6cbf741dbae4f03c
Copying blob sha256:07cb260d25f6ab8554a2d5169e7316e24b00b3a16784ee6a6c1c00e1714c4a29
Copying blob sha256:48d0253793e1ba97cf0f3157645d80e5f2db37b403bcac430e75ed4322826eae
Copying blob sha256:5ac346640c3522823ab0ea7fb71bc12a9418917457d172701cd7bed3b396272c
Copying blob sha256:43e9b7ff4342382d246044e6e56ac6f9151538d05851bb4eb5d5785eaa6cbf05
Copying blob sha256:16ed0ecb1e2ade2d944bfde3989d11db385df956d238e09c7b75ca0e1d26daf0
Copying blob sha256:15f3e3e9f1f29a55faeb7b0c2d1b4ded7c14c20dbe635c656c5ec6ab5e357063
Copying blob sha256:65a3fdec576d31dcd6667e4cca9061b168d59b5de6f5e813e89f411da995d4cd
Copying blob sha256:7417ab74c28e683d9390e9efa0d844fc0586b510fddb22fbffca5a203e32461b
Copying blob sha256:982d2a881617d46f7a0a735e59003800c2fc838ebb5b84a129a0c3d41ba2be30
Copying blob sha256:aaedc593450b260f1c177859fe1b72bf0d2a1c3f0bbc0c32aee8426cc70415df
Copying blob sha256:dc135a1f2c9bd3c665ea175764af8bac7ce27e8a5b9f5ca96ec33a538f4b17cf
Copying blob sha256:95622fd6edf7bf0a6ad94f35650668f5f54de133cbd17a1ae81d963468511347
Copying blob sha256:651aad1e5a2b69b525436c0d8dce3c4a4357773e0492cbe2aed33179e1a5587e
Copying blob sha256:0179fd1c7896e48746b66bf5895696f2603e4a0506a1b33e378b9f46d5750069
Copying blob sha256:b9f39332d54921ef69c7323743c33db69435456155f15d5bb722f562c0e01f32
Copying blob sha256:919439c31ba01bc8923874fe516bdba3f2f6b5538fbdee6641a6bbb19e2da74a
Copying blob sha256:b25386ca36a977b6e84a89c305f54c022a3694397285ac0e090e67c1f8b31abe
Copying blob sha256:bc23ceeaea0ee8dbfdc784324744f0f2fb794583e80ebc511b685ba2003e8245
Copying blob sha256:87af886de6dd3a5593de27884a91c68ac7b610149430df073b44a0353eff5b94
Copying blob sha256:696019bdd295c91c6bdd25fcb827055fbdecb016658fcbd7347c6051b70814e0
Copying blob sha256:607a6e66ff4b010da4e17ceb12710931fd1963c0fc36743e13042901c9f06fbc
Copying blob sha256:67512cfae114588281be2ad8b2e515dac670f37176ee81b5b03fdf4b79e6b00d
Copying blob sha256:97c5571e79d2527994aa7fcfa7e9e711568d69f936236ce93352c4749f219a38
Copying blob sha256:2a3c26419f84b7f55befa578ee1cf1c8ecdbfdf13c83c792129d4428100616e1
Copying blob sha256:5fcd56afab4eeaa2bb33538e8d8f40d8abe25d679cfbf99e94a9c93d39c81941
Copying blob sha256:e8e577b276499cbb0579820f1b742741a9f120f5f6c1bc8cf9c61fb3bb4f4f21
Copying blob sha256:0f06315a14ce48a1b4163b1a0fc9dc3d3d142593c9172dec4858290177f5ac76
Copying blob sha256:556812a75350b4a669e9ae8e0d8afe55590901ecc201ec114496f2cd7ee05c3d
Copying blob sha256:57a681827ea2a5af989a808fafeb5a1ead9ee4784a2227771f0e0d7469081d0b
Copying blob sha256:e25de37ffac1d08fda6310784bda7aae78bfc758166fb81c5ab08fe849530a42
Copying blob sha256:40bd09361f8d67b7c42504fde3918d7389c4c013190668a480d82644e95efe56
Copying blob sha256:14a7b696ef72b6a41670d7d505de1de75de5652a0b17ffcf3ea407f72dd31514
Copying blob sha256:00e12b84fe3cccdd944e0a93bb46b78b91732566031b66185cfb337bd887363e
Copying blob sha256:c42732236786d5c1aec418cc47dc6b9d64b68b02fcc72472b3b8686ab02d612f
Copying blob sha256:8905b3b236e538bab1e17c59b7b1028c81bc83b2338ffbdf74fa2d0d33a3cf1f
Copying blob sha256:75df255b72f9563389eaa90e6e56945783b54701199c9ff678cfb82bb681bf56
Copying blob sha256:2545bafb2ab6355d54bd60a934ae9ce0857729a4635e28f9dbcffe804a5636b8
Copying blob sha256:25ea0234bcfa6f281a836a81f8b77a9e269505f1261a958505b53407e4c73109
Copying blob sha256:fd51002bd31152050655ff5aa930e6bca1edfdf4b6f9779242c239c4feefc6d0
Copying blob sha256:687fafe01cf990758c6c809654b55cfeacfc3e3c60749a2bc2b37e0e9d681033
Copying blob sha256:630c5339eb3846cadec6add9a02effee00764d7cc3c2535a7ca1a177afdd8b5c
Copying blob sha256:60c5aa6edb60a5f8630faed8ccbc0f6b567cd7978a4e8b8e370505f80abe87c4
Copying blob sha256:04d02bd40aa59ace02bf033917acf93e2b3f9de4a943377acd893d46c8175a9b
Copying blob sha256:4e875a4c1a220393cd8f0d9535a27aa1c82187540d354721d541b7236f701661
Copying blob sha256:747db9d31a9d1304db12a2c44b8bdd7f52d7074468a1f6f86d09e5344e0561b0
Copying blob sha256:1910b78e7ec1738c8538bce8e076fec7b8e0be0d046b357951fff417c3b04d74
Copying blob sha256:55c6d19ff740192334ab5aacfc550105bf17df66e60f23c0fdf0dfdac7d1f6d4
Copying blob sha256:d97ed0b620404824a44ca1f90409939e66bc2915fd2c45b65fc01170ab37a06b
Copying blob sha256:28b15410779b0f83b9aa990e19a173528d381e271c5a6576a6f735b4811baa8c
Copying blob sha256:11e174b228de4e98e6d84a5b2fcd9b49fddb3f1bc041804c3647d97f9f40e10f
Copying blob sha256:4d2118b9f08d41615a7b2ef567ef86d6f3e9f9a0a34115d5edea1cac2097fbce
Copying blob sha256:e9bc2804e8939ca672dabb2c02a19a64df34bdd8d6bccf0298f21a286c79a0e9
Copying blob sha256:cc73536320ebcdac73f15a7515e7486403c0f98eb59338572e1871bd7dc50e79
Copying blob sha256:bb1829ac2d6de08c136f729584e038d8455fa521ae20bd217faa36c2ae916827
Copying blob sha256:50f2e4fffe4e5c08c48e3c587e8329eca2ba6bc51452b5694cfb41841fb04f44
Copying blob sha256:182e187845f26cd00f9264608848795cdeffe9ae3dbde4ee8f651be8247fc892
Copying blob sha256:ab40f94c3a58e33ed1e850db2cb0b2376fb546234d28d1d897ae5a44f03b2382
Copying blob sha256:27593e6c19b67777c7e4e624279776c7198ce4e9d28b178891c3b1d4df38b12e
Copying blob sha256:385a9b4a11e652eb695cfa16fdc4c55dd08aff8c7661fd7a3c8d67824a17478f
Copying blob sha256:6608db97868dfd409d23c5afc74fbb2a9ef331ee67687de69f56a909199cf536
Copying blob sha256:c7a45284c0154460d597537e51f1726156a953342ea3b634b1e300d818656bd4
Copying blob sha256:6fb76c1bb4f1a5517fa4406d4c8e4c34b2fda968ed41d101368eb9abf82ca0a9
Copying blob sha256:404053ceff4a91a8ee2ed52440ae30dcc485b4fa5fce185003c52c14ea958cc5
Copying blob sha256:926055796148078450ccdf108a3a0d2f458736ae9afcb65393951c5d924d27ff
Copying blob sha256:4d180c6ce5f10ba4f0baf63734432b826f3f124261eaaf2870d6a2affe0e2301
Copying blob sha256:e8733803c8136f47409ad0ce898bda0f2d533630327c728cfc598f499793cc1d
Copying blob sha256:d1c14f48a1e47ea25ebcb3791787091d72ea77c0c56ee3803681ee244ec0da64
Copying blob sha256:957e68e3ef1d209828a5b097c91db582c37f2283040637efaae946f53802ae1c
Copying blob sha256:31b28e956bbc8a727154557c1354ac2a1a53f77eaacb7cc95cefb6ab3103f723
Copying blob sha256:2d15819424ecc900a6bbd03356e97d819058ba24c142ce739b8438ca049124a0
Copying blob sha256:9d2e8c6e5c792882e46f076442fafcdb53876651c20bae145ffce99216cc9c08
Copying blob sha256:cfdcc6c1e4fd90cf46a6b8e4ea9b008c49d0a68591de534ec63c8800b3cd69ad
Copying blob sha256:fdd414d55c524c92fc2a915b19d50d747d6cbc1455fcd65f60b9e8be946623cb
Copying blob sha256:da6cfaded918cdb980e588175535f660bff99375f7db256002264da306ec2f6f
Copying blob sha256:c3909a2082714b2af891c3b69b2454f2fbb0e96270f100a0d5bae3c4a6f1da7b
Copying blob sha256:19e26b3ef0f5cb742def8fd1b761a742684219b92302b83590481185b0ef5781
Copying blob sha256:f30ae9e7a3d5f80ac5e77c36e50223b4ad48d4d8184966c937c8be5d0069f884
Copying blob sha256:926fdb7abc19b0ed5103973f0cfd8ab569873867911fa4be384976d2ae943303
Copying blob sha256:1de630a102bfb0fcd48c8522da02fdb4034c71d6354ed25637b33c30355c8a29
Copying blob sha256:6819dd80faeb41788037e8f79dbfd672a9a348c69c56c6104221d1065d23831b
Copying blob sha256:8b97c87691ff5bd66f11ccbeb212470508a4561fa5b9679514af48d1b4e47479
Copying blob sha256:ee16f5437f5d2cd06c070b97963adda1aaa05ac2b3414997bf02a1d106e1f8e5
Copying blob sha256:6e6d7482b3dc35ff0a78d9b21d277d2b692fde2bdbc4d966cbfce1e12182784d
Copying blob sha256:fd437fd144dc656731f1838b5f475551431a9fb47f1ededd2635b536d13f1013
Copying blob sha256:f801010fa97eae3c5d225e9fa6463c5a3f680f769899b8cdfde2413fc24bf694
Copying blob sha256:00450a3fb07b8b8ce624219c0599edd473190b9d3b0edc3f0072b3271c6aa069
Copying blob sha256:3ab00fd786d62bd555cfcec294967187bca32a1710631aa9556e67f3f4f5ca7b
Copying blob sha256:edca888fd10c4b90308f76efe5e2d0097bcb821e70245b343f9f0741f649bf39
Copying blob sha256:269678ec26f1f0504e4405a586deeb2b98e09c7aa924eada158ac0ef0677072d
Copying blob sha256:5ee5ba89ea1a0394d47e4d3e58a9bf45cf6b9f8e523aa6762319c9189876ae24
Copying blob sha256:f10a156efe375472b38703a6450ed9a8a0c097a525227ab81be2a4f861f16d92
Copying blob sha256:19218ace37318c2770d842f252687547567d1b16b4947990bf2520affe37376b
Copying blob sha256:5f500fc7cf3a52c94e855c52f9ac13bce092096e888ad81062dc17b53921393e
Copying config sha256:dc2785587fa8b36372955b113ba087ed7db287574dfed1ccd0a69568e31af518
Writing manifest to image destination
LOADED_IMAGE=sha256:e3fbe18fabba3bde91c3378654c33d951ec1df7b715aabc5c4adeb6a9549c85e
