Refreshing run status every 3 seconds. Press Ctrl+C to quit.

* main Rust contracts · 34121825633
Triggered via push about 5 minutes ago

JOBS
* contracts (ID 101741381704)
  ✓ Set up job
  ✓ Run actions/checkout@11bd71901bbe5b1630ceea73d27597364c9af683
  ✓ Run actions/checkout@11bd71901bbe5b1630ceea73d27597364c9af683
  ✓ Select Rust 1.98.0
  ✓ Verify selected dependency source
  ✓ Format
  * Hermetic Rust contracts
  * Published-generation reload guard
  * Post Run actions/checkout@11bd71901bbe5b1630ceea73d27597364c9af683
  * Post Run actions/checkout@11bd71901bbe5b1630ceea73d27597364c9af683
Refreshing run status every 3 seconds. Press Ctrl+C to quit.

* main Rust contracts · 34121825633
Triggered via push about 5 minutes ago

JOBS
* contracts (ID 101741381704)
  ✓ Set up job
  ✓ Run actions/checkout@11bd71901bbe5b1630ceea73d27597364c9af683
  ✓ Run actions/checkout@11bd71901bbe5b1630ceea73d27597364c9af683
  ✓ Select Rust 1.98.0
  ✓ Verify selected dependency source
  ✓ Format
  * Hermetic Rust contracts
  * Published-generation reload guard
  * Post Run actions/checkout@11bd71901bbe5b1630ceea73d27597364c9af683
  * Post Run actions/checkout@11bd71901bbe5b1630ceea73d27597364c9af683
Refreshing run status every 3 seconds. Press Ctrl+C to quit.

* main Rust contracts · 34121825633
Triggered via push about 5 minutes ago

JOBS
* contracts (ID 101741381704)
  ✓ Set up job
  ✓ Run actions/checkout@11bd71901bbe5b1630ceea73d27597364c9af683
  ✓ Run actions/checkout@11bd71901bbe5b1630ceea73d27597364c9af683
  ✓ Select Rust 1.98.0
  ✓ Verify selected dependency source
  ✓ Format
  * Hermetic Rust contracts
  * Published-generation reload guard
  * Post Run actions/checkout@11bd71901bbe5b1630ceea73d27597364c9af683
  * Post Run actions/checkout@11bd71901bbe5b1630ceea73d27597364c9af683
Refreshing run status every 3 seconds. Press Ctrl+C to quit.

* main Rust contracts · 34121825633
Triggered via push about 5 minutes ago

JOBS
* contracts (ID 101741381704)
  ✓ Set up job
  ✓ Run actions/checkout@11bd71901bbe5b1630ceea73d27597364c9af683
  ✓ Run actions/checkout@11bd71901bbe5b1630ceea73d27597364c9af683
  ✓ Select Rust 1.98.0
  ✓ Verify selected dependency source
  ✓ Format
  * Hermetic Rust contracts
  * Published-generation reload guard
  * Post Run actions/checkout@11bd71901bbe5b1630ceea73d27597364c9af683
  * Post Run actions/checkout@11bd71901bbe5b1630ceea73d27597364c9af683
Refreshing run status every 3 seconds. Press Ctrl+C to quit.

* main Rust contracts · 34121825633
Triggered via push about 5 minutes ago

JOBS
* contracts (ID 101741381704)
  ✓ Set up job
  ✓ Run actions/checkout@11bd71901bbe5b1630ceea73d27597364c9af683
  ✓ Run actions/checkout@11bd71901bbe5b1630ceea73d27597364c9af683
  ✓ Select Rust 1.98.0
  ✓ Verify selected dependency source
  ✓ Format
  * Hermetic Rust contracts
  * Published-generation reload guard
  * Post Run actions/checkout@11bd71901bbe5b1630ceea73d27597364c9af683
  * Post Run actions/checkout@11bd71901bbe5b1630ceea73d27597364c9af683
Refreshing run status every 3 seconds. Press Ctrl+C to quit.

* main Rust contracts · 34121825633
Triggered via push about 5 minutes ago

JOBS
* contracts (ID 101741381704)
  ✓ Set up job
  ✓ Run actions/checkout@11bd71901bbe5b1630ceea73d27597364c9af683
  ✓ Run actions/checkout@11bd71901bbe5b1630ceea73d27597364c9af683
  ✓ Select Rust 1.98.0
  ✓ Verify selected dependency source
  ✓ Format
  * Hermetic Rust contracts
  * Published-generation reload guard
  * Post Run actions/checkout@11bd71901bbe5b1630ceea73d27597364c9af683
  * Post Run actions/checkout@11bd71901bbe5b1630ceea73d27597364c9af683
Refreshing run status every 3 seconds. Press Ctrl+C to quit.

* main Rust contracts · 34121825633
Triggered via push about 5 minutes ago

JOBS
* contracts (ID 101741381704)
  ✓ Set up job
  ✓ Run actions/checkout@11bd71901bbe5b1630ceea73d27597364c9af683
  ✓ Run actions/checkout@11bd71901bbe5b1630ceea73d27597364c9af683
  ✓ Select Rust 1.98.0
  ✓ Verify selected dependency source
  ✓ Format
  * Hermetic Rust contracts
  * Published-generation reload guard
  * Post Run actions/checkout@11bd71901bbe5b1630ceea73d27597364c9af683
  * Post Run actions/checkout@11bd71901bbe5b1630ceea73d27597364c9af683
Refreshing run status every 3 seconds. Press Ctrl+C to quit.

* main Rust contracts · 34121825633
Triggered via push about 5 minutes ago

JOBS
* contracts (ID 101741381704)
  ✓ Set up job
  ✓ Run actions/checkout@11bd71901bbe5b1630ceea73d27597364c9af683
  ✓ Run actions/checkout@11bd71901bbe5b1630ceea73d27597364c9af683
  ✓ Select Rust 1.98.0
  ✓ Verify selected dependency source
  ✓ Format
  * Hermetic Rust contracts
  * Published-generation reload guard
  * Post Run actions/checkout@11bd71901bbe5b1630ceea73d27597364c9af683
  * Post Run actions/checkout@11bd71901bbe5b1630ceea73d27597364c9af683
Refreshing run status every 3 seconds. Press Ctrl+C to quit.

* main Rust contracts · 34121825633
Triggered via push about 5 minutes ago

JOBS
* contracts (ID 101741381704)
  ✓ Set up job
  ✓ Run actions/checkout@11bd71901bbe5b1630ceea73d27597364c9af683
  ✓ Run actions/checkout@11bd71901bbe5b1630ceea73d27597364c9af683
  ✓ Select Rust 1.98.0
  ✓ Verify selected dependency source
  ✓ Format
  * Hermetic Rust contracts
  * Published-generation reload guard
  * Post Run actions/checkout@11bd71901bbe5b1630ceea73d27597364c9af683
  * Post Run actions/checkout@11bd71901bbe5b1630ceea73d27597364c9af683
Refreshing run status every 3 seconds. Press Ctrl+C to quit.

* main Rust contracts · 34121825633
Triggered via push about 5 minutes ago

JOBS
* contracts (ID 101741381704)
  ✓ Set up job
  ✓ Run actions/checkout@11bd71901bbe5b1630ceea73d27597364c9af683
  ✓ Run actions/checkout@11bd71901bbe5b1630ceea73d27597364c9af683
  ✓ Select Rust 1.98.0
  ✓ Verify selected dependency source
  ✓ Format
  * Hermetic Rust contracts
  * Published-generation reload guard
  * Post Run actions/checkout@11bd71901bbe5b1630ceea73d27597364c9af683
  * Post Run actions/checkout@11bd71901bbe5b1630ceea73d27597364c9af683
Refreshing run status every 3 seconds. Press Ctrl+C to quit.

* main Rust contracts · 34121825633
Triggered via push about 5 minutes ago

JOBS
* contracts (ID 101741381704)
  ✓ Set up job
  ✓ Run actions/checkout@11bd71901bbe5b1630ceea73d27597364c9af683
  ✓ Run actions/checkout@11bd71901bbe5b1630ceea73d27597364c9af683
  ✓ Select Rust 1.98.0
  ✓ Verify selected dependency source
  ✓ Format
  * Hermetic Rust contracts
  * Published-generation reload guard
  * Post Run actions/checkout@11bd71901bbe5b1630ceea73d27597364c9af683
  * Post Run actions/checkout@11bd71901bbe5b1630ceea73d27597364c9af683
Refreshing run status every 3 seconds. Press Ctrl+C to quit.

* main Rust contracts · 34121825633
Triggered via push about 5 minutes ago

JOBS
* contracts (ID 101741381704)
  ✓ Set up job
  ✓ Run actions/checkout@11bd71901bbe5b1630ceea73d27597364c9af683
  ✓ Run actions/checkout@11bd71901bbe5b1630ceea73d27597364c9af683
  ✓ Select Rust 1.98.0
  ✓ Verify selected dependency source
  ✓ Format
  * Hermetic Rust contracts
  * Published-generation reload guard
  * Post Run actions/checkout@11bd71901bbe5b1630ceea73d27597364c9af683
  * Post Run actions/checkout@11bd71901bbe5b1630ceea73d27597364c9af683
Refreshing run status every 3 seconds. Press Ctrl+C to quit.

* main Rust contracts · 34121825633
Triggered via push about 5 minutes ago

JOBS
* contracts (ID 101741381704)
  ✓ Set up job
  ✓ Run actions/checkout@11bd71901bbe5b1630ceea73d27597364c9af683
  ✓ Run actions/checkout@11bd71901bbe5b1630ceea73d27597364c9af683
  ✓ Select Rust 1.98.0
  ✓ Verify selected dependency source
  ✓ Format
  * Hermetic Rust contracts
  * Published-generation reload guard
  * Post Run actions/checkout@11bd71901bbe5b1630ceea73d27597364c9af683
  * Post Run actions/checkout@11bd71901bbe5b1630ceea73d27597364c9af683
Refreshing run status every 3 seconds. Press Ctrl+C to quit.

* main Rust contracts · 34121825633
Triggered via push about 5 minutes ago

JOBS
* contracts (ID 101741381704)
  ✓ Set up job
  ✓ Run actions/checkout@11bd71901bbe5b1630ceea73d27597364c9af683
  ✓ Run actions/checkout@11bd71901bbe5b1630ceea73d27597364c9af683
  ✓ Select Rust 1.98.0
  ✓ Verify selected dependency source
  ✓ Format
  * Hermetic Rust contracts
  * Published-generation reload guard
  * Post Run actions/checkout@11bd71901bbe5b1630ceea73d27597364c9af683
  * Post Run actions/checkout@11bd71901bbe5b1630ceea73d27597364c9af683
Refreshing run status every 3 seconds. Press Ctrl+C to quit.

* main Rust contracts · 34121825633
Triggered via push about 6 minutes ago

JOBS
* contracts (ID 101741381704)
  ✓ Set up job
  ✓ Run actions/checkout@11bd71901bbe5b1630ceea73d27597364c9af683
  ✓ Run actions/checkout@11bd71901bbe5b1630ceea73d27597364c9af683
  ✓ Select Rust 1.98.0
  ✓ Verify selected dependency source
  ✓ Format
  * Hermetic Rust contracts
  * Published-generation reload guard
  * Post Run actions/checkout@11bd71901bbe5b1630ceea73d27597364c9af683
  * Post Run actions/checkout@11bd71901bbe5b1630ceea73d27597364c9af683
Refreshing run status every 3 seconds. Press Ctrl+C to quit.

* main Rust contracts · 34121825633
Triggered via push about 6 minutes ago

JOBS
* contracts (ID 101741381704)
  ✓ Set up job
  ✓ Run actions/checkout@11bd71901bbe5b1630ceea73d27597364c9af683
  ✓ Run actions/checkout@11bd71901bbe5b1630ceea73d27597364c9af683
  ✓ Select Rust 1.98.0
  ✓ Verify selected dependency source
  ✓ Format
  * Hermetic Rust contracts
  * Published-generation reload guard
  * Post Run actions/checkout@11bd71901bbe5b1630ceea73d27597364c9af683
  * Post Run actions/checkout@11bd71901bbe5b1630ceea73d27597364c9af683
Refreshing run status every 3 seconds. Press Ctrl+C to quit.

* main Rust contracts · 34121825633
Triggered via push about 6 minutes ago

JOBS
* contracts (ID 101741381704)
  ✓ Set up job
  ✓ Run actions/checkout@11bd71901bbe5b1630ceea73d27597364c9af683
  ✓ Run actions/checkout@11bd71901bbe5b1630ceea73d27597364c9af683
  ✓ Select Rust 1.98.0
  ✓ Verify selected dependency source
  ✓ Format
  * Hermetic Rust contracts
  * Published-generation reload guard
  * Post Run actions/checkout@11bd71901bbe5b1630ceea73d27597364c9af683
  * Post Run actions/checkout@11bd71901bbe5b1630ceea73d27597364c9af683
Refreshing run status every 3 seconds. Press Ctrl+C to quit.

* main Rust contracts · 34121825633
Triggered via push about 6 minutes ago

JOBS
* contracts (ID 101741381704)
  ✓ Set up job
  ✓ Run actions/checkout@11bd71901bbe5b1630ceea73d27597364c9af683
  ✓ Run actions/checkout@11bd71901bbe5b1630ceea73d27597364c9af683
  ✓ Select Rust 1.98.0
  ✓ Verify selected dependency source
  ✓ Format
  * Hermetic Rust contracts
  * Published-generation reload guard
  * Post Run actions/checkout@11bd71901bbe5b1630ceea73d27597364c9af683
  * Post Run actions/checkout@11bd71901bbe5b1630ceea73d27597364c9af683
Refreshing run status every 3 seconds. Press Ctrl+C to quit.

* main Rust contracts · 34121825633
Triggered via push about 6 minutes ago

JOBS
* contracts (ID 101741381704)
  ✓ Set up job
  ✓ Run actions/checkout@11bd71901bbe5b1630ceea73d27597364c9af683
  ✓ Run actions/checkout@11bd71901bbe5b1630ceea73d27597364c9af683
  ✓ Select Rust 1.98.0
  ✓ Verify selected dependency source
  ✓ Format
  * Hermetic Rust contracts
  * Published-generation reload guard
  * Post Run actions/checkout@11bd71901bbe5b1630ceea73d27597364c9af683
  * Post Run actions/checkout@11bd71901bbe5b1630ceea73d27597364c9af683
Refreshing run status every 3 seconds. Press Ctrl+C to quit.

* main Rust contracts · 34121825633
Triggered via push about 6 minutes ago

JOBS
* contracts (ID 101741381704)
  ✓ Set up job
  ✓ Run actions/checkout@11bd71901bbe5b1630ceea73d27597364c9af683
  ✓ Run actions/checkout@11bd71901bbe5b1630ceea73d27597364c9af683
  ✓ Select Rust 1.98.0
  ✓ Verify selected dependency source
  ✓ Format
  * Hermetic Rust contracts
  * Published-generation reload guard
  * Post Run actions/checkout@11bd71901bbe5b1630ceea73d27597364c9af683
  * Post Run actions/checkout@11bd71901bbe5b1630ceea73d27597364c9af683
Refreshing run status every 3 seconds. Press Ctrl+C to quit.

* main Rust contracts · 34121825633
Triggered via push about 6 minutes ago

JOBS
* contracts (ID 101741381704)
  ✓ Set up job
  ✓ Run actions/checkout@11bd71901bbe5b1630ceea73d27597364c9af683
  ✓ Run actions/checkout@11bd71901bbe5b1630ceea73d27597364c9af683
  ✓ Select Rust 1.98.0
  ✓ Verify selected dependency source
  ✓ Format
  * Hermetic Rust contracts
  * Published-generation reload guard
  * Post Run actions/checkout@11bd71901bbe5b1630ceea73d27597364c9af683
  * Post Run actions/checkout@11bd71901bbe5b1630ceea73d27597364c9af683
Refreshing run status every 3 seconds. Press Ctrl+C to quit.

* main Rust contracts · 34121825633
Triggered via push about 6 minutes ago

JOBS
* contracts (ID 101741381704)
  ✓ Set up job
  ✓ Run actions/checkout@11bd71901bbe5b1630ceea73d27597364c9af683
  ✓ Run actions/checkout@11bd71901bbe5b1630ceea73d27597364c9af683
  ✓ Select Rust 1.98.0
  ✓ Verify selected dependency source
  ✓ Format
  * Hermetic Rust contracts
  * Published-generation reload guard
  * Post Run actions/checkout@11bd71901bbe5b1630ceea73d27597364c9af683
  * Post Run actions/checkout@11bd71901bbe5b1630ceea73d27597364c9af683
Refreshing run status every 3 seconds. Press Ctrl+C to quit.

* main Rust contracts · 34121825633
Triggered via push about 6 minutes ago

JOBS
* contracts (ID 101741381704)
  ✓ Set up job
  ✓ Run actions/checkout@11bd71901bbe5b1630ceea73d27597364c9af683
  ✓ Run actions/checkout@11bd71901bbe5b1630ceea73d27597364c9af683
  ✓ Select Rust 1.98.0
  ✓ Verify selected dependency source
  ✓ Format
  ✓ Hermetic Rust contracts
  ✓ Published-generation reload guard
  * Post Run actions/checkout@11bd71901bbe5b1630ceea73d27597364c9af683
  * Post Run actions/checkout@11bd71901bbe5b1630ceea73d27597364c9af683
✓ main Rust contracts · 34121825633
Triggered via push about 6 minutes ago

JOBS
✓ contracts in 6m30s (ID 101741381704)
  ✓ Set up job
  ✓ Run actions/checkout@11bd71901bbe5b1630ceea73d27597364c9af683
  ✓ Run actions/checkout@11bd71901bbe5b1630ceea73d27597364c9af683
  ✓ Select Rust 1.98.0
  ✓ Verify selected dependency source
  ✓ Format
  ✓ Hermetic Rust contracts
  ✓ Published-generation reload guard
  ✓ Post Run actions/checkout@11bd71901bbe5b1630ceea73d27597364c9af683
  ✓ Post Run actions/checkout@11bd71901bbe5b1630ceea73d27597364c9af683
  ✓ Complete job

ANNOTATIONS
! Node.js 20 is deprecated. The following actions target Node.js 20 but are being forced to run on Node.js 24: actions/checkout@11bd71901bbe5b1630ceea73d27597364c9af683. For more information see: https://github.blog/changelog/2025-09-19-deprecation-of-node-20-on-github-actions-runners/
contracts: .github#2

